2026-07-21 00:18:27.406468: I tensorflow/core/platform/cpu_feature_guard.cc:210] This TensorFlow binary is optimized to use available CPU instructions in performance-critical operations.
To enable the following instructions: AVX2 FMA, in other operations, rebuild TensorFlow with the appropriate compiler flags.
2026-07-21 00:18:51.861520: I external/local_xla/xla/tsl/cuda/cudart_stub.cc:31] Could not find cuda drivers on your machine, GPU will not be used.
ERROR:qbiocode.data_adapters.tdc_admet_loader:Failed to prepare Caco2_Wang: [Errno 2] No such file or directory: 'data/admet/_tdc_raw'
ERROR:qbiocode.data_adapters.tdc_admet_loader:Failed to prepare HIA_Hou: [Errno 2] No such file or directory: 'data/admet/_tdc_raw'
ERROR:qbiocode.data_adapters.tdc_admet_loader:Failed to prepare Pgp_Broccatelli: [Errno 2] No such file or directory: 'data/admet/_tdc_raw'
ERROR:qbiocode.data_adapters.tdc_admet_loader:Failed to prepare Bioavailability_Ma: [Errno 2] No such file or directory: 'data/admet/_tdc_raw'
ERROR:qbiocode.data_adapters.tdc_admet_loader:Failed to prepare Lipophilicity_AstraZeneca: [Errno 2] No such file or directory: 'data/admet/_tdc_raw'
ERROR:qbiocode.data_adapters.tdc_admet_loader:Failed to prepare Solubility_AqSolDB: [Errno 2] No such file or directory: 'data/admet/_tdc_raw'
ERROR:qbiocode.data_adapters.tdc_admet_loader:Failed to prepare BBB_Martins: [Errno 2] No such file or directory: 'data/admet/_tdc_raw'
ERROR:qbiocode.data_adapters.tdc_admet_loader:Failed to prepare PPBR_AstraZeneca: [Errno 2] No such file or directory: 'data/admet/_tdc_raw'
ERROR:qbiocode.data_adapters.tdc_admet_loader:Failed to prepare VDss_Lombardo: [Errno 2] No such file or directory: 'data/admet/_tdc_raw'
ERROR:qbiocode.data_adapters.tdc_admet_loader:Failed to prepare CYP2C19_Veith: [Errno 2] No such file or directory: 'data/admet/_tdc_raw'
ERROR:qbiocode.data_adapters.tdc_admet_loader:Failed to prepare CYP2D6_Veith: [Errno 2] No such file or directory: 'data/admet/_tdc_raw'
ERROR:qbiocode.data_adapters.tdc_admet_loader:Failed to prepare CYP3A4_Veith: [Errno 2] No such file or directory: 'data/admet/_tdc_raw'
ERROR:qbiocode.data_adapters.tdc_admet_loader:Failed to prepare CYP1A2_Veith: [Errno 2] No such file or directory: 'data/admet/_tdc_raw'
ERROR:qbiocode.data_adapters.tdc_admet_loader:Failed to prepare CYP2C9_Veith: [Errno 2] No such file or directory: 'data/admet/_tdc_raw'
ERROR:qbiocode.data_adapters.tdc_admet_loader:Failed to prepare CYP2C9_Substrate_CarbonMangels: [Errno 2] No such file or directory: 'data/admet/_tdc_raw'
ERROR:qbiocode.data_adapters.tdc_admet_loader:Failed to prepare CYP2D6_Substrate_CarbonMangels: [Errno 2] No such file or directory: 'data/admet/_tdc_raw'
ERROR:qbiocode.data_adapters.tdc_admet_loader:Failed to prepare CYP3A4_Substrate_CarbonMangels: [Errno 2] No such file or directory: 'data/admet/_tdc_raw'
ERROR:qbiocode.data_adapters.tdc_admet_loader:Failed to prepare Half_Life_Obach: [Errno 2] No such file or directory: 'data/admet/_tdc_raw'
ERROR:qbiocode.data_adapters.tdc_admet_loader:Failed to prepare Clearance_Hepatocyte_AZ: [Errno 2] No such file or directory: 'data/admet/_tdc_raw'
ERROR:qbiocode.data_adapters.tdc_admet_loader:Failed to prepare hERG: [Errno 2] No such file or directory: 'data/admet/_tdc_raw'
ERROR:qbiocode.data_adapters.tdc_admet_loader:Failed to prepare AMES: [Errno 2] No such file or directory: 'data/admet/_tdc_raw'
ERROR:qbiocode.data_adapters.tdc_admet_loader:Failed to prepare DILI: [Errno 2] No such file or directory: 'data/admet/_tdc_raw'
