
------------------------------------------------------------
Sender: LSF System <lsfadmin@zu-a100-c05-03.zuvela.ibm.com>
Subject: Job 38403: <admet_prepare> in cluster <ZuVela_FP15> Exited

Job <admet_prepare> was submitted from host <zu-login-02> by user <bkwon> in cluster <ZuVela_FP15> at Thu Jul 23 02:45:00 2026
Job was executed on host(s) <4*zu-a100-c05-03>, in queue <normal>, as user <bkwon> in cluster <ZuVela_FP15> at Thu Jul 23 02:45:00 2026
</u/bkwon> was used as the home directory.
</proj/bmfm/users/bckwon/projects/QBioCode> was used as the working directory.
Started at Thu Jul 23 02:45:00 2026
Terminated at Thu Jul 23 04:45:33 2026
Results reported at Thu Jul 23 04:45:33 2026

Your job looked like:

------------------------------------------------------------
# LSBATCH: User input
#!/usr/bin/env bash
#==============================================================================
# LSF Job: Phase 1 — ADMET Dataset Preparation
#
# Downloads all 22 TDC ADMET endpoints, applies binarization, and
# featurizes with ECFP4, MACCS, and RDKit200.
#
# Submit from repo root:
#   bsub < experiments/admet_benchmark/lsf/job_01_prepare.sh
#
# Estimated wall time: ~30 min (mostly TDC network I/O + RDKit compute)
#==============================================================================

#BSUB -J admet_prepare
#BSUB -q normal
#BSUB -n 4
#BSUB -R "span[hosts=1]"
#BSUB -R "rusage[mem=8000]"
#BSUB -W 02:00
#BSUB -o logs/admet/prepare_%J.out
#BSUB -e logs/admet/prepare_%J.err
#BSUB -cwd /proj/bmfm/users/bckwon/projects/QBioCode

set -euo pipefail

REPO_ROOT="/proj/bmfm/users/bckwon/projects/QBioCode"
PYTHON="${REPO_ROOT}/.venv/bin/python"
LOG_DIR="${REPO_ROOT}/logs/admet"

mkdir -p "${LOG_DIR}"

echo "======================================================"
echo "Job ID       : ${LSB_JOBID:-local}"
echo "Host         : $(hostname)"
echo "Start time   : $(date)"
echo "Repo root    : ${REPO_ROOT}"
echo "Python       : ${PYTHON}"
echo "======================================================"

cd "${REPO_ROOT}"

${PYTHON} experiments/admet_benchmark/01_prepare_admet_datasets.py \
    --data-dir      data/admet \
    --featurizers   ecfp4 maccs rdkit200 \
    --qml-cap       300 \
    --seed          42 \
    2>&1 | tee "${LOG_DIR}/prepare_${LSB_JOBID:-local}.log"

EXIT_CODE=${PIPESTATUS[0]}


(... more ...)
------------------------------------------------------------

TERM_RUNLIMIT: job killed after reaching LSF run time limit.
Exited with signal termination: 12.

Resource usage summary:

    CPU time :                                   0.14 sec.
    Max Memory :                                 4 MB
    Average Memory :                             4.00 MB
    Total Requested Memory :                     8000.00 MB
    Delta Memory :                               7996.00 MB
    Max Swap :                                   -
    Max Processes :                              1
    Max Threads :                                1
    Run time :                                   7800 sec.
    Turnaround time :                            7233 sec.

The output (if any) is above this job summary.



PS:

Read file <logs/admet/prepare_38403.err> for stderr output of this job.

