2026-07-22 06:06:16.327432: I tensorflow/core/platform/cpu_feature_guard.cc:210] This TensorFlow binary is optimized to use available CPU instructions in performance-critical operations.
To enable the following instructions: AVX2 FMA, in other operations, rebuild TensorFlow with the appropriate compiler flags.
2026-07-22 06:06:17.934704: I external/local_xla/xla/tsl/cuda/cudart_stub.cc:31] Could not find cuda drivers on your machine, GPU will not be used.
QProfiler Batch Mode
============================================================
Input directory: /proj/bmfm/users/bckwon/projects/QBioCode/data/admet/Pgp_Broccatelli/maccs
Config file: /proj/bmfm/users/bckwon/projects/QBioCode/qbiocode/apps/qprofiler/configs/admet_config.yaml
Data type: Pgp_Broccatelli_maccs
Parallel jobs: 10
Output timestamp: 2026-07-22_04_06_20_035093
============================================================
2026-07-22 06:06:34.878962: I tensorflow/core/platform/cpu_feature_guard.cc:210] This TensorFlow binary is optimized to use available CPU instructions in performance-critical operations.
To enable the following instructions: AVX2 FMA, in other operations, rebuild TensorFlow with the appropriate compiler flags.
2026-07-22 06:06:35.021566: I tensorflow/core/platform/cpu_feature_guard.cc:210] This TensorFlow binary is optimized to use available CPU instructions in performance-critical operations.
To enable the following instructions: AVX2 FMA, in other operations, rebuild TensorFlow with the appropriate compiler flags.
2026-07-22 06:06:35.021833: I tensorflow/core/platform/cpu_feature_guard.cc:210] This TensorFlow binary is optimized to use available CPU instructions in performance-critical operations.
To enable the following instructions: AVX2 FMA, in other operations, rebuild TensorFlow with the appropriate compiler flags.
2026-07-22 06:06:35.072621: I tensorflow/core/platform/cpu_feature_guard.cc:210] This TensorFlow binary is optimized to use available CPU instructions in performance-critical operations.
To enable the following instructions: AVX2 FMA, in other operations, rebuild TensorFlow with the appropriate compiler flags.
2026-07-22 06:06:36.374506: I external/local_xla/xla/tsl/cuda/cudart_stub.cc:31] Could not find cuda drivers on your machine, GPU will not be used.
2026-07-22 06:06:36.522160: I external/local_xla/xla/tsl/cuda/cudart_stub.cc:31] Could not find cuda drivers on your machine, GPU will not be used.
2026-07-22 06:06:36.555527: I external/local_xla/xla/tsl/cuda/cudart_stub.cc:31] Could not find cuda drivers on your machine, GPU will not be used.
2026-07-22 06:06:36.570187: I external/local_xla/xla/tsl/cuda/cudart_stub.cc:31] Could not find cuda drivers on your machine, GPU will not be used.
2026-07-22 06:06:50.884225: I tensorflow/core/platform/cpu_feature_guard.cc:210] This TensorFlow binary is optimized to use available CPU instructions in performance-critical operations.
To enable the following instructions: AVX2 FMA, in other operations, rebuild TensorFlow with the appropriate compiler flags.
2026-07-22 06:06:51.147816: I tensorflow/core/platform/cpu_feature_guard.cc:210] This TensorFlow binary is optimized to use available CPU instructions in performance-critical operations.
To enable the following instructions: AVX2 FMA, in other operations, rebuild TensorFlow with the appropriate compiler flags.
2026-07-22 06:06:51.147845: I tensorflow/core/platform/cpu_feature_guard.cc:210] This TensorFlow binary is optimized to use available CPU instructions in performance-critical operations.
To enable the following instructions: AVX2 FMA, in other operations, rebuild TensorFlow with the appropriate compiler flags.
2026-07-22 06:06:51.232814: I tensorflow/core/platform/cpu_feature_guard.cc:210] This TensorFlow binary is optimized to use available CPU instructions in performance-critical operations.
To enable the following instructions: AVX2 FMA, in other operations, rebuild TensorFlow with the appropriate compiler flags.
2026-07-22 06:06:52.400076: I external/local_xla/xla/tsl/cuda/cudart_stub.cc:31] Could not find cuda drivers on your machine, GPU will not be used.
2026-07-22 06:06:52.646640: I external/local_xla/xla/tsl/cuda/cudart_stub.cc:31] Could not find cuda drivers on your machine, GPU will not be used.
2026-07-22 06:06:52.655335: I external/local_xla/xla/tsl/cuda/cudart_stub.cc:31] Could not find cuda drivers on your machine, GPU will not be used.
2026-07-22 06:06:52.772216: I external/local_xla/xla/tsl/cuda/cudart_stub.cc:31] Could not find cuda drivers on your machine, GPU will not be used.
[2026-07-22 06:06:55,025][qbiocode.apps.qprofiler.qprofiler][INFO] - Main program initiated
[2026-07-22 06:06:55,026][qbiocode.apps.qprofiler.qprofiler][INFO] - The number of ML methods being parallelized is 10
[2026-07-22 06:06:55,026][qbiocode.apps.qprofiler.qprofiler][INFO] - Chosen backend for quantum algorithms is: simulator
[2026-07-22 06:06:55,386][qbiocode.apps.qprofiler.qprofiler][INFO] - Main program initiated
[2026-07-22 06:06:55,386][qbiocode.apps.qprofiler.qprofiler][INFO] - Main program initiated
[2026-07-22 06:06:55,387][qbiocode.apps.qprofiler.qprofiler][INFO] - The number of ML methods being parallelized is 10
[2026-07-22 06:06:55,387][qbiocode.apps.qprofiler.qprofiler][INFO] - The number of ML methods being parallelized is 10
[2026-07-22 06:06:55,387][qbiocode.apps.qprofiler.qprofiler][INFO] - Chosen backend for quantum algorithms is: simulator
[2026-07-22 06:06:55,387][qbiocode.apps.qprofiler.qprofiler][INFO] - Chosen backend for quantum algorithms is: simulator
[2026-07-22 06:06:55,547][qbiocode.apps.qprofiler.qprofiler][INFO] - Main program initiated
[2026-07-22 06:06:55,547][qbiocode.apps.qprofiler.qprofiler][INFO] - The number of ML methods being parallelized is 10
[2026-07-22 06:06:55,548][qbiocode.apps.qprofiler.qprofiler][INFO] - Chosen backend for quantum algorithms is: simulator
Processing file: valid.csv
[2026-07-22 06:06:55,854][qbiocode.apps.qprofiler.qprofiler][INFO] - Started processing data set valid.csv
[2026-07-22 06:06:55,854][qbiocode.apps.qprofiler.qprofiler][INFO] - Dataset has 2 classes: [0, 1]
[2026-07-22 06:06:55,856][qbiocode.apps.qprofiler.qprofiler][INFO] - Begin processing iteration (split) 1 of 3 with stratified sampling
[2026-07-22 06:06:55,857][qbiocode.apps.qprofiler.qprofiler][INFO] - No feature reduction (embedding) applied in this iteration
Processing file: test.csv
[2026-07-22 06:06:55,926][qbiocode.apps.qprofiler.qprofiler][INFO] - Started processing data set test.csv
[2026-07-22 06:06:55,926][qbiocode.apps.qprofiler.qprofiler][INFO] - Dataset has 2 classes: [0, 1]
[2026-07-22 06:06:55,928][qbiocode.apps.qprofiler.qprofiler][INFO] - Begin processing iteration (split) 1 of 3 with stratified sampling
[2026-07-22 06:06:55,929][qbiocode.apps.qprofiler.qprofiler][INFO] - No feature reduction (embedding) applied in this iteration
Processing file: train_qml.csv
[2026-07-22 06:06:56,153][qbiocode.apps.qprofiler.qprofiler][INFO] - Started processing data set train_qml.csv
[2026-07-22 06:06:56,154][qbiocode.apps.qprofiler.qprofiler][INFO] - Dataset has 2 classes: [0, 1]
[2026-07-22 06:06:56,155][qbiocode.apps.qprofiler.qprofiler][INFO] - Begin processing iteration (split) 1 of 3 with stratified sampling
[2026-07-22 06:06:56,156][qbiocode.apps.qprofiler.qprofiler][INFO] - No feature reduction (embedding) applied in this iteration
Error executing job with overrides: []
Processing file: train.csv
[2026-07-22 06:06:56,278][qbiocode.apps.qprofiler.qprofiler][INFO] - Started processing data set train.csv
[2026-07-22 06:06:56,279][qbiocode.apps.qprofiler.qprofiler][INFO] - Dataset has 2 classes: [0, 1]
[2026-07-22 06:06:56,281][qbiocode.apps.qprofiler.qprofiler][INFO] - Begin processing iteration (split) 1 of 3 with stratified sampling
[2026-07-22 06:06:56,283][qbiocode.apps.qprofiler.qprofiler][INFO] - No feature reduction (embedding) applied in this iteration
Error executing job with overrides: []
Traceback (most recent call last):
  File "/proj/bmfm/users/bckwon/projects/QBioCode/qbiocode/apps/qprofiler/qprofiler.py", line 182, in main
    summary.update(model_run(X_train_emb, X_test_emb, y_train, y_test, data_key, args))
                   ^^^^^^^^^^^^^^^^^^^^^^^^^^^^^^^^^^^^^^^^^^^^^^^^^^^^^^^^^^^^^^^^^^^
  File "/proj/bmfm/users/bckwon/projects/QBioCode/qbiocode/evaluation/model_run.py", line 149, in model_run
    results = Parallel(n_jobs=n_jobs)(
              ^^^^^^^^^^^^^^^^^^^^^^^^
  File "/proj/bmfm/users/bckwon/projects/QBioCode/.venv/lib/python3.12/site-packages/joblib/parallel.py", line 2072, in __call__
    return output if self.return_generator else list(output)
                                                ^^^^^^^^^^^^
  File "/proj/bmfm/users/bckwon/projects/QBioCode/.venv/lib/python3.12/site-packages/joblib/parallel.py", line 1682, in _get_outputs
    yield from self._retrieve()
  File "/proj/bmfm/users/bckwon/projects/QBioCode/.venv/lib/python3.12/site-packages/joblib/parallel.py", line 1784, in _retrieve
    self._raise_error_fast()
  File "/proj/bmfm/users/bckwon/projects/QBioCode/.venv/lib/python3.12/site-packages/joblib/parallel.py", line 1859, in _raise_error_fast
    error_job.get_result(self.timeout)
  File "/proj/bmfm/users/bckwon/projects/QBioCode/.venv/lib/python3.12/site-packages/joblib/parallel.py", line 758, in get_result
    return self._return_or_raise()
           ^^^^^^^^^^^^^^^^^^^^^^^
  File "/proj/bmfm/users/bckwon/projects/QBioCode/.venv/lib/python3.12/site-packages/joblib/parallel.py", line 773, in _return_or_raise
    raise self._result
  File "/proj/bmfm/users/bckwon/projects/QBioCode/.venv/lib/python3.12/site-packages/joblib/parallel.py", line 1493, in dispatch_one_batch
    islice = list(itertools.islice(iterator, big_batch_size))
             ^^^^^^^^^^^^^^^^^^^^^^^^^^^^^^^^^^^^^^^^^^^^^^^^
  File "/proj/bmfm/users/bckwon/projects/QBioCode/qbiocode/evaluation/model_run.py", line 158, in <genexpr>
    **args[method + "_args"],
      ~~~~^^^^^^^^^^^^^^^^^^
omegaconf.errors.ConfigKeyError: Key 'xgb_args' is not in struct
    full_key: xgb_args
    object_type=dict

Set the environment variable HYDRA_FULL_ERROR=1 for a complete stack trace.
Traceback (most recent call last):
  File "/proj/bmfm/users/bckwon/projects/QBioCode/qbiocode/apps/qprofiler/qprofiler.py", line 182, in main
    summary.update(model_run(X_train_emb, X_test_emb, y_train, y_test, data_key, args))
                   ^^^^^^^^^^^^^^^^^^^^^^^^^^^^^^^^^^^^^^^^^^^^^^^^^^^^^^^^^^^^^^^^^^^
  File "/proj/bmfm/users/bckwon/projects/QBioCode/qbiocode/evaluation/model_run.py", line 149, in model_run
    results = Parallel(n_jobs=n_jobs)(
              ^^^^^^^^^^^^^^^^^^^^^^^^
  File "/proj/bmfm/users/bckwon/projects/QBioCode/.venv/lib/python3.12/site-packages/joblib/parallel.py", line 2072, in __call__
    return output if self.return_generator else list(output)
                                                ^^^^^^^^^^^^
  File "/proj/bmfm/users/bckwon/projects/QBioCode/.venv/lib/python3.12/site-packages/joblib/parallel.py", line 1682, in _get_outputs
    yield from self._retrieve()
  File "/proj/bmfm/users/bckwon/projects/QBioCode/.venv/lib/python3.12/site-packages/joblib/parallel.py", line 1784, in _retrieve
    self._raise_error_fast()
  File "/proj/bmfm/users/bckwon/projects/QBioCode/.venv/lib/python3.12/site-packages/joblib/parallel.py", line 1859, in _raise_error_fast
    error_job.get_result(self.timeout)
  File "/proj/bmfm/users/bckwon/projects/QBioCode/.venv/lib/python3.12/site-packages/joblib/parallel.py", line 758, in get_result
    return self._return_or_raise()
           ^^^^^^^^^^^^^^^^^^^^^^^
  File "/proj/bmfm/users/bckwon/projects/QBioCode/.venv/lib/python3.12/site-packages/joblib/parallel.py", line 773, in _return_or_raise
    raise self._result
  File "/proj/bmfm/users/bckwon/projects/QBioCode/.venv/lib/python3.12/site-packages/joblib/parallel.py", line 1493, in dispatch_one_batch
    islice = list(itertools.islice(iterator, big_batch_size))
             ^^^^^^^^^^^^^^^^^^^^^^^^^^^^^^^^^^^^^^^^^^^^^^^^
  File "/proj/bmfm/users/bckwon/projects/QBioCode/qbiocode/evaluation/model_run.py", line 158, in <genexpr>
    **args[method + "_args"],
      ~~~~^^^^^^^^^^^^^^^^^^
omegaconf.errors.ConfigKeyError: Key 'xgb_args' is not in struct
    full_key: xgb_args
    object_type=dict

Set the environment variable HYDRA_FULL_ERROR=1 for a complete stack trace.
Error executing job with overrides: []
Traceback (most recent call last):
  File "/proj/bmfm/users/bckwon/projects/QBioCode/qbiocode/apps/qprofiler/qprofiler.py", line 182, in main
    summary.update(model_run(X_train_emb, X_test_emb, y_train, y_test, data_key, args))
                   ^^^^^^^^^^^^^^^^^^^^^^^^^^^^^^^^^^^^^^^^^^^^^^^^^^^^^^^^^^^^^^^^^^^
  File "/proj/bmfm/users/bckwon/projects/QBioCode/qbiocode/evaluation/model_run.py", line 149, in model_run
    results = Parallel(n_jobs=n_jobs)(
              ^^^^^^^^^^^^^^^^^^^^^^^^
  File "/proj/bmfm/users/bckwon/projects/QBioCode/.venv/lib/python3.12/site-packages/joblib/parallel.py", line 2072, in __call__
    return output if self.return_generator else list(output)
                                                ^^^^^^^^^^^^
  File "/proj/bmfm/users/bckwon/projects/QBioCode/.venv/lib/python3.12/site-packages/joblib/parallel.py", line 1682, in _get_outputs
    yield from self._retrieve()
  File "/proj/bmfm/users/bckwon/projects/QBioCode/.venv/lib/python3.12/site-packages/joblib/parallel.py", line 1784, in _retrieve
    self._raise_error_fast()
  File "/proj/bmfm/users/bckwon/projects/QBioCode/.venv/lib/python3.12/site-packages/joblib/parallel.py", line 1859, in _raise_error_fast
    error_job.get_result(self.timeout)
  File "/proj/bmfm/users/bckwon/projects/QBioCode/.venv/lib/python3.12/site-packages/joblib/parallel.py", line 758, in get_result
    return self._return_or_raise()
           ^^^^^^^^^^^^^^^^^^^^^^^
  File "/proj/bmfm/users/bckwon/projects/QBioCode/.venv/lib/python3.12/site-packages/joblib/parallel.py", line 773, in _return_or_raise
    raise self._result
  File "/proj/bmfm/users/bckwon/projects/QBioCode/.venv/lib/python3.12/site-packages/joblib/parallel.py", line 1493, in dispatch_one_batch
    islice = list(itertools.islice(iterator, big_batch_size))
             ^^^^^^^^^^^^^^^^^^^^^^^^^^^^^^^^^^^^^^^^^^^^^^^^
  File "/proj/bmfm/users/bckwon/projects/QBioCode/qbiocode/evaluation/model_run.py", line 158, in <genexpr>
    **args[method + "_args"],
      ~~~~^^^^^^^^^^^^^^^^^^
omegaconf.errors.ConfigKeyError: Key 'xgb_args' is not in struct
    full_key: xgb_args
    object_type=dict

Set the environment variable HYDRA_FULL_ERROR=1 for a complete stack trace.
Error executing job with overrides: []
Traceback (most recent call last):
  File "/proj/bmfm/users/bckwon/projects/QBioCode/qbiocode/apps/qprofiler/qprofiler.py", line 182, in main
    summary.update(model_run(X_train_emb, X_test_emb, y_train, y_test, data_key, args))
                   ^^^^^^^^^^^^^^^^^^^^^^^^^^^^^^^^^^^^^^^^^^^^^^^^^^^^^^^^^^^^^^^^^^^
  File "/proj/bmfm/users/bckwon/projects/QBioCode/qbiocode/evaluation/model_run.py", line 149, in model_run
    results = Parallel(n_jobs=n_jobs)(
              ^^^^^^^^^^^^^^^^^^^^^^^^
  File "/proj/bmfm/users/bckwon/projects/QBioCode/.venv/lib/python3.12/site-packages/joblib/parallel.py", line 2072, in __call__
    return output if self.return_generator else list(output)
                                                ^^^^^^^^^^^^
  File "/proj/bmfm/users/bckwon/projects/QBioCode/.venv/lib/python3.12/site-packages/joblib/parallel.py", line 1682, in _get_outputs
    yield from self._retrieve()
  File "/proj/bmfm/users/bckwon/projects/QBioCode/.venv/lib/python3.12/site-packages/joblib/parallel.py", line 1784, in _retrieve
    self._raise_error_fast()
  File "/proj/bmfm/users/bckwon/projects/QBioCode/.venv/lib/python3.12/site-packages/joblib/parallel.py", line 1859, in _raise_error_fast
    error_job.get_result(self.timeout)
  File "/proj/bmfm/users/bckwon/projects/QBioCode/.venv/lib/python3.12/site-packages/joblib/parallel.py", line 758, in get_result
    return self._return_or_raise()
           ^^^^^^^^^^^^^^^^^^^^^^^
  File "/proj/bmfm/users/bckwon/projects/QBioCode/.venv/lib/python3.12/site-packages/joblib/parallel.py", line 773, in _return_or_raise
    raise self._result
  File "/proj/bmfm/users/bckwon/projects/QBioCode/.venv/lib/python3.12/site-packages/joblib/parallel.py", line 1493, in dispatch_one_batch
    islice = list(itertools.islice(iterator, big_batch_size))
             ^^^^^^^^^^^^^^^^^^^^^^^^^^^^^^^^^^^^^^^^^^^^^^^^
  File "/proj/bmfm/users/bckwon/projects/QBioCode/qbiocode/evaluation/model_run.py", line 158, in <genexpr>
    **args[method + "_args"],
      ~~~~^^^^^^^^^^^^^^^^^^
omegaconf.errors.ConfigKeyError: Key 'xgb_args' is not in struct
    full_key: xgb_args
    object_type=dict

Set the environment variable HYDRA_FULL_ERROR=1 for a complete stack trace.

Collecting results...
Warning: Results not found for train.csv
Warning: Results not found for train_qml.csv
Warning: Results not found for valid.csv
Warning: Results not found for test.csv

============================================================
Batch processing complete!
Total run time: 0.01 hours
Results saved to: results/Pgp_Broccatelli_maccs_batch_2026-07-22_04_06_20_035093
============================================================
