2026-07-22 03:09:37.885389: I tensorflow/core/platform/cpu_feature_guard.cc:210] This TensorFlow binary is optimized to use available CPU instructions in performance-critical operations.
To enable the following instructions: AVX2 FMA, in other operations, rebuild TensorFlow with the appropriate compiler flags.
2026-07-22 03:09:39.816421: I external/local_xla/xla/tsl/cuda/cudart_stub.cc:31] Could not find cuda drivers on your machine, GPU will not be used.
QProfiler Batch Mode
============================================================
Input directory: /proj/bmfm/users/bckwon/projects/QBioCode/data/admet/HIA_Hou/ecfp4
Config file: /proj/bmfm/users/bckwon/projects/QBioCode/qbiocode/apps/qprofiler/configs/admet_config.yaml
Data type: HIA_Hou_ecfp4
Parallel jobs: 10
Output timestamp: 2026-07-22_01_09_42_387729
============================================================
2026-07-22 03:10:00.587117: I tensorflow/core/platform/cpu_feature_guard.cc:210] This TensorFlow binary is optimized to use available CPU instructions in performance-critical operations.
To enable the following instructions: AVX2 FMA, in other operations, rebuild TensorFlow with the appropriate compiler flags.
2026-07-22 03:10:00.609074: I tensorflow/core/platform/cpu_feature_guard.cc:210] This TensorFlow binary is optimized to use available CPU instructions in performance-critical operations.
To enable the following instructions: AVX2 FMA, in other operations, rebuild TensorFlow with the appropriate compiler flags.
2026-07-22 03:10:00.732689: I tensorflow/core/platform/cpu_feature_guard.cc:210] This TensorFlow binary is optimized to use available CPU instructions in performance-critical operations.
To enable the following instructions: AVX2 FMA, in other operations, rebuild TensorFlow with the appropriate compiler flags.
2026-07-22 03:10:01.096026: I tensorflow/core/platform/cpu_feature_guard.cc:210] This TensorFlow binary is optimized to use available CPU instructions in performance-critical operations.
To enable the following instructions: AVX2 FMA, in other operations, rebuild TensorFlow with the appropriate compiler flags.
2026-07-22 03:10:02.380020: I external/local_xla/xla/tsl/cuda/cudart_stub.cc:31] Could not find cuda drivers on your machine, GPU will not be used.
2026-07-22 03:10:02.456247: I external/local_xla/xla/tsl/cuda/cudart_stub.cc:31] Could not find cuda drivers on your machine, GPU will not be used.
2026-07-22 03:10:02.568018: I external/local_xla/xla/tsl/cuda/cudart_stub.cc:31] Could not find cuda drivers on your machine, GPU will not be used.
2026-07-22 03:10:03.044361: I external/local_xla/xla/tsl/cuda/cudart_stub.cc:31] Could not find cuda drivers on your machine, GPU will not be used.
2026-07-22 03:10:20.080081: I tensorflow/core/platform/cpu_feature_guard.cc:210] This TensorFlow binary is optimized to use available CPU instructions in performance-critical operations.
To enable the following instructions: AVX2 FMA, in other operations, rebuild TensorFlow with the appropriate compiler flags.
2026-07-22 03:10:20.220955: I tensorflow/core/platform/cpu_feature_guard.cc:210] This TensorFlow binary is optimized to use available CPU instructions in performance-critical operations.
To enable the following instructions: AVX2 FMA, in other operations, rebuild TensorFlow with the appropriate compiler flags.
2026-07-22 03:10:20.456904: I tensorflow/core/platform/cpu_feature_guard.cc:210] This TensorFlow binary is optimized to use available CPU instructions in performance-critical operations.
To enable the following instructions: AVX2 FMA, in other operations, rebuild TensorFlow with the appropriate compiler flags.
2026-07-22 03:10:20.673192: I tensorflow/core/platform/cpu_feature_guard.cc:210] This TensorFlow binary is optimized to use available CPU instructions in performance-critical operations.
To enable the following instructions: AVX2 FMA, in other operations, rebuild TensorFlow with the appropriate compiler flags.
2026-07-22 03:10:21.879084: I external/local_xla/xla/tsl/cuda/cudart_stub.cc:31] Could not find cuda drivers on your machine, GPU will not be used.
2026-07-22 03:10:22.031514: I external/local_xla/xla/tsl/cuda/cudart_stub.cc:31] Could not find cuda drivers on your machine, GPU will not be used.
2026-07-22 03:10:22.227699: I external/local_xla/xla/tsl/cuda/cudart_stub.cc:31] Could not find cuda drivers on your machine, GPU will not be used.
2026-07-22 03:10:22.599045: I external/local_xla/xla/tsl/cuda/cudart_stub.cc:31] Could not find cuda drivers on your machine, GPU will not be used.
[2026-07-22 03:10:24,993][qbiocode.apps.qprofiler.qprofiler][INFO] - Main program initiated
[2026-07-22 03:10:24,993][qbiocode.apps.qprofiler.qprofiler][INFO] - The number of ML methods being parallelized is 10
[2026-07-22 03:10:24,993][qbiocode.apps.qprofiler.qprofiler][INFO] - Chosen backend for quantum algorithms is: simulator
[2026-07-22 03:10:24,994][qbiocode.apps.qprofiler.qprofiler][INFO] - 
The total run time of program is: 
0.0010290145874023438
[2026-07-22 03:10:25,128][qbiocode.apps.qprofiler.qprofiler][INFO] - Main program initiated
[2026-07-22 03:10:25,128][qbiocode.apps.qprofiler.qprofiler][INFO] - The number of ML methods being parallelized is 10
[2026-07-22 03:10:25,128][qbiocode.apps.qprofiler.qprofiler][INFO] - Chosen backend for quantum algorithms is: simulator
[2026-07-22 03:10:25,129][qbiocode.apps.qprofiler.qprofiler][INFO] - 
The total run time of program is: 
0.0012378692626953125
[2026-07-22 03:10:25,262][qbiocode.apps.qprofiler.qprofiler][INFO] - Main program initiated
[2026-07-22 03:10:25,263][qbiocode.apps.qprofiler.qprofiler][INFO] - The number of ML methods being parallelized is 10
[2026-07-22 03:10:25,263][qbiocode.apps.qprofiler.qprofiler][INFO] - Chosen backend for quantum algorithms is: simulator
[2026-07-22 03:10:25,263][qbiocode.apps.qprofiler.qprofiler][INFO] - 
The total run time of program is: 
0.0010983943939208984
[2026-07-22 03:10:25,631][qbiocode.apps.qprofiler.qprofiler][INFO] - Main program initiated
[2026-07-22 03:10:25,632][qbiocode.apps.qprofiler.qprofiler][INFO] - The number of ML methods being parallelized is 10
[2026-07-22 03:10:25,632][qbiocode.apps.qprofiler.qprofiler][INFO] - Chosen backend for quantum algorithms is: simulator
[2026-07-22 03:10:25,632][qbiocode.apps.qprofiler.qprofiler][INFO] - 
The total run time of program is: 
0.0007693767547607422

Collecting results...
Warning: Results not found for train.csv
Warning: Results not found for train_qml.csv
Warning: Results not found for valid.csv
Warning: Results not found for test.csv

============================================================
Batch processing complete!
Total run time: 0.01 hours
Results saved to: results/HIA_Hou_ecfp4_batch_2026-07-22_01_09_42_387729
============================================================
