======================================================
Job ID       : 32958[16]
Host         : zu-a100-c08-02
Start time   : Wed Jul 22 06:18:41 AM CEST 2026
Endpoint     : Solubility_AqSolDB
Featurizer   : ecfp4
Input dir    : /proj/bmfm/users/bckwon/projects/QBioCode/data/admet/Solubility_AqSolDB/ecfp4
======================================================
2026-07-22 06:18:54.655213: I tensorflow/core/platform/cpu_feature_guard.cc:210] This TensorFlow binary is optimized to use available CPU instructions in performance-critical operations.
To enable the following instructions: AVX2 FMA, in other operations, rebuild TensorFlow with the appropriate compiler flags.
2026-07-22 06:18:56.262533: I external/local_xla/xla/tsl/cuda/cudart_stub.cc:31] Could not find cuda drivers on your machine, GPU will not be used.
QProfiler Batch Mode
============================================================
Input directory: /proj/bmfm/users/bckwon/projects/QBioCode/data/admet/Solubility_AqSolDB/ecfp4
Config file: /proj/bmfm/users/bckwon/projects/QBioCode/qbiocode/apps/qprofiler/configs/admet_config.yaml
Data type: Solubility_AqSolDB_ecfp4
Parallel jobs: 10
Output timestamp: 2026-07-22_04_18_58_480706
============================================================
2026-07-22 06:19:14.282933: I tensorflow/core/platform/cpu_feature_guard.cc:210] This TensorFlow binary is optimized to use available CPU instructions in performance-critical operations.
To enable the following instructions: AVX2 FMA, in other operations, rebuild TensorFlow with the appropriate compiler flags.
2026-07-22 06:19:14.413911: I tensorflow/core/platform/cpu_feature_guard.cc:210] This TensorFlow binary is optimized to use available CPU instructions in performance-critical operations.
To enable the following instructions: AVX2 FMA, in other operations, rebuild TensorFlow with the appropriate compiler flags.
2026-07-22 06:19:14.496448: I tensorflow/core/platform/cpu_feature_guard.cc:210] This TensorFlow binary is optimized to use available CPU instructions in performance-critical operations.
To enable the following instructions: AVX2 FMA, in other operations, rebuild TensorFlow with the appropriate compiler flags.
2026-07-22 06:19:14.574481: I tensorflow/core/platform/cpu_feature_guard.cc:210] This TensorFlow binary is optimized to use available CPU instructions in performance-critical operations.
To enable the following instructions: AVX2 FMA, in other operations, rebuild TensorFlow with the appropriate compiler flags.
2026-07-22 06:19:15.820217: I external/local_xla/xla/tsl/cuda/cudart_stub.cc:31] Could not find cuda drivers on your machine, GPU will not be used.
2026-07-22 06:19:16.077134: I external/local_xla/xla/tsl/cuda/cudart_stub.cc:31] Could not find cuda drivers on your machine, GPU will not be used.
2026-07-22 06:19:16.119069: I external/local_xla/xla/tsl/cuda/cudart_stub.cc:31] Could not find cuda drivers on your machine, GPU will not be used.
2026-07-22 06:19:16.162244: I external/local_xla/xla/tsl/cuda/cudart_stub.cc:31] Could not find cuda drivers on your machine, GPU will not be used.
2026-07-22 06:19:31.284691: I tensorflow/core/platform/cpu_feature_guard.cc:210] This TensorFlow binary is optimized to use available CPU instructions in performance-critical operations.
To enable the following instructions: AVX2 FMA, in other operations, rebuild TensorFlow with the appropriate compiler flags.
2026-07-22 06:19:31.641237: I tensorflow/core/platform/cpu_feature_guard.cc:210] This TensorFlow binary is optimized to use available CPU instructions in performance-critical operations.
To enable the following instructions: AVX2 FMA, in other operations, rebuild TensorFlow with the appropriate compiler flags.
2026-07-22 06:19:31.830981: I tensorflow/core/platform/cpu_feature_guard.cc:210] This TensorFlow binary is optimized to use available CPU instructions in performance-critical operations.
To enable the following instructions: AVX2 FMA, in other operations, rebuild TensorFlow with the appropriate compiler flags.
2026-07-22 06:19:31.952427: I tensorflow/core/platform/cpu_feature_guard.cc:210] This TensorFlow binary is optimized to use available CPU instructions in performance-critical operations.
To enable the following instructions: AVX2 FMA, in other operations, rebuild TensorFlow with the appropriate compiler flags.
2026-07-22 06:19:32.864108: I external/local_xla/xla/tsl/cuda/cudart_stub.cc:31] Could not find cuda drivers on your machine, GPU will not be used.
2026-07-22 06:19:33.209182: I external/local_xla/xla/tsl/cuda/cudart_stub.cc:31] Could not find cuda drivers on your machine, GPU will not be used.
2026-07-22 06:19:33.451746: I external/local_xla/xla/tsl/cuda/cudart_stub.cc:31] Could not find cuda drivers on your machine, GPU will not be used.
2026-07-22 06:19:33.690195: I external/local_xla/xla/tsl/cuda/cudart_stub.cc:31] Could not find cuda drivers on your machine, GPU will not be used.
[2026-07-22 06:19:35,548][qbiocode.apps.qprofiler.qprofiler][INFO] - Main program initiated
[2026-07-22 06:19:35,549][qbiocode.apps.qprofiler.qprofiler][INFO] - The number of ML methods being parallelized is 10
[2026-07-22 06:19:35,549][qbiocode.apps.qprofiler.qprofiler][INFO] - Chosen backend for quantum algorithms is: simulator
[2026-07-22 06:19:35,928][qbiocode.apps.qprofiler.qprofiler][INFO] - Main program initiated
[2026-07-22 06:19:35,929][qbiocode.apps.qprofiler.qprofiler][INFO] - The number of ML methods being parallelized is 10
[2026-07-22 06:19:35,929][qbiocode.apps.qprofiler.qprofiler][INFO] - Chosen backend for quantum algorithms is: simulator
[2026-07-22 06:19:36,227][qbiocode.apps.qprofiler.qprofiler][INFO] - Main program initiated
[2026-07-22 06:19:36,227][qbiocode.apps.qprofiler.qprofiler][INFO] - The number of ML methods being parallelized is 10
[2026-07-22 06:19:36,227][qbiocode.apps.qprofiler.qprofiler][INFO] - Chosen backend for quantum algorithms is: simulator
[2026-07-22 06:19:36,446][qbiocode.apps.qprofiler.qprofiler][INFO] - Main program initiated
[2026-07-22 06:19:36,447][qbiocode.apps.qprofiler.qprofiler][INFO] - The number of ML methods being parallelized is 10
[2026-07-22 06:19:36,447][qbiocode.apps.qprofiler.qprofiler][INFO] - Chosen backend for quantum algorithms is: simulator
Processing file: train_qml.csv
[2026-07-22 06:19:43,865][qbiocode.apps.qprofiler.qprofiler][INFO] - Started processing data set train_qml.csv
[2026-07-22 06:19:43,865][qbiocode.apps.qprofiler.qprofiler][INFO] - Dataset has 2 classes: [0, 1]
[2026-07-22 06:19:43,868][qbiocode.apps.qprofiler.qprofiler][INFO] - Begin processing iteration (split) 1 of 3 with stratified sampling
[2026-07-22 06:19:43,872][qbiocode.apps.qprofiler.qprofiler][INFO] - No feature reduction (embedding) applied in this iteration
2026-07-22 06:20:04.663060: I tensorflow/core/platform/cpu_feature_guard.cc:210] This TensorFlow binary is optimized to use available CPU instructions in performance-critical operations.
To enable the following instructions: AVX2 FMA, in other operations, rebuild TensorFlow with the appropriate compiler flags.
2026-07-22 06:20:04.740040: I tensorflow/core/platform/cpu_feature_guard.cc:210] This TensorFlow binary is optimized to use available CPU instructions in performance-critical operations.
To enable the following instructions: AVX2 FMA, in other operations, rebuild TensorFlow with the appropriate compiler flags.
2026-07-22 06:20:04.741021: I tensorflow/core/platform/cpu_feature_guard.cc:210] This TensorFlow binary is optimized to use available CPU instructions in performance-critical operations.
To enable the following instructions: AVX2 FMA, in other operations, rebuild TensorFlow with the appropriate compiler flags.
2026-07-22 06:20:04.797210: I tensorflow/core/platform/cpu_feature_guard.cc:210] This TensorFlow binary is optimized to use available CPU instructions in performance-critical operations.
To enable the following instructions: AVX2 FMA, in other operations, rebuild TensorFlow with the appropriate compiler flags.
2026-07-22 06:20:04.805836: I tensorflow/core/platform/cpu_feature_guard.cc:210] This TensorFlow binary is optimized to use available CPU instructions in performance-critical operations.
To enable the following instructions: AVX2 FMA, in other operations, rebuild TensorFlow with the appropriate compiler flags.
2026-07-22 06:20:04.805835: I tensorflow/core/platform/cpu_feature_guard.cc:210] This TensorFlow binary is optimized to use available CPU instructions in performance-critical operations.
To enable the following instructions: AVX2 FMA, in other operations, rebuild TensorFlow with the appropriate compiler flags.
2026-07-22 06:20:04.884798: I tensorflow/core/platform/cpu_feature_guard.cc:210] This TensorFlow binary is optimized to use available CPU instructions in performance-critical operations.
To enable the following instructions: AVX2 FMA, in other operations, rebuild TensorFlow with the appropriate compiler flags.
2026-07-22 06:20:04.884799: I tensorflow/core/platform/cpu_feature_guard.cc:210] This TensorFlow binary is optimized to use available CPU instructions in performance-critical operations.
To enable the following instructions: AVX2 FMA, in other operations, rebuild TensorFlow with the appropriate compiler flags.
2026-07-22 06:20:04.909697: I tensorflow/core/platform/cpu_feature_guard.cc:210] This TensorFlow binary is optimized to use available CPU instructions in performance-critical operations.
To enable the following instructions: AVX2 FMA, in other operations, rebuild TensorFlow with the appropriate compiler flags.
2026-07-22 06:20:05.190383: I tensorflow/core/platform/cpu_feature_guard.cc:210] This TensorFlow binary is optimized to use available CPU instructions in performance-critical operations.
To enable the following instructions: AVX2 FMA, in other operations, rebuild TensorFlow with the appropriate compiler flags.
2026-07-22 06:20:06.341074: I external/local_xla/xla/tsl/cuda/cudart_stub.cc:31] Could not find cuda drivers on your machine, GPU will not be used.
2026-07-22 06:20:06.428011: I external/local_xla/xla/tsl/cuda/cudart_stub.cc:31] Could not find cuda drivers on your machine, GPU will not be used.
2026-07-22 06:20:06.437612: I external/local_xla/xla/tsl/cuda/cudart_stub.cc:31] Could not find cuda drivers on your machine, GPU will not be used.
2026-07-22 06:20:06.498025: I external/local_xla/xla/tsl/cuda/cudart_stub.cc:31] Could not find cuda drivers on your machine, GPU will not be used.
2026-07-22 06:20:06.529395: I external/local_xla/xla/tsl/cuda/cudart_stub.cc:31] Could not find cuda drivers on your machine, GPU will not be used.
2026-07-22 06:20:06.581961: I external/local_xla/xla/tsl/cuda/cudart_stub.cc:31] Could not find cuda drivers on your machine, GPU will not be used.
2026-07-22 06:20:06.598099: I external/local_xla/xla/tsl/cuda/cudart_stub.cc:31] Could not find cuda drivers on your machine, GPU will not be used.
2026-07-22 06:20:06.633413: I external/local_xla/xla/tsl/cuda/cudart_stub.cc:31] Could not find cuda drivers on your machine, GPU will not be used.
2026-07-22 06:20:06.650406: I external/local_xla/xla/tsl/cuda/cudart_stub.cc:31] Could not find cuda drivers on your machine, GPU will not be used.
2026-07-22 06:20:06.895380: I external/local_xla/xla/tsl/cuda/cudart_stub.cc:31] Could not find cuda drivers on your machine, GPU will not be used.
Error executing job with overrides: []
joblib.externals.loky.process_executor._RemoteTraceback: 
"""
Traceback (most recent call last):
  File "/proj/bmfm/users/bckwon/projects/QBioCode/.venv/lib/python3.12/site-packages/joblib/externals/loky/process_executor.py", line 490, in _process_worker
    r = call_item()
        ^^^^^^^^^^^
  File "/proj/bmfm/users/bckwon/projects/QBioCode/.venv/lib/python3.12/site-packages/joblib/externals/loky/process_executor.py", line 291, in __call__
    return self.fn(*self.args, **self.kwargs)
           ^^^^^^^^^^^^^^^^^^^^^^^^^^^^^^^^^^
  File "/proj/bmfm/users/bckwon/projects/QBioCode/.venv/lib/python3.12/site-packages/joblib/parallel.py", line 607, in __call__
    return [func(*args, **kwargs) for func, args, kwargs in self.items]
            ^^^^^^^^^^^^^^^^^^^^^
  File "/proj/bmfm/users/bckwon/projects/QBioCode/qbiocode/learning/compute_qensemble.py", line 444, in compute_qensemble
    raise ValueError(f"Circuit has {qc.num_qubits} qubits, exceeds simulation limit of 36")
ValueError: Circuit has 62 qubits, exceeds simulation limit of 36
"""

The above exception was the direct cause of the following exception:

Traceback (most recent call last):
  File "/proj/bmfm/users/bckwon/projects/QBioCode/qbiocode/apps/qprofiler/qprofiler.py", line 182, in main
    summary.update(model_run(X_train_emb, X_test_emb, y_train, y_test, data_key, args))
                   ^^^^^^^^^^^^^^^^^^^^^^^^^^^^^^^^^^^^^^^^^^^^^^^^^^^^^^^^^^^^^^^^^^^
  File "/proj/bmfm/users/bckwon/projects/QBioCode/qbiocode/evaluation/model_run.py", line 149, in model_run
    results = Parallel(n_jobs=n_jobs)(
              ^^^^^^^^^^^^^^^^^^^^^^^^
  File "/proj/bmfm/users/bckwon/projects/QBioCode/.venv/lib/python3.12/site-packages/joblib/parallel.py", line 2072, in __call__
    return output if self.return_generator else list(output)
                                                ^^^^^^^^^^^^
  File "/proj/bmfm/users/bckwon/projects/QBioCode/.venv/lib/python3.12/site-packages/joblib/parallel.py", line 1682, in _get_outputs
    yield from self._retrieve()
  File "/proj/bmfm/users/bckwon/projects/QBioCode/.venv/lib/python3.12/site-packages/joblib/parallel.py", line 1784, in _retrieve
    self._raise_error_fast()
  File "/proj/bmfm/users/bckwon/projects/QBioCode/.venv/lib/python3.12/site-packages/joblib/parallel.py", line 1859, in _raise_error_fast
    error_job.get_result(self.timeout)
  File "/proj/bmfm/users/bckwon/projects/QBioCode/.venv/lib/python3.12/site-packages/joblib/parallel.py", line 758, in get_result
    return self._return_or_raise()
           ^^^^^^^^^^^^^^^^^^^^^^^
  File "/proj/bmfm/users/bckwon/projects/QBioCode/.venv/lib/python3.12/site-packages/joblib/parallel.py", line 773, in _return_or_raise
    raise self._result
ValueError: Circuit has 62 qubits, exceeds simulation limit of 36

Set the environment variable HYDRA_FULL_ERROR=1 for a complete stack trace.
Processing file: test.csv
[2026-07-22 06:20:15,868][qbiocode.apps.qprofiler.qprofiler][INFO] - Started processing data set test.csv
[2026-07-22 06:20:15,868][qbiocode.apps.qprofiler.qprofiler][INFO] - Dataset has 2 classes: [0, 1]
[2026-07-22 06:20:15,894][qbiocode.apps.qprofiler.qprofiler][INFO] - Begin processing iteration (split) 1 of 3 with stratified sampling
[2026-07-22 06:20:15,915][qbiocode.apps.qprofiler.qprofiler][INFO] - No feature reduction (embedding) applied in this iteration
Processing file: valid.csv
[2026-07-22 06:20:45,183][qbiocode.apps.qprofiler.qprofiler][INFO] - Started processing data set valid.csv
[2026-07-22 06:20:45,183][qbiocode.apps.qprofiler.qprofiler][INFO] - Dataset has 2 classes: [0, 1]
[2026-07-22 06:20:45,237][qbiocode.apps.qprofiler.qprofiler][INFO] - Begin processing iteration (split) 1 of 3 with stratified sampling
[2026-07-22 06:20:45,262][qbiocode.apps.qprofiler.qprofiler][INFO] - No feature reduction (embedding) applied in this iteration
2026-07-22 06:21:01.879247: I tensorflow/core/platform/cpu_feature_guard.cc:210] This TensorFlow binary is optimized to use available CPU instructions in performance-critical operations.
To enable the following instructions: AVX2 FMA, in other operations, rebuild TensorFlow with the appropriate compiler flags.
2026-07-22 06:21:01.962136: I tensorflow/core/platform/cpu_feature_guard.cc:210] This TensorFlow binary is optimized to use available CPU instructions in performance-critical operations.
To enable the following instructions: AVX2 FMA, in other operations, rebuild TensorFlow with the appropriate compiler flags.
2026-07-22 06:21:01.970907: I tensorflow/core/platform/cpu_feature_guard.cc:210] This TensorFlow binary is optimized to use available CPU instructions in performance-critical operations.
To enable the following instructions: AVX2 FMA, in other operations, rebuild TensorFlow with the appropriate compiler flags.
2026-07-22 06:21:02.026003: I tensorflow/core/platform/cpu_feature_guard.cc:210] This TensorFlow binary is optimized to use available CPU instructions in performance-critical operations.
To enable the following instructions: AVX2 FMA, in other operations, rebuild TensorFlow with the appropriate compiler flags.
2026-07-22 06:21:02.205257: I tensorflow/core/platform/cpu_feature_guard.cc:210] This TensorFlow binary is optimized to use available CPU instructions in performance-critical operations.
To enable the following instructions: AVX2 FMA, in other operations, rebuild TensorFlow with the appropriate compiler flags.
2026-07-22 06:21:02.236127: I tensorflow/core/platform/cpu_feature_guard.cc:210] This TensorFlow binary is optimized to use available CPU instructions in performance-critical operations.
To enable the following instructions: AVX2 FMA, in other operations, rebuild TensorFlow with the appropriate compiler flags.
2026-07-22 06:21:02.245834: I tensorflow/core/platform/cpu_feature_guard.cc:210] This TensorFlow binary is optimized to use available CPU instructions in performance-critical operations.
To enable the following instructions: AVX2 FMA, in other operations, rebuild TensorFlow with the appropriate compiler flags.
2026-07-22 06:21:02.489301: I tensorflow/core/platform/cpu_feature_guard.cc:210] This TensorFlow binary is optimized to use available CPU instructions in performance-critical operations.
To enable the following instructions: AVX2 FMA, in other operations, rebuild TensorFlow with the appropriate compiler flags.
2026-07-22 06:21:02.543413: I tensorflow/core/platform/cpu_feature_guard.cc:210] This TensorFlow binary is optimized to use available CPU instructions in performance-critical operations.
To enable the following instructions: AVX2 FMA, in other operations, rebuild TensorFlow with the appropriate compiler flags.
2026-07-22 06:21:02.792302: I tensorflow/core/platform/cpu_feature_guard.cc:210] This TensorFlow binary is optimized to use available CPU instructions in performance-critical operations.
To enable the following instructions: AVX2 FMA, in other operations, rebuild TensorFlow with the appropriate compiler flags.
2026-07-22 06:21:03.686897: I external/local_xla/xla/tsl/cuda/cudart_stub.cc:31] Could not find cuda drivers on your machine, GPU will not be used.
2026-07-22 06:21:03.705583: I external/local_xla/xla/tsl/cuda/cudart_stub.cc:31] Could not find cuda drivers on your machine, GPU will not be used.
2026-07-22 06:21:03.726551: I external/local_xla/xla/tsl/cuda/cudart_stub.cc:31] Could not find cuda drivers on your machine, GPU will not be used.
2026-07-22 06:21:03.748607: I external/local_xla/xla/tsl/cuda/cudart_stub.cc:31] Could not find cuda drivers on your machine, GPU will not be used.
2026-07-22 06:21:03.990570: I external/local_xla/xla/tsl/cuda/cudart_stub.cc:31] Could not find cuda drivers on your machine, GPU will not be used.
2026-07-22 06:21:04.015693: I external/local_xla/xla/tsl/cuda/cudart_stub.cc:31] Could not find cuda drivers on your machine, GPU will not be used.
2026-07-22 06:21:04.015704: I external/local_xla/xla/tsl/cuda/cudart_stub.cc:31] Could not find cuda drivers on your machine, GPU will not be used.
2026-07-22 06:21:04.312326: I external/local_xla/xla/tsl/cuda/cudart_stub.cc:31] Could not find cuda drivers on your machine, GPU will not be used.
2026-07-22 06:21:04.355913: I external/local_xla/xla/tsl/cuda/cudart_stub.cc:31] Could not find cuda drivers on your machine, GPU will not be used.
2026-07-22 06:21:04.577730: I external/local_xla/xla/tsl/cuda/cudart_stub.cc:31] Could not find cuda drivers on your machine, GPU will not be used.
Error executing job with overrides: []
joblib.externals.loky.process_executor._RemoteTraceback: 
"""
Traceback (most recent call last):
  File "/proj/bmfm/users/bckwon/projects/QBioCode/.venv/lib/python3.12/site-packages/joblib/externals/loky/process_executor.py", line 490, in _process_worker
    r = call_item()
        ^^^^^^^^^^^
  File "/proj/bmfm/users/bckwon/projects/QBioCode/.venv/lib/python3.12/site-packages/joblib/externals/loky/process_executor.py", line 291, in __call__
    return self.fn(*self.args, **self.kwargs)
           ^^^^^^^^^^^^^^^^^^^^^^^^^^^^^^^^^^
  File "/proj/bmfm/users/bckwon/projects/QBioCode/.venv/lib/python3.12/site-packages/joblib/parallel.py", line 607, in __call__
    return [func(*args, **kwargs) for func, args, kwargs in self.items]
            ^^^^^^^^^^^^^^^^^^^^^
  File "/proj/bmfm/users/bckwon/projects/QBioCode/qbiocode/learning/compute_qensemble.py", line 444, in compute_qensemble
    raise ValueError(f"Circuit has {qc.num_qubits} qubits, exceeds simulation limit of 36")
ValueError: Circuit has 62 qubits, exceeds simulation limit of 36
"""

The above exception was the direct cause of the following exception:

Traceback (most recent call last):
  File "/proj/bmfm/users/bckwon/projects/QBioCode/qbiocode/apps/qprofiler/qprofiler.py", line 182, in main
    summary.update(model_run(X_train_emb, X_test_emb, y_train, y_test, data_key, args))
                   ^^^^^^^^^^^^^^^^^^^^^^^^^^^^^^^^^^^^^^^^^^^^^^^^^^^^^^^^^^^^^^^^^^^
  File "/proj/bmfm/users/bckwon/projects/QBioCode/qbiocode/evaluation/model_run.py", line 149, in model_run
    results = Parallel(n_jobs=n_jobs)(
              ^^^^^^^^^^^^^^^^^^^^^^^^
  File "/proj/bmfm/users/bckwon/projects/QBioCode/.venv/lib/python3.12/site-packages/joblib/parallel.py", line 2072, in __call__
    return output if self.return_generator else list(output)
                                                ^^^^^^^^^^^^
  File "/proj/bmfm/users/bckwon/projects/QBioCode/.venv/lib/python3.12/site-packages/joblib/parallel.py", line 1682, in _get_outputs
    yield from self._retrieve()
  File "/proj/bmfm/users/bckwon/projects/QBioCode/.venv/lib/python3.12/site-packages/joblib/parallel.py", line 1784, in _retrieve
    self._raise_error_fast()
  File "/proj/bmfm/users/bckwon/projects/QBioCode/.venv/lib/python3.12/site-packages/joblib/parallel.py", line 1859, in _raise_error_fast
    error_job.get_result(self.timeout)
  File "/proj/bmfm/users/bckwon/projects/QBioCode/.venv/lib/python3.12/site-packages/joblib/parallel.py", line 758, in get_result
    return self._return_or_raise()
           ^^^^^^^^^^^^^^^^^^^^^^^
  File "/proj/bmfm/users/bckwon/projects/QBioCode/.venv/lib/python3.12/site-packages/joblib/parallel.py", line 773, in _return_or_raise
    raise self._result
ValueError: Circuit has 62 qubits, exceeds simulation limit of 36

Set the environment variable HYDRA_FULL_ERROR=1 for a complete stack trace.
2026-07-22 06:21:49.505810: I tensorflow/core/platform/cpu_feature_guard.cc:210] This TensorFlow binary is optimized to use available CPU instructions in performance-critical operations.
To enable the following instructions: AVX2 FMA, in other operations, rebuild TensorFlow with the appropriate compiler flags.
2026-07-22 06:21:49.568573: I tensorflow/core/platform/cpu_feature_guard.cc:210] This TensorFlow binary is optimized to use available CPU instructions in performance-critical operations.
To enable the following instructions: AVX2 FMA, in other operations, rebuild TensorFlow with the appropriate compiler flags.
2026-07-22 06:21:49.600868: I tensorflow/core/platform/cpu_feature_guard.cc:210] This TensorFlow binary is optimized to use available CPU instructions in performance-critical operations.
To enable the following instructions: AVX2 FMA, in other operations, rebuild TensorFlow with the appropriate compiler flags.
2026-07-22 06:21:49.600868: I tensorflow/core/platform/cpu_feature_guard.cc:210] This TensorFlow binary is optimized to use available CPU instructions in performance-critical operations.
To enable the following instructions: AVX2 FMA, in other operations, rebuild TensorFlow with the appropriate compiler flags.
2026-07-22 06:21:49.607034: I tensorflow/core/platform/cpu_feature_guard.cc:210] This TensorFlow binary is optimized to use available CPU instructions in performance-critical operations.
To enable the following instructions: AVX2 FMA, in other operations, rebuild TensorFlow with the appropriate compiler flags.
2026-07-22 06:21:49.619120: I tensorflow/core/platform/cpu_feature_guard.cc:210] This TensorFlow binary is optimized to use available CPU instructions in performance-critical operations.
To enable the following instructions: AVX2 FMA, in other operations, rebuild TensorFlow with the appropriate compiler flags.
2026-07-22 06:21:49.621319: I tensorflow/core/platform/cpu_feature_guard.cc:210] This TensorFlow binary is optimized to use available CPU instructions in performance-critical operations.
To enable the following instructions: AVX2 FMA, in other operations, rebuild TensorFlow with the appropriate compiler flags.
2026-07-22 06:21:49.625261: I tensorflow/core/platform/cpu_feature_guard.cc:210] This TensorFlow binary is optimized to use available CPU instructions in performance-critical operations.
To enable the following instructions: AVX2 FMA, in other operations, rebuild TensorFlow with the appropriate compiler flags.
2026-07-22 06:21:49.630969: I tensorflow/core/platform/cpu_feature_guard.cc:210] This TensorFlow binary is optimized to use available CPU instructions in performance-critical operations.
To enable the following instructions: AVX2 FMA, in other operations, rebuild TensorFlow with the appropriate compiler flags.
2026-07-22 06:21:49.753399: I tensorflow/core/platform/cpu_feature_guard.cc:210] This TensorFlow binary is optimized to use available CPU instructions in performance-critical operations.
To enable the following instructions: AVX2 FMA, in other operations, rebuild TensorFlow with the appropriate compiler flags.
2026-07-22 06:21:51.272222: I external/local_xla/xla/tsl/cuda/cudart_stub.cc:31] Could not find cuda drivers on your machine, GPU will not be used.
2026-07-22 06:21:51.273176: I external/local_xla/xla/tsl/cuda/cudart_stub.cc:31] Could not find cuda drivers on your machine, GPU will not be used.
2026-07-22 06:21:51.294107: I external/local_xla/xla/tsl/cuda/cudart_stub.cc:31] Could not find cuda drivers on your machine, GPU will not be used.
2026-07-22 06:21:51.313081: I external/local_xla/xla/tsl/cuda/cudart_stub.cc:31] Could not find cuda drivers on your machine, GPU will not be used.
2026-07-22 06:21:51.318269: I external/local_xla/xla/tsl/cuda/cudart_stub.cc:31] Could not find cuda drivers on your machine, GPU will not be used.
2026-07-22 06:21:51.324451: I external/local_xla/xla/tsl/cuda/cudart_stub.cc:31] Could not find cuda drivers on your machine, GPU will not be used.
2026-07-22 06:21:51.366126: I external/local_xla/xla/tsl/cuda/cudart_stub.cc:31] Could not find cuda drivers on your machine, GPU will not be used.
2026-07-22 06:21:51.395787: I external/local_xla/xla/tsl/cuda/cudart_stub.cc:31] Could not find cuda drivers on your machine, GPU will not be used.
2026-07-22 06:21:51.470301: I external/local_xla/xla/tsl/cuda/cudart_stub.cc:31] Could not find cuda drivers on your machine, GPU will not be used.
2026-07-22 06:21:51.486296: I external/local_xla/xla/tsl/cuda/cudart_stub.cc:31] Could not find cuda drivers on your machine, GPU will not be used.
WARNING:qiskit_machine_learning.neural_networks.estimator_qnn:No gradient function provided, creating a gradient function. If your Estimator requires transpilation, please provide a pass manager.
WARNING:qiskit_machine_learning.neural_networks.sampler_qnn:No gradient function provided, creating a gradient function. If your Sampler requires transpilation, please provide a pass manager.
Error executing job with overrides: []
joblib.externals.loky.process_executor._RemoteTraceback: 
"""
Traceback (most recent call last):
  File "/proj/bmfm/users/bckwon/projects/QBioCode/.venv/lib/python3.12/site-packages/joblib/externals/loky/process_executor.py", line 490, in _process_worker
    r = call_item()
        ^^^^^^^^^^^
  File "/proj/bmfm/users/bckwon/projects/QBioCode/.venv/lib/python3.12/site-packages/joblib/externals/loky/process_executor.py", line 291, in __call__
    return self.fn(*self.args, **self.kwargs)
           ^^^^^^^^^^^^^^^^^^^^^^^^^^^^^^^^^^
  File "/proj/bmfm/users/bckwon/projects/QBioCode/.venv/lib/python3.12/site-packages/joblib/parallel.py", line 607, in __call__
    return [func(*args, **kwargs) for func, args, kwargs in self.items]
            ^^^^^^^^^^^^^^^^^^^^^
  File "/proj/bmfm/users/bckwon/projects/QBioCode/qbiocode/learning/compute_qensemble.py", line 444, in compute_qensemble
    raise ValueError(f"Circuit has {qc.num_qubits} qubits, exceeds simulation limit of 36")
ValueError: Circuit has 62 qubits, exceeds simulation limit of 36
"""

The above exception was the direct cause of the following exception:

Traceback (most recent call last):
  File "/proj/bmfm/users/bckwon/projects/QBioCode/qbiocode/apps/qprofiler/qprofiler.py", line 182, in main
    summary.update(model_run(X_train_emb, X_test_emb, y_train, y_test, data_key, args))
                   ^^^^^^^^^^^^^^^^^^^^^^^^^^^^^^^^^^^^^^^^^^^^^^^^^^^^^^^^^^^^^^^^^^^
  File "/proj/bmfm/users/bckwon/projects/QBioCode/qbiocode/evaluation/model_run.py", line 149, in model_run
    results = Parallel(n_jobs=n_jobs)(
              ^^^^^^^^^^^^^^^^^^^^^^^^
  File "/proj/bmfm/users/bckwon/projects/QBioCode/.venv/lib/python3.12/site-packages/joblib/parallel.py", line 2072, in __call__
    return output if self.return_generator else list(output)
                                                ^^^^^^^^^^^^
  File "/proj/bmfm/users/bckwon/projects/QBioCode/.venv/lib/python3.12/site-packages/joblib/parallel.py", line 1682, in _get_outputs
    yield from self._retrieve()
  File "/proj/bmfm/users/bckwon/projects/QBioCode/.venv/lib/python3.12/site-packages/joblib/parallel.py", line 1784, in _retrieve
    self._raise_error_fast()
  File "/proj/bmfm/users/bckwon/projects/QBioCode/.venv/lib/python3.12/site-packages/joblib/parallel.py", line 1859, in _raise_error_fast
    error_job.get_result(self.timeout)
  File "/proj/bmfm/users/bckwon/projects/QBioCode/.venv/lib/python3.12/site-packages/joblib/parallel.py", line 758, in get_result
    return self._return_or_raise()
           ^^^^^^^^^^^^^^^^^^^^^^^
  File "/proj/bmfm/users/bckwon/projects/QBioCode/.venv/lib/python3.12/site-packages/joblib/parallel.py", line 773, in _return_or_raise
    raise self._result
ValueError: Circuit has 62 qubits, exceeds simulation limit of 36

Set the environment variable HYDRA_FULL_ERROR=1 for a complete stack trace.
Processing file: train.csv
[2026-07-22 06:22:15,781][qbiocode.apps.qprofiler.qprofiler][INFO] - Started processing data set train.csv
[2026-07-22 06:22:15,782][qbiocode.apps.qprofiler.qprofiler][INFO] - Dataset has 2 classes: [0, 1]
[2026-07-22 06:22:15,870][qbiocode.apps.qprofiler.qprofiler][INFO] - Begin processing iteration (split) 1 of 3 with stratified sampling
[2026-07-22 06:22:15,912][qbiocode.apps.qprofiler.qprofiler][INFO] - No feature reduction (embedding) applied in this iteration
2026-07-22 06:24:03.412964: I tensorflow/core/platform/cpu_feature_guard.cc:210] This TensorFlow binary is optimized to use available CPU instructions in performance-critical operations.
To enable the following instructions: AVX2 FMA, in other operations, rebuild TensorFlow with the appropriate compiler flags.
2026-07-22 06:24:03.450108: I tensorflow/core/platform/cpu_feature_guard.cc:210] This TensorFlow binary is optimized to use available CPU instructions in performance-critical operations.
To enable the following instructions: AVX2 FMA, in other operations, rebuild TensorFlow with the appropriate compiler flags.
2026-07-22 06:24:03.467029: I tensorflow/core/platform/cpu_feature_guard.cc:210] This TensorFlow binary is optimized to use available CPU instructions in performance-critical operations.
To enable the following instructions: AVX2 FMA, in other operations, rebuild TensorFlow with the appropriate compiler flags.
2026-07-22 06:24:03.526339: I tensorflow/core/platform/cpu_feature_guard.cc:210] This TensorFlow binary is optimized to use available CPU instructions in performance-critical operations.
To enable the following instructions: AVX2 FMA, in other operations, rebuild TensorFlow with the appropriate compiler flags.
2026-07-22 06:24:03.557478: I tensorflow/core/platform/cpu_feature_guard.cc:210] This TensorFlow binary is optimized to use available CPU instructions in performance-critical operations.
To enable the following instructions: AVX2 FMA, in other operations, rebuild TensorFlow with the appropriate compiler flags.
2026-07-22 06:24:03.603943: I tensorflow/core/platform/cpu_feature_guard.cc:210] This TensorFlow binary is optimized to use available CPU instructions in performance-critical operations.
To enable the following instructions: AVX2 FMA, in other operations, rebuild TensorFlow with the appropriate compiler flags.
2026-07-22 06:24:03.606267: I tensorflow/core/platform/cpu_feature_guard.cc:210] This TensorFlow binary is optimized to use available CPU instructions in performance-critical operations.
To enable the following instructions: AVX2 FMA, in other operations, rebuild TensorFlow with the appropriate compiler flags.
2026-07-22 06:24:03.606267: I tensorflow/core/platform/cpu_feature_guard.cc:210] This TensorFlow binary is optimized to use available CPU instructions in performance-critical operations.
To enable the following instructions: AVX2 FMA, in other operations, rebuild TensorFlow with the appropriate compiler flags.
2026-07-22 06:24:03.607339: I tensorflow/core/platform/cpu_feature_guard.cc:210] This TensorFlow binary is optimized to use available CPU instructions in performance-critical operations.
To enable the following instructions: AVX2 FMA, in other operations, rebuild TensorFlow with the appropriate compiler flags.
2026-07-22 06:24:03.733407: I tensorflow/core/platform/cpu_feature_guard.cc:210] This TensorFlow binary is optimized to use available CPU instructions in performance-critical operations.
To enable the following instructions: AVX2 FMA, in other operations, rebuild TensorFlow with the appropriate compiler flags.
2026-07-22 06:24:05.216660: I external/local_xla/xla/tsl/cuda/cudart_stub.cc:31] Could not find cuda drivers on your machine, GPU will not be used.
2026-07-22 06:24:05.243527: I external/local_xla/xla/tsl/cuda/cudart_stub.cc:31] Could not find cuda drivers on your machine, GPU will not be used.
2026-07-22 06:24:05.343485: I external/local_xla/xla/tsl/cuda/cudart_stub.cc:31] Could not find cuda drivers on your machine, GPU will not be used.
2026-07-22 06:24:05.345288: I external/local_xla/xla/tsl/cuda/cudart_stub.cc:31] Could not find cuda drivers on your machine, GPU will not be used.
2026-07-22 06:24:05.425478: I external/local_xla/xla/tsl/cuda/cudart_stub.cc:31] Could not find cuda drivers on your machine, GPU will not be used.
2026-07-22 06:24:05.450762: I external/local_xla/xla/tsl/cuda/cudart_stub.cc:31] Could not find cuda drivers on your machine, GPU will not be used.
2026-07-22 06:24:05.453356: I external/local_xla/xla/tsl/cuda/cudart_stub.cc:31] Could not find cuda drivers on your machine, GPU will not be used.
2026-07-22 06:24:05.475203: I external/local_xla/xla/tsl/cuda/cudart_stub.cc:31] Could not find cuda drivers on your machine, GPU will not be used.
2026-07-22 06:24:05.519642: I external/local_xla/xla/tsl/cuda/cudart_stub.cc:31] Could not find cuda drivers on your machine, GPU will not be used.
2026-07-22 06:24:05.609333: I external/local_xla/xla/tsl/cuda/cudart_stub.cc:31] Could not find cuda drivers on your machine, GPU will not be used.
WARNING:qiskit_machine_learning.neural_networks.estimator_qnn:No gradient function provided, creating a gradient function. If your Estimator requires transpilation, please provide a pass manager.
Error executing job with overrides: []
joblib.externals.loky.process_executor._RemoteTraceback: 
"""
Traceback (most recent call last):
  File "/proj/bmfm/users/bckwon/projects/QBioCode/.venv/lib/python3.12/site-packages/joblib/externals/loky/process_executor.py", line 490, in _process_worker
    r = call_item()
        ^^^^^^^^^^^
  File "/proj/bmfm/users/bckwon/projects/QBioCode/.venv/lib/python3.12/site-packages/joblib/externals/loky/process_executor.py", line 291, in __call__
    return self.fn(*self.args, **self.kwargs)
           ^^^^^^^^^^^^^^^^^^^^^^^^^^^^^^^^^^
  File "/proj/bmfm/users/bckwon/projects/QBioCode/.venv/lib/python3.12/site-packages/joblib/parallel.py", line 607, in __call__
    return [func(*args, **kwargs) for func, args, kwargs in self.items]
            ^^^^^^^^^^^^^^^^^^^^^
  File "/proj/bmfm/users/bckwon/projects/QBioCode/qbiocode/learning/compute_qensemble.py", line 444, in compute_qensemble
    raise ValueError(f"Circuit has {qc.num_qubits} qubits, exceeds simulation limit of 36")
ValueError: Circuit has 62 qubits, exceeds simulation limit of 36
"""

The above exception was the direct cause of the following exception:

Traceback (most recent call last):
  File "/proj/bmfm/users/bckwon/projects/QBioCode/qbiocode/apps/qprofiler/qprofiler.py", line 182, in main
    summary.update(model_run(X_train_emb, X_test_emb, y_train, y_test, data_key, args))
                   ^^^^^^^^^^^^^^^^^^^^^^^^^^^^^^^^^^^^^^^^^^^^^^^^^^^^^^^^^^^^^^^^^^^
  File "/proj/bmfm/users/bckwon/projects/QBioCode/qbiocode/evaluation/model_run.py", line 149, in model_run
    results = Parallel(n_jobs=n_jobs)(
              ^^^^^^^^^^^^^^^^^^^^^^^^
  File "/proj/bmfm/users/bckwon/projects/QBioCode/.venv/lib/python3.12/site-packages/joblib/parallel.py", line 2072, in __call__
    return output if self.return_generator else list(output)
                                                ^^^^^^^^^^^^
  File "/proj/bmfm/users/bckwon/projects/QBioCode/.venv/lib/python3.12/site-packages/joblib/parallel.py", line 1682, in _get_outputs
    yield from self._retrieve()
  File "/proj/bmfm/users/bckwon/projects/QBioCode/.venv/lib/python3.12/site-packages/joblib/parallel.py", line 1784, in _retrieve
    self._raise_error_fast()
  File "/proj/bmfm/users/bckwon/projects/QBioCode/.venv/lib/python3.12/site-packages/joblib/parallel.py", line 1859, in _raise_error_fast
    error_job.get_result(self.timeout)
  File "/proj/bmfm/users/bckwon/projects/QBioCode/.venv/lib/python3.12/site-packages/joblib/parallel.py", line 758, in get_result
    return self._return_or_raise()
           ^^^^^^^^^^^^^^^^^^^^^^^
  File "/proj/bmfm/users/bckwon/projects/QBioCode/.venv/lib/python3.12/site-packages/joblib/parallel.py", line 773, in _return_or_raise
    raise self._result
ValueError: Circuit has 62 qubits, exceeds simulation limit of 36

Set the environment variable HYDRA_FULL_ERROR=1 for a complete stack trace.

Collecting results...
Warning: Results not found for train.csv
Warning: Results not found for train_qml.csv
Warning: Results not found for valid.csv
Warning: Results not found for test.csv

============================================================
Batch processing complete!
Total run time: 0.09 hours
Results saved to: results/Solubility_AqSolDB_ecfp4_batch_2026-07-22_04_18_58_480706
============================================================

======================================================
End time : Wed Jul 22 06:24:17 AM CEST 2026
Exit code: 0
======================================================

------------------------------------------------------------
Sender: LSF System <lsfadmin@zu-a100-c08-02.zuvela.ibm.com>
Subject: Job 32958[16]: <admet_qprofiler[1-66]> in cluster <ZuVela_FP15> Done

Job <admet_qprofiler[1-66]> was submitted from host <zu-login-02> by user <bkwon> in cluster <ZuVela_FP15> at Wed Jul 22 06:14:19 2026
Job was executed on host(s) <6*zu-a100-c08-02>, in queue <normal>, as user <bkwon> in cluster <ZuVela_FP15> at Wed Jul 22 06:18:38 2026
</u/bkwon> was used as the home directory.
</proj/bmfm/users/bckwon/projects/QBioCode> was used as the working directory.
Started at Wed Jul 22 06:18:38 2026
Terminated at Wed Jul 22 06:24:18 2026
Results reported at Wed Jul 22 06:24:18 2026

Your job looked like:

------------------------------------------------------------
# LSBATCH: User input
#!/usr/bin/env bash
#==============================================================================
# LSF Job Array: Phase 4 — QProfiler Sweep (one job per endpoint × featurizer)
#
# Runs qprofiler-batch for each of the 22 ADMET endpoints × 3 featurizers
# as an LSF job array (66 independent jobs).  Each job processes one
# endpoint/featurizer directory.
#
# Submit from repo root:
#   bsub < experiments/admet_benchmark/lsf/job_02_qprofiler_array.sh
#
# Estimated wall time per job: ~2.5 h (QML on simulator, 10 models × 3 splits)
# Total compute: ~66 jobs × 2.5 h = 165 core-hours
#==============================================================================

#BSUB -J admet_qprofiler[1-66]
#BSUB -q normal
#BSUB -n 6
#BSUB -R "span[hosts=1]"
#BSUB -R "rusage[mem=16000]"
#BSUB -gpu "num=1:mode=exclusive_process:j_exclusive=yes"
#BSUB -W 04:00
#BSUB -o logs/admet/qprofiler_%I_%J.out
#BSUB -e logs/admet/qprofiler_%I_%J.err
#BSUB -cwd /proj/bmfm/users/bckwon/projects/QBioCode

set -euo pipefail

REPO_ROOT="/proj/bmfm/users/bckwon/projects/QBioCode"
PYTHON="${REPO_ROOT}/.venv/bin/python"
LOG_DIR="${REPO_ROOT}/logs/admet"
DATA_DIR="${REPO_ROOT}/data/admet"
CONFIG="${REPO_ROOT}/qbiocode/apps/qprofiler/configs/admet_config.yaml"

mkdir -p "${LOG_DIR}"

# Build ordered list of all (endpoint, featurizer) pairs — must match array size
ENDPOINTS=(
    Caco2_Wang HIA_Hou Pgp_Broccatelli Bioavailability_Ma
    Lipophilicity_AstraZeneca Solubility_AqSolDB BBB_Martins
    PPBR_AstraZeneca VDss_Lombardo
    CYP2C19_Veith CYP2D6_Veith CYP3A4_Veith CYP1A2_Veith CYP2C9_Veith
    CYP2C9_Substrate_CarbonMangels CYP2D6_Substrate_CarbonMangels
    CYP3A4_Substrate_CarbonMangels
    Half_Life_Obach Clearance_Hepatocyte_AZ
    hERG AMES DILI
)
FEATURIZERS=(ecfp4 maccs rdkit200)

# Build flat task list: task_index → (endpoint, featurizer)

(... more ...)
------------------------------------------------------------

Successfully completed.

Resource usage summary:

    CPU time :                                   2249.00 sec.
    Max Memory :                                 12835 MB
    Average Memory :                             4728.14 MB
    Total Requested Memory :                     16000.00 MB
    Delta Memory :                               3165.00 MB
    Max Swap :                                   -
    Max Processes :                              32
    Max Threads :                                1276
    Run time :                                   341 sec.
    Turnaround time :                            599 sec.

The output (if any) is above this job summary.



PS:

Read file <logs/admet/qprofiler_16_32958.err> for stderr output of this job.

