
------------------------------------------------------------
Sender: LSF System <lsfadmin@zu-a100-c08-02.zuvela.ibm.com>
Subject: Job 32219[23]: <admet_qprofiler_retry[1-40]> in cluster <ZuVela_FP15> Exited

Job <admet_qprofiler_retry[1-40]> was submitted from host <zu-login-02> by user <bkwon> in cluster <ZuVela_FP15> at Wed Jul 22 04:11:18 2026
Job was executed on host(s) <6*zu-a100-c08-02>, in queue <normal>, as user <bkwon> in cluster <ZuVela_FP15> at Wed Jul 22 04:15:47 2026
</u/bkwon> was used as the home directory.
</proj/bmfm/users/bckwon/projects/QBioCode> was used as the working directory.
Started at Wed Jul 22 04:15:47 2026
Terminated at Wed Jul 22 04:15:50 2026
Results reported at Wed Jul 22 04:15:50 2026

Your job looked like:

------------------------------------------------------------
# LSBATCH: User input
#!/usr/bin/env bash
#==============================================================================
# LSF Job Array: QProfiler Retry — 40 missing endpoint × featurizer tasks
#
# Auto-generated to cover tasks not completed by the original array (32033).
# The TASKS array below maps LSF index [1-40] directly to the missing pairs.
#
# Submit from repo root:
#   bsub < experiments/admet_benchmark/lsf/job_02_qprofiler_retry.sh
#==============================================================================

#BSUB -J admet_qprofiler_retry[1-40]
#BSUB -q normal
#BSUB -n 6
#BSUB -R "span[hosts=1]"
#BSUB -R "rusage[mem=16000]"
#BSUB -gpu "num=1:mode=exclusive_process:j_exclusive=yes"
#BSUB -W 04:00
#BSUB -o logs/admet/qprofiler_%I_%J.out
#BSUB -e logs/admet/qprofiler_%I_%J.err
#BSUB -cwd /proj/bmfm/users/bckwon/projects/QBioCode

set -euo pipefail

REPO_ROOT="/proj/bmfm/users/bckwon/projects/QBioCode"
PYTHON="${REPO_ROOT}/.venv/bin/python"
LOG_DIR="${REPO_ROOT}/logs/admet"
DATA_DIR="${REPO_ROOT}/data/admet"
CONFIG="${REPO_ROOT}/qbiocode/apps/qprofiler/configs/admet_config.yaml"

mkdir -p "${LOG_DIR}"

# Explicit list of the 40 missing (endpoint:::featurizer) pairs — 1-based index
TASKS=(
    ""                                                    # index 0 unused (LSF is 1-based)
    "HIA_Hou:::maccs"                                     #  1
    "Lipophilicity_AstraZeneca:::rdkit200"                #  2
    "Solubility_AqSolDB:::ecfp4"                          #  3
    "Solubility_AqSolDB:::maccs"                          #  4
    "Solubility_AqSolDB:::rdkit200"                       #  5
    "BBB_Martins:::ecfp4"                                 #  6
    "BBB_Martins:::rdkit200"                              #  7
    "PPBR_AstraZeneca:::ecfp4"                            #  8
    "PPBR_AstraZeneca:::maccs"                            #  9
    "PPBR_AstraZeneca:::rdkit200"                         # 10
    "VDss_Lombardo:::ecfp4"                               # 11
    "VDss_Lombardo:::maccs"                               # 12
    "VDss_Lombardo:::rdkit200"                            # 13
    "CYP2C19_Veith:::ecfp4"                               # 14
    "CYP2C19_Veith:::maccs"                               # 15

(... more ...)
------------------------------------------------------------

Exited.


The output (if any) is above this job summary.



PS:

Read file <logs/admet/qprofiler_23_32219.err> for stderr output of this job.

