2026-07-22 05:11:54.149231: I tensorflow/core/platform/cpu_feature_guard.cc:210] This TensorFlow binary is optimized to use available CPU instructions in performance-critical operations.
To enable the following instructions: AVX2 FMA, in other operations, rebuild TensorFlow with the appropriate compiler flags.
2026-07-22 05:12:04.113109: I external/local_xla/xla/tsl/cuda/cudart_stub.cc:31] Could not find cuda drivers on your machine, GPU will not be used.
QProfiler Batch Mode
============================================================
Input directory: /proj/bmfm/users/bckwon/projects/QBioCode/data/admet/CYP2C9_Veith/maccs
Config file: /proj/bmfm/users/bckwon/projects/QBioCode/qbiocode/apps/qprofiler/configs/admet_config.yaml
Data type: CYP2C9_Veith_maccs
Parallel jobs: 10
Output timestamp: 2026-07-22_03_12_16_479120
============================================================
2026-07-22 05:12:35.266221: I tensorflow/core/platform/cpu_feature_guard.cc:210] This TensorFlow binary is optimized to use available CPU instructions in performance-critical operations.
To enable the following instructions: AVX2 FMA, in other operations, rebuild TensorFlow with the appropriate compiler flags.
2026-07-22 05:12:36.910557: I external/local_xla/xla/tsl/cuda/cudart_stub.cc:31] Could not find cuda drivers on your machine, GPU will not be used.
2026-07-22 05:12:38.742838: I tensorflow/core/platform/cpu_feature_guard.cc:210] This TensorFlow binary is optimized to use available CPU instructions in performance-critical operations.
To enable the following instructions: AVX2 FMA, in other operations, rebuild TensorFlow with the appropriate compiler flags.
2026-07-22 05:12:39.375722: I tensorflow/core/platform/cpu_feature_guard.cc:210] This TensorFlow binary is optimized to use available CPU instructions in performance-critical operations.
To enable the following instructions: AVX2 FMA, in other operations, rebuild TensorFlow with the appropriate compiler flags.
2026-07-22 05:12:39.412502: I tensorflow/core/platform/cpu_feature_guard.cc:210] This TensorFlow binary is optimized to use available CPU instructions in performance-critical operations.
To enable the following instructions: AVX2 FMA, in other operations, rebuild TensorFlow with the appropriate compiler flags.
2026-07-22 05:12:40.579710: I external/local_xla/xla/tsl/cuda/cudart_stub.cc:31] Could not find cuda drivers on your machine, GPU will not be used.
2026-07-22 05:12:41.387416: I external/local_xla/xla/tsl/cuda/cudart_stub.cc:31] Could not find cuda drivers on your machine, GPU will not be used.
2026-07-22 05:12:41.415173: I external/local_xla/xla/tsl/cuda/cudart_stub.cc:31] Could not find cuda drivers on your machine, GPU will not be used.
2026-07-22 05:12:57.687664: I tensorflow/core/platform/cpu_feature_guard.cc:210] This TensorFlow binary is optimized to use available CPU instructions in performance-critical operations.
To enable the following instructions: AVX2 FMA, in other operations, rebuild TensorFlow with the appropriate compiler flags.
2026-07-22 05:12:59.431996: I external/local_xla/xla/tsl/cuda/cudart_stub.cc:31] Could not find cuda drivers on your machine, GPU will not be used.
2026-07-22 05:13:01.218076: I tensorflow/core/platform/cpu_feature_guard.cc:210] This TensorFlow binary is optimized to use available CPU instructions in performance-critical operations.
To enable the following instructions: AVX2 FMA, in other operations, rebuild TensorFlow with the appropriate compiler flags.
2026-07-22 05:13:02.638958: I tensorflow/core/platform/cpu_feature_guard.cc:210] This TensorFlow binary is optimized to use available CPU instructions in performance-critical operations.
To enable the following instructions: AVX2 FMA, in other operations, rebuild TensorFlow with the appropriate compiler flags.
[2026-07-22 05:13:02,758][qbiocode.apps.qprofiler.qprofiler][INFO] - Main program initiated
[2026-07-22 05:13:02,759][qbiocode.apps.qprofiler.qprofiler][INFO] - The number of ML methods being parallelized is 10
[2026-07-22 05:13:02,759][qbiocode.apps.qprofiler.qprofiler][INFO] - Chosen backend for quantum algorithms is: simulator
[2026-07-22 05:13:02,760][qbiocode.apps.qprofiler.qprofiler][INFO] - 
The total run time of program is: 
0.0017938613891601562
2026-07-22 05:13:03.025503: I external/local_xla/xla/tsl/cuda/cudart_stub.cc:31] Could not find cuda drivers on your machine, GPU will not be used.
2026-07-22 05:13:03.360243: I tensorflow/core/platform/cpu_feature_guard.cc:210] This TensorFlow binary is optimized to use available CPU instructions in performance-critical operations.
To enable the following instructions: AVX2 FMA, in other operations, rebuild TensorFlow with the appropriate compiler flags.
2026-07-22 05:13:04.511412: I external/local_xla/xla/tsl/cuda/cudart_stub.cc:31] Could not find cuda drivers on your machine, GPU will not be used.
2026-07-22 05:13:05.214845: I external/local_xla/xla/tsl/cuda/cudart_stub.cc:31] Could not find cuda drivers on your machine, GPU will not be used.
[2026-07-22 05:13:06,394][qbiocode.apps.qprofiler.qprofiler][INFO] - Main program initiated
[2026-07-22 05:13:06,395][qbiocode.apps.qprofiler.qprofiler][INFO] - The number of ML methods being parallelized is 10
[2026-07-22 05:13:06,395][qbiocode.apps.qprofiler.qprofiler][INFO] - Chosen backend for quantum algorithms is: simulator
[2026-07-22 05:13:06,395][qbiocode.apps.qprofiler.qprofiler][INFO] - 
The total run time of program is: 
0.0007753372192382812
[2026-07-22 05:13:08,331][qbiocode.apps.qprofiler.qprofiler][INFO] - Main program initiated
[2026-07-22 05:13:08,331][qbiocode.apps.qprofiler.qprofiler][INFO] - The number of ML methods being parallelized is 10
[2026-07-22 05:13:08,332][qbiocode.apps.qprofiler.qprofiler][INFO] - Chosen backend for quantum algorithms is: simulator
[2026-07-22 05:13:08,332][qbiocode.apps.qprofiler.qprofiler][INFO] - 
The total run time of program is: 
0.0008885860443115234
[2026-07-22 05:13:09,687][qbiocode.apps.qprofiler.qprofiler][INFO] - Main program initiated
[2026-07-22 05:13:09,687][qbiocode.apps.qprofiler.qprofiler][INFO] - The number of ML methods being parallelized is 10
[2026-07-22 05:13:09,687][qbiocode.apps.qprofiler.qprofiler][INFO] - Chosen backend for quantum algorithms is: simulator
[2026-07-22 05:13:09,688][qbiocode.apps.qprofiler.qprofiler][INFO] - 
The total run time of program is: 
0.000736236572265625

Collecting results...
Warning: Results not found for train.csv
Warning: Results not found for train_qml.csv
Warning: Results not found for valid.csv
Warning: Results not found for test.csv

============================================================
Batch processing complete!
Total run time: 0.02 hours
Results saved to: results/CYP2C9_Veith_maccs_batch_2026-07-22_03_12_16_479120
============================================================
