======================================================
Job ID       : 32958[4]
Host         : zu-a100-c05-03
Start time   : Wed Jul 22 06:17:57 AM CEST 2026
Endpoint     : HIA_Hou
Featurizer   : ecfp4
Input dir    : /proj/bmfm/users/bckwon/projects/QBioCode/data/admet/HIA_Hou/ecfp4
======================================================
2026-07-22 06:18:09.058315: I tensorflow/core/platform/cpu_feature_guard.cc:210] This TensorFlow binary is optimized to use available CPU instructions in performance-critical operations.
To enable the following instructions: AVX2 FMA, in other operations, rebuild TensorFlow with the appropriate compiler flags.
2026-07-22 06:18:10.524323: I external/local_xla/xla/tsl/cuda/cudart_stub.cc:31] Could not find cuda drivers on your machine, GPU will not be used.
QProfiler Batch Mode
============================================================
Input directory: /proj/bmfm/users/bckwon/projects/QBioCode/data/admet/HIA_Hou/ecfp4
Config file: /proj/bmfm/users/bckwon/projects/QBioCode/qbiocode/apps/qprofiler/configs/admet_config.yaml
Data type: HIA_Hou_ecfp4
Parallel jobs: 10
Output timestamp: 2026-07-22_04_18_12_660477
============================================================
2026-07-22 06:18:27.449036: I tensorflow/core/platform/cpu_feature_guard.cc:210] This TensorFlow binary is optimized to use available CPU instructions in performance-critical operations.
To enable the following instructions: AVX2 FMA, in other operations, rebuild TensorFlow with the appropriate compiler flags.
2026-07-22 06:18:27.511983: I tensorflow/core/platform/cpu_feature_guard.cc:210] This TensorFlow binary is optimized to use available CPU instructions in performance-critical operations.
To enable the following instructions: AVX2 FMA, in other operations, rebuild TensorFlow with the appropriate compiler flags.
2026-07-22 06:18:27.518171: I tensorflow/core/platform/cpu_feature_guard.cc:210] This TensorFlow binary is optimized to use available CPU instructions in performance-critical operations.
To enable the following instructions: AVX2 FMA, in other operations, rebuild TensorFlow with the appropriate compiler flags.
2026-07-22 06:18:27.785579: I tensorflow/core/platform/cpu_feature_guard.cc:210] This TensorFlow binary is optimized to use available CPU instructions in performance-critical operations.
To enable the following instructions: AVX2 FMA, in other operations, rebuild TensorFlow with the appropriate compiler flags.
2026-07-22 06:18:28.909188: I external/local_xla/xla/tsl/cuda/cudart_stub.cc:31] Could not find cuda drivers on your machine, GPU will not be used.
2026-07-22 06:18:29.012935: I external/local_xla/xla/tsl/cuda/cudart_stub.cc:31] Could not find cuda drivers on your machine, GPU will not be used.
2026-07-22 06:18:29.015549: I external/local_xla/xla/tsl/cuda/cudart_stub.cc:31] Could not find cuda drivers on your machine, GPU will not be used.
2026-07-22 06:18:29.354386: I external/local_xla/xla/tsl/cuda/cudart_stub.cc:31] Could not find cuda drivers on your machine, GPU will not be used.
2026-07-22 06:18:43.200796: I tensorflow/core/platform/cpu_feature_guard.cc:210] This TensorFlow binary is optimized to use available CPU instructions in performance-critical operations.
To enable the following instructions: AVX2 FMA, in other operations, rebuild TensorFlow with the appropriate compiler flags.
2026-07-22 06:18:43.571966: I tensorflow/core/platform/cpu_feature_guard.cc:210] This TensorFlow binary is optimized to use available CPU instructions in performance-critical operations.
To enable the following instructions: AVX2 FMA, in other operations, rebuild TensorFlow with the appropriate compiler flags.
2026-07-22 06:18:43.608043: I tensorflow/core/platform/cpu_feature_guard.cc:210] This TensorFlow binary is optimized to use available CPU instructions in performance-critical operations.
To enable the following instructions: AVX2 FMA, in other operations, rebuild TensorFlow with the appropriate compiler flags.
2026-07-22 06:18:43.937699: I tensorflow/core/platform/cpu_feature_guard.cc:210] This TensorFlow binary is optimized to use available CPU instructions in performance-critical operations.
To enable the following instructions: AVX2 FMA, in other operations, rebuild TensorFlow with the appropriate compiler flags.
2026-07-22 06:18:44.687792: I external/local_xla/xla/tsl/cuda/cudart_stub.cc:31] Could not find cuda drivers on your machine, GPU will not be used.
2026-07-22 06:18:45.090915: I external/local_xla/xla/tsl/cuda/cudart_stub.cc:31] Could not find cuda drivers on your machine, GPU will not be used.
2026-07-22 06:18:45.097902: I external/local_xla/xla/tsl/cuda/cudart_stub.cc:31] Could not find cuda drivers on your machine, GPU will not be used.
2026-07-22 06:18:45.413117: I external/local_xla/xla/tsl/cuda/cudart_stub.cc:31] Could not find cuda drivers on your machine, GPU will not be used.
[2026-07-22 06:18:47,277][qbiocode.apps.qprofiler.qprofiler][INFO] - Main program initiated
[2026-07-22 06:18:47,277][qbiocode.apps.qprofiler.qprofiler][INFO] - The number of ML methods being parallelized is 10
[2026-07-22 06:18:47,277][qbiocode.apps.qprofiler.qprofiler][INFO] - Chosen backend for quantum algorithms is: simulator
[2026-07-22 06:18:47,813][qbiocode.apps.qprofiler.qprofiler][INFO] - Main program initiated
[2026-07-22 06:18:47,814][qbiocode.apps.qprofiler.qprofiler][INFO] - The number of ML methods being parallelized is 10
[2026-07-22 06:18:47,814][qbiocode.apps.qprofiler.qprofiler][INFO] - Chosen backend for quantum algorithms is: simulator
[2026-07-22 06:18:47,904][qbiocode.apps.qprofiler.qprofiler][INFO] - Main program initiated
[2026-07-22 06:18:47,904][qbiocode.apps.qprofiler.qprofiler][INFO] - The number of ML methods being parallelized is 10
[2026-07-22 06:18:47,904][qbiocode.apps.qprofiler.qprofiler][INFO] - Chosen backend for quantum algorithms is: simulator
[2026-07-22 06:18:48,020][qbiocode.apps.qprofiler.qprofiler][INFO] - Main program initiated
[2026-07-22 06:18:48,021][qbiocode.apps.qprofiler.qprofiler][INFO] - The number of ML methods being parallelized is 10
[2026-07-22 06:18:48,021][qbiocode.apps.qprofiler.qprofiler][INFO] - Chosen backend for quantum algorithms is: simulator
Processing file: valid.csv
[2026-07-22 06:18:51,528][qbiocode.apps.qprofiler.qprofiler][INFO] - Started processing data set valid.csv
[2026-07-22 06:18:51,529][qbiocode.apps.qprofiler.qprofiler][INFO] - Dataset has 2 classes: [0, 1]
[2026-07-22 06:18:51,530][qbiocode.apps.qprofiler.qprofiler][INFO] - Begin processing iteration (split) 1 of 3 with stratified sampling
[2026-07-22 06:18:51,532][qbiocode.apps.qprofiler.qprofiler][INFO] - No feature reduction (embedding) applied in this iteration
Processing file: test.csv
[2026-07-22 06:18:52,970][qbiocode.apps.qprofiler.qprofiler][INFO] - Started processing data set test.csv
[2026-07-22 06:18:52,970][qbiocode.apps.qprofiler.qprofiler][INFO] - Dataset has 2 classes: [0, 1]
[2026-07-22 06:18:52,972][qbiocode.apps.qprofiler.qprofiler][INFO] - Begin processing iteration (split) 1 of 3 with stratified sampling
[2026-07-22 06:18:52,975][qbiocode.apps.qprofiler.qprofiler][INFO] - No feature reduction (embedding) applied in this iteration
Processing file: train_qml.csv
[2026-07-22 06:18:53,886][qbiocode.apps.qprofiler.qprofiler][INFO] - Started processing data set train_qml.csv
[2026-07-22 06:18:53,886][qbiocode.apps.qprofiler.qprofiler][INFO] - Dataset has 2 classes: [0, 1]
[2026-07-22 06:18:53,891][qbiocode.apps.qprofiler.qprofiler][INFO] - Begin processing iteration (split) 1 of 3 with stratified sampling
[2026-07-22 06:18:53,893][qbiocode.apps.qprofiler.qprofiler][INFO] - No feature reduction (embedding) applied in this iteration
Processing file: train.csv
[2026-07-22 06:18:57,240][qbiocode.apps.qprofiler.qprofiler][INFO] - Started processing data set train.csv
[2026-07-22 06:18:57,240][qbiocode.apps.qprofiler.qprofiler][INFO] - Dataset has 2 classes: [0, 1]
[2026-07-22 06:18:57,246][qbiocode.apps.qprofiler.qprofiler][INFO] - Begin processing iteration (split) 1 of 3 with stratified sampling
[2026-07-22 06:18:57,253][qbiocode.apps.qprofiler.qprofiler][INFO] - No feature reduction (embedding) applied in this iteration
2026-07-22 06:19:09.728445: I tensorflow/core/platform/cpu_feature_guard.cc:210] This TensorFlow binary is optimized to use available CPU instructions in performance-critical operations.
To enable the following instructions: AVX2 FMA, in other operations, rebuild TensorFlow with the appropriate compiler flags.
2026-07-22 06:19:09.882616: I tensorflow/core/platform/cpu_feature_guard.cc:210] This TensorFlow binary is optimized to use available CPU instructions in performance-critical operations.
To enable the following instructions: AVX2 FMA, in other operations, rebuild TensorFlow with the appropriate compiler flags.
2026-07-22 06:19:09.900329: I tensorflow/core/platform/cpu_feature_guard.cc:210] This TensorFlow binary is optimized to use available CPU instructions in performance-critical operations.
To enable the following instructions: AVX2 FMA, in other operations, rebuild TensorFlow with the appropriate compiler flags.
2026-07-22 06:19:09.962845: I tensorflow/core/platform/cpu_feature_guard.cc:210] This TensorFlow binary is optimized to use available CPU instructions in performance-critical operations.
To enable the following instructions: AVX2 FMA, in other operations, rebuild TensorFlow with the appropriate compiler flags.
2026-07-22 06:19:10.049371: I tensorflow/core/platform/cpu_feature_guard.cc:210] This TensorFlow binary is optimized to use available CPU instructions in performance-critical operations.
To enable the following instructions: AVX2 FMA, in other operations, rebuild TensorFlow with the appropriate compiler flags.
2026-07-22 06:19:10.049419: I tensorflow/core/platform/cpu_feature_guard.cc:210] This TensorFlow binary is optimized to use available CPU instructions in performance-critical operations.
To enable the following instructions: AVX2 FMA, in other operations, rebuild TensorFlow with the appropriate compiler flags.
2026-07-22 06:19:10.077552: I tensorflow/core/platform/cpu_feature_guard.cc:210] This TensorFlow binary is optimized to use available CPU instructions in performance-critical operations.
To enable the following instructions: AVX2 FMA, in other operations, rebuild TensorFlow with the appropriate compiler flags.
2026-07-22 06:19:10.091216: I tensorflow/core/platform/cpu_feature_guard.cc:210] This TensorFlow binary is optimized to use available CPU instructions in performance-critical operations.
To enable the following instructions: AVX2 FMA, in other operations, rebuild TensorFlow with the appropriate compiler flags.
2026-07-22 06:19:10.124592: I tensorflow/core/platform/cpu_feature_guard.cc:210] This TensorFlow binary is optimized to use available CPU instructions in performance-critical operations.
To enable the following instructions: AVX2 FMA, in other operations, rebuild TensorFlow with the appropriate compiler flags.
2026-07-22 06:19:10.131171: I tensorflow/core/platform/cpu_feature_guard.cc:210] This TensorFlow binary is optimized to use available CPU instructions in performance-critical operations.
To enable the following instructions: AVX2 FMA, in other operations, rebuild TensorFlow with the appropriate compiler flags.
2026-07-22 06:19:11.397321: I external/local_xla/xla/tsl/cuda/cudart_stub.cc:31] Could not find cuda drivers on your machine, GPU will not be used.
2026-07-22 06:19:11.564735: I external/local_xla/xla/tsl/cuda/cudart_stub.cc:31] Could not find cuda drivers on your machine, GPU will not be used.
2026-07-22 06:19:11.572924: I external/local_xla/xla/tsl/cuda/cudart_stub.cc:31] Could not find cuda drivers on your machine, GPU will not be used.
2026-07-22 06:19:11.577567: I external/local_xla/xla/tsl/cuda/cudart_stub.cc:31] Could not find cuda drivers on your machine, GPU will not be used.
2026-07-22 06:19:11.654755: I tensorflow/core/platform/cpu_feature_guard.cc:210] This TensorFlow binary is optimized to use available CPU instructions in performance-critical operations.
To enable the following instructions: AVX2 FMA, in other operations, rebuild TensorFlow with the appropriate compiler flags.
2026-07-22 06:19:11.699302: I external/local_xla/xla/tsl/cuda/cudart_stub.cc:31] Could not find cuda drivers on your machine, GPU will not be used.
2026-07-22 06:19:11.776242: I external/local_xla/xla/tsl/cuda/cudart_stub.cc:31] Could not find cuda drivers on your machine, GPU will not be used.
2026-07-22 06:19:11.827938: I external/local_xla/xla/tsl/cuda/cudart_stub.cc:31] Could not find cuda drivers on your machine, GPU will not be used.
2026-07-22 06:19:11.828136: I external/local_xla/xla/tsl/cuda/cudart_stub.cc:31] Could not find cuda drivers on your machine, GPU will not be used.
2026-07-22 06:19:11.857822: I external/local_xla/xla/tsl/cuda/cudart_stub.cc:31] Could not find cuda drivers on your machine, GPU will not be used.
2026-07-22 06:19:11.911744: I external/local_xla/xla/tsl/cuda/cudart_stub.cc:31] Could not find cuda drivers on your machine, GPU will not be used.
2026-07-22 06:19:12.543563: I tensorflow/core/platform/cpu_feature_guard.cc:210] This TensorFlow binary is optimized to use available CPU instructions in performance-critical operations.
To enable the following instructions: AVX2 FMA, in other operations, rebuild TensorFlow with the appropriate compiler flags.
2026-07-22 06:19:12.543568: I tensorflow/core/platform/cpu_feature_guard.cc:210] This TensorFlow binary is optimized to use available CPU instructions in performance-critical operations.
To enable the following instructions: AVX2 FMA, in other operations, rebuild TensorFlow with the appropriate compiler flags.
2026-07-22 06:19:12.543938: I tensorflow/core/platform/cpu_feature_guard.cc:210] This TensorFlow binary is optimized to use available CPU instructions in performance-critical operations.
To enable the following instructions: AVX2 FMA, in other operations, rebuild TensorFlow with the appropriate compiler flags.
2026-07-22 06:19:12.543945: I tensorflow/core/platform/cpu_feature_guard.cc:210] This TensorFlow binary is optimized to use available CPU instructions in performance-critical operations.
To enable the following instructions: AVX2 FMA, in other operations, rebuild TensorFlow with the appropriate compiler flags.
2026-07-22 06:19:12.559463: I tensorflow/core/platform/cpu_feature_guard.cc:210] This TensorFlow binary is optimized to use available CPU instructions in performance-critical operations.
To enable the following instructions: AVX2 FMA, in other operations, rebuild TensorFlow with the appropriate compiler flags.
2026-07-22 06:19:12.559473: I tensorflow/core/platform/cpu_feature_guard.cc:210] This TensorFlow binary is optimized to use available CPU instructions in performance-critical operations.
To enable the following instructions: AVX2 FMA, in other operations, rebuild TensorFlow with the appropriate compiler flags.
2026-07-22 06:19:12.561329: I tensorflow/core/platform/cpu_feature_guard.cc:210] This TensorFlow binary is optimized to use available CPU instructions in performance-critical operations.
To enable the following instructions: AVX2 FMA, in other operations, rebuild TensorFlow with the appropriate compiler flags.
2026-07-22 06:19:12.564894: I tensorflow/core/platform/cpu_feature_guard.cc:210] This TensorFlow binary is optimized to use available CPU instructions in performance-critical operations.
To enable the following instructions: AVX2 FMA, in other operations, rebuild TensorFlow with the appropriate compiler flags.
2026-07-22 06:19:12.565697: I tensorflow/core/platform/cpu_feature_guard.cc:210] This TensorFlow binary is optimized to use available CPU instructions in performance-critical operations.
To enable the following instructions: AVX2 FMA, in other operations, rebuild TensorFlow with the appropriate compiler flags.
2026-07-22 06:19:13.375229: I external/local_xla/xla/tsl/cuda/cudart_stub.cc:31] Could not find cuda drivers on your machine, GPU will not be used.
2026-07-22 06:19:14.113735: I tensorflow/core/platform/cpu_feature_guard.cc:210] This TensorFlow binary is optimized to use available CPU instructions in performance-critical operations.
To enable the following instructions: AVX2 FMA, in other operations, rebuild TensorFlow with the appropriate compiler flags.
2026-07-22 06:19:14.141169: I tensorflow/core/platform/cpu_feature_guard.cc:210] This TensorFlow binary is optimized to use available CPU instructions in performance-critical operations.
To enable the following instructions: AVX2 FMA, in other operations, rebuild TensorFlow with the appropriate compiler flags.
2026-07-22 06:19:14.141494: I tensorflow/core/platform/cpu_feature_guard.cc:210] This TensorFlow binary is optimized to use available CPU instructions in performance-critical operations.
To enable the following instructions: AVX2 FMA, in other operations, rebuild TensorFlow with the appropriate compiler flags.
2026-07-22 06:19:14.149817: I tensorflow/core/platform/cpu_feature_guard.cc:210] This TensorFlow binary is optimized to use available CPU instructions in performance-critical operations.
To enable the following instructions: AVX2 FMA, in other operations, rebuild TensorFlow with the appropriate compiler flags.
2026-07-22 06:19:14.155202: I tensorflow/core/platform/cpu_feature_guard.cc:210] This TensorFlow binary is optimized to use available CPU instructions in performance-critical operations.
To enable the following instructions: AVX2 FMA, in other operations, rebuild TensorFlow with the appropriate compiler flags.
2026-07-22 06:19:14.155202: I tensorflow/core/platform/cpu_feature_guard.cc:210] This TensorFlow binary is optimized to use available CPU instructions in performance-critical operations.
To enable the following instructions: AVX2 FMA, in other operations, rebuild TensorFlow with the appropriate compiler flags.
2026-07-22 06:19:14.208169: I tensorflow/core/platform/cpu_feature_guard.cc:210] This TensorFlow binary is optimized to use available CPU instructions in performance-critical operations.
To enable the following instructions: AVX2 FMA, in other operations, rebuild TensorFlow with the appropriate compiler flags.
2026-07-22 06:19:14.211182: I tensorflow/core/platform/cpu_feature_guard.cc:210] This TensorFlow binary is optimized to use available CPU instructions in performance-critical operations.
To enable the following instructions: AVX2 FMA, in other operations, rebuild TensorFlow with the appropriate compiler flags.
2026-07-22 06:19:14.296719: I tensorflow/core/platform/cpu_feature_guard.cc:210] This TensorFlow binary is optimized to use available CPU instructions in performance-critical operations.
To enable the following instructions: AVX2 FMA, in other operations, rebuild TensorFlow with the appropriate compiler flags.
2026-07-22 06:19:14.331422: I external/local_xla/xla/tsl/cuda/cudart_stub.cc:31] Could not find cuda drivers on your machine, GPU will not be used.
2026-07-22 06:19:14.334020: I external/local_xla/xla/tsl/cuda/cudart_stub.cc:31] Could not find cuda drivers on your machine, GPU will not be used.
2026-07-22 06:19:14.335170: I external/local_xla/xla/tsl/cuda/cudart_stub.cc:31] Could not find cuda drivers on your machine, GPU will not be used.
2026-07-22 06:19:14.344017: I external/local_xla/xla/tsl/cuda/cudart_stub.cc:31] Could not find cuda drivers on your machine, GPU will not be used.
2026-07-22 06:19:14.351177: I external/local_xla/xla/tsl/cuda/cudart_stub.cc:31] Could not find cuda drivers on your machine, GPU will not be used.
2026-07-22 06:19:14.385399: I external/local_xla/xla/tsl/cuda/cudart_stub.cc:31] Could not find cuda drivers on your machine, GPU will not be used.
2026-07-22 06:19:14.406324: I external/local_xla/xla/tsl/cuda/cudart_stub.cc:31] Could not find cuda drivers on your machine, GPU will not be used.
2026-07-22 06:19:14.419188: I external/local_xla/xla/tsl/cuda/cudart_stub.cc:31] Could not find cuda drivers on your machine, GPU will not be used.
2026-07-22 06:19:14.419812: I external/local_xla/xla/tsl/cuda/cudart_stub.cc:31] Could not find cuda drivers on your machine, GPU will not be used.
2026-07-22 06:19:14.559222: I tensorflow/core/platform/cpu_feature_guard.cc:210] This TensorFlow binary is optimized to use available CPU instructions in performance-critical operations.
To enable the following instructions: AVX2 FMA, in other operations, rebuild TensorFlow with the appropriate compiler flags.
WARNING:qiskit_machine_learning.neural_networks.sampler_qnn:No gradient function provided, creating a gradient function. If your Sampler requires transpilation, please provide a pass manager.
2026-07-22 06:19:15.871907: I external/local_xla/xla/tsl/cuda/cudart_stub.cc:31] Could not find cuda drivers on your machine, GPU will not be used.
2026-07-22 06:19:15.875416: I external/local_xla/xla/tsl/cuda/cudart_stub.cc:31] Could not find cuda drivers on your machine, GPU will not be used.
2026-07-22 06:19:15.879277: I external/local_xla/xla/tsl/cuda/cudart_stub.cc:31] Could not find cuda drivers on your machine, GPU will not be used.
2026-07-22 06:19:15.895009: I external/local_xla/xla/tsl/cuda/cudart_stub.cc:31] Could not find cuda drivers on your machine, GPU will not be used.
2026-07-22 06:19:15.944547: I external/local_xla/xla/tsl/cuda/cudart_stub.cc:31] Could not find cuda drivers on your machine, GPU will not be used.
2026-07-22 06:19:15.966800: I external/local_xla/xla/tsl/cuda/cudart_stub.cc:31] Could not find cuda drivers on your machine, GPU will not be used.
2026-07-22 06:19:15.984912: I external/local_xla/xla/tsl/cuda/cudart_stub.cc:31] Could not find cuda drivers on your machine, GPU will not be used.
2026-07-22 06:19:15.992604: I external/local_xla/xla/tsl/cuda/cudart_stub.cc:31] Could not find cuda drivers on your machine, GPU will not be used.
2026-07-22 06:19:16.045022: I external/local_xla/xla/tsl/cuda/cudart_stub.cc:31] Could not find cuda drivers on your machine, GPU will not be used.
2026-07-22 06:19:16.305457: I external/local_xla/xla/tsl/cuda/cudart_stub.cc:31] Could not find cuda drivers on your machine, GPU will not be used.
Error executing job with overrides: []
WARNING:qiskit_machine_learning.neural_networks.sampler_qnn:No gradient function provided, creating a gradient function. If your Sampler requires transpilation, please provide a pass manager.
joblib.externals.loky.process_executor._RemoteTraceback: 
"""
Traceback (most recent call last):
  File "/proj/bmfm/users/bckwon/projects/QBioCode/.venv/lib/python3.12/site-packages/joblib/externals/loky/process_executor.py", line 490, in _process_worker
    r = call_item()
        ^^^^^^^^^^^
  File "/proj/bmfm/users/bckwon/projects/QBioCode/.venv/lib/python3.12/site-packages/joblib/externals/loky/process_executor.py", line 291, in __call__
    return self.fn(*self.args, **self.kwargs)
           ^^^^^^^^^^^^^^^^^^^^^^^^^^^^^^^^^^
  File "/proj/bmfm/users/bckwon/projects/QBioCode/.venv/lib/python3.12/site-packages/joblib/parallel.py", line 607, in __call__
    return [func(*args, **kwargs) for func, args, kwargs in self.items]
            ^^^^^^^^^^^^^^^^^^^^^
  File "/proj/bmfm/users/bckwon/projects/QBioCode/qbiocode/learning/compute_qensemble.py", line 444, in compute_qensemble
    raise ValueError(f"Circuit has {qc.num_qubits} qubits, exceeds simulation limit of 36")
ValueError: Circuit has 62 qubits, exceeds simulation limit of 36
"""

The above exception was the direct cause of the following exception:

Traceback (most recent call last):
  File "/proj/bmfm/users/bckwon/projects/QBioCode/qbiocode/apps/qprofiler/qprofiler.py", line 182, in main
    summary.update(model_run(X_train_emb, X_test_emb, y_train, y_test, data_key, args))
                   ^^^^^^^^^^^^^^^^^^^^^^^^^^^^^^^^^^^^^^^^^^^^^^^^^^^^^^^^^^^^^^^^^^^
  File "/proj/bmfm/users/bckwon/projects/QBioCode/qbiocode/evaluation/model_run.py", line 149, in model_run
    results = Parallel(n_jobs=n_jobs)(
              ^^^^^^^^^^^^^^^^^^^^^^^^
  File "/proj/bmfm/users/bckwon/projects/QBioCode/.venv/lib/python3.12/site-packages/joblib/parallel.py", line 2072, in __call__
    return output if self.return_generator else list(output)
                                                ^^^^^^^^^^^^
  File "/proj/bmfm/users/bckwon/projects/QBioCode/.venv/lib/python3.12/site-packages/joblib/parallel.py", line 1682, in _get_outputs
    yield from self._retrieve()
  File "/proj/bmfm/users/bckwon/projects/QBioCode/.venv/lib/python3.12/site-packages/joblib/parallel.py", line 1784, in _retrieve
    self._raise_error_fast()
  File "/proj/bmfm/users/bckwon/projects/QBioCode/.venv/lib/python3.12/site-packages/joblib/parallel.py", line 1859, in _raise_error_fast
    error_job.get_result(self.timeout)
  File "/proj/bmfm/users/bckwon/projects/QBioCode/.venv/lib/python3.12/site-packages/joblib/parallel.py", line 758, in get_result
    return self._return_or_raise()
           ^^^^^^^^^^^^^^^^^^^^^^^
  File "/proj/bmfm/users/bckwon/projects/QBioCode/.venv/lib/python3.12/site-packages/joblib/parallel.py", line 773, in _return_or_raise
    raise self._result
ValueError: Circuit has 62 qubits, exceeds simulation limit of 36

Set the environment variable HYDRA_FULL_ERROR=1 for a complete stack trace.
WARNING:qiskit_machine_learning.neural_networks.estimator_qnn:No gradient function provided, creating a gradient function. If your Estimator requires transpilation, please provide a pass manager.
2026-07-22 06:19:19.004161: I tensorflow/core/platform/cpu_feature_guard.cc:210] This TensorFlow binary is optimized to use available CPU instructions in performance-critical operations.
To enable the following instructions: AVX2 FMA, in other operations, rebuild TensorFlow with the appropriate compiler flags.
2026-07-22 06:19:19.012211: I tensorflow/core/platform/cpu_feature_guard.cc:210] This TensorFlow binary is optimized to use available CPU instructions in performance-critical operations.
To enable the following instructions: AVX2 FMA, in other operations, rebuild TensorFlow with the appropriate compiler flags.
2026-07-22 06:19:19.028432: I tensorflow/core/platform/cpu_feature_guard.cc:210] This TensorFlow binary is optimized to use available CPU instructions in performance-critical operations.
To enable the following instructions: AVX2 FMA, in other operations, rebuild TensorFlow with the appropriate compiler flags.
2026-07-22 06:19:19.109197: I tensorflow/core/platform/cpu_feature_guard.cc:210] This TensorFlow binary is optimized to use available CPU instructions in performance-critical operations.
To enable the following instructions: AVX2 FMA, in other operations, rebuild TensorFlow with the appropriate compiler flags.
2026-07-22 06:19:19.167455: I tensorflow/core/platform/cpu_feature_guard.cc:210] This TensorFlow binary is optimized to use available CPU instructions in performance-critical operations.
To enable the following instructions: AVX2 FMA, in other operations, rebuild TensorFlow with the appropriate compiler flags.
2026-07-22 06:19:19.167455: I tensorflow/core/platform/cpu_feature_guard.cc:210] This TensorFlow binary is optimized to use available CPU instructions in performance-critical operations.
To enable the following instructions: AVX2 FMA, in other operations, rebuild TensorFlow with the appropriate compiler flags.
2026-07-22 06:19:19.184075: I tensorflow/core/platform/cpu_feature_guard.cc:210] This TensorFlow binary is optimized to use available CPU instructions in performance-critical operations.
To enable the following instructions: AVX2 FMA, in other operations, rebuild TensorFlow with the appropriate compiler flags.
2026-07-22 06:19:19.259686: I tensorflow/core/platform/cpu_feature_guard.cc:210] This TensorFlow binary is optimized to use available CPU instructions in performance-critical operations.
To enable the following instructions: AVX2 FMA, in other operations, rebuild TensorFlow with the appropriate compiler flags.
2026-07-22 06:19:19.269179: I tensorflow/core/platform/cpu_feature_guard.cc:210] This TensorFlow binary is optimized to use available CPU instructions in performance-critical operations.
To enable the following instructions: AVX2 FMA, in other operations, rebuild TensorFlow with the appropriate compiler flags.
2026-07-22 06:19:19.305100: I tensorflow/core/platform/cpu_feature_guard.cc:210] This TensorFlow binary is optimized to use available CPU instructions in performance-critical operations.
To enable the following instructions: AVX2 FMA, in other operations, rebuild TensorFlow with the appropriate compiler flags.
WARNING:qiskit_machine_learning.neural_networks.estimator_qnn:No gradient function provided, creating a gradient function. If your Estimator requires transpilation, please provide a pass manager.
Error executing job with overrides: []
joblib.externals.loky.process_executor._RemoteTraceback: 
"""
Traceback (most recent call last):
  File "/proj/bmfm/users/bckwon/projects/QBioCode/.venv/lib/python3.12/site-packages/joblib/externals/loky/process_executor.py", line 490, in _process_worker
    r = call_item()
        ^^^^^^^^^^^
  File "/proj/bmfm/users/bckwon/projects/QBioCode/.venv/lib/python3.12/site-packages/joblib/externals/loky/process_executor.py", line 291, in __call__
    return self.fn(*self.args, **self.kwargs)
           ^^^^^^^^^^^^^^^^^^^^^^^^^^^^^^^^^^
  File "/proj/bmfm/users/bckwon/projects/QBioCode/.venv/lib/python3.12/site-packages/joblib/parallel.py", line 607, in __call__
    return [func(*args, **kwargs) for func, args, kwargs in self.items]
            ^^^^^^^^^^^^^^^^^^^^^
  File "/proj/bmfm/users/bckwon/projects/QBioCode/qbiocode/learning/compute_qensemble.py", line 444, in compute_qensemble
    raise ValueError(f"Circuit has {qc.num_qubits} qubits, exceeds simulation limit of 36")
ValueError: Circuit has 62 qubits, exceeds simulation limit of 36
"""

The above exception was the direct cause of the following exception:

Traceback (most recent call last):
  File "/proj/bmfm/users/bckwon/projects/QBioCode/qbiocode/apps/qprofiler/qprofiler.py", line 182, in main
    summary.update(model_run(X_train_emb, X_test_emb, y_train, y_test, data_key, args))
                   ^^^^^^^^^^^^^^^^^^^^^^^^^^^^^^^^^^^^^^^^^^^^^^^^^^^^^^^^^^^^^^^^^^^
  File "/proj/bmfm/users/bckwon/projects/QBioCode/qbiocode/evaluation/model_run.py", line 149, in model_run
    results = Parallel(n_jobs=n_jobs)(
              ^^^^^^^^^^^^^^^^^^^^^^^^
  File "/proj/bmfm/users/bckwon/projects/QBioCode/.venv/lib/python3.12/site-packages/joblib/parallel.py", line 2072, in __call__
    return output if self.return_generator else list(output)
                                                ^^^^^^^^^^^^
  File "/proj/bmfm/users/bckwon/projects/QBioCode/.venv/lib/python3.12/site-packages/joblib/parallel.py", line 1682, in _get_outputs
    yield from self._retrieve()
  File "/proj/bmfm/users/bckwon/projects/QBioCode/.venv/lib/python3.12/site-packages/joblib/parallel.py", line 1784, in _retrieve
    self._raise_error_fast()
  File "/proj/bmfm/users/bckwon/projects/QBioCode/.venv/lib/python3.12/site-packages/joblib/parallel.py", line 1859, in _raise_error_fast
    error_job.get_result(self.timeout)
  File "/proj/bmfm/users/bckwon/projects/QBioCode/.venv/lib/python3.12/site-packages/joblib/parallel.py", line 758, in get_result
    return self._return_or_raise()
           ^^^^^^^^^^^^^^^^^^^^^^^
  File "/proj/bmfm/users/bckwon/projects/QBioCode/.venv/lib/python3.12/site-packages/joblib/parallel.py", line 773, in _return_or_raise
    raise self._result
ValueError: Circuit has 62 qubits, exceeds simulation limit of 36

Set the environment variable HYDRA_FULL_ERROR=1 for a complete stack trace.
2026-07-22 06:19:20.600100: I external/local_xla/xla/tsl/cuda/cudart_stub.cc:31] Could not find cuda drivers on your machine, GPU will not be used.
2026-07-22 06:19:20.621684: I external/local_xla/xla/tsl/cuda/cudart_stub.cc:31] Could not find cuda drivers on your machine, GPU will not be used.
2026-07-22 06:19:20.637597: I external/local_xla/xla/tsl/cuda/cudart_stub.cc:31] Could not find cuda drivers on your machine, GPU will not be used.
2026-07-22 06:19:20.683566: I external/local_xla/xla/tsl/cuda/cudart_stub.cc:31] Could not find cuda drivers on your machine, GPU will not be used.
2026-07-22 06:19:20.798267: I external/local_xla/xla/tsl/cuda/cudart_stub.cc:31] Could not find cuda drivers on your machine, GPU will not be used.
2026-07-22 06:19:20.798267: I external/local_xla/xla/tsl/cuda/cudart_stub.cc:31] Could not find cuda drivers on your machine, GPU will not be used.
2026-07-22 06:19:20.821099: I external/local_xla/xla/tsl/cuda/cudart_stub.cc:31] Could not find cuda drivers on your machine, GPU will not be used.
2026-07-22 06:19:20.903295: I external/local_xla/xla/tsl/cuda/cudart_stub.cc:31] Could not find cuda drivers on your machine, GPU will not be used.
2026-07-22 06:19:20.904887: I external/local_xla/xla/tsl/cuda/cudart_stub.cc:31] Could not find cuda drivers on your machine, GPU will not be used.
2026-07-22 06:19:20.909949: I external/local_xla/xla/tsl/cuda/cudart_stub.cc:31] Could not find cuda drivers on your machine, GPU will not be used.
Error executing job with overrides: []
joblib.externals.loky.process_executor._RemoteTraceback: 
"""
Traceback (most recent call last):
  File "/proj/bmfm/users/bckwon/projects/QBioCode/.venv/lib/python3.12/site-packages/joblib/externals/loky/process_executor.py", line 490, in _process_worker
    r = call_item()
        ^^^^^^^^^^^
  File "/proj/bmfm/users/bckwon/projects/QBioCode/.venv/lib/python3.12/site-packages/joblib/externals/loky/process_executor.py", line 291, in __call__
    return self.fn(*self.args, **self.kwargs)
           ^^^^^^^^^^^^^^^^^^^^^^^^^^^^^^^^^^
  File "/proj/bmfm/users/bckwon/projects/QBioCode/.venv/lib/python3.12/site-packages/joblib/parallel.py", line 607, in __call__
    return [func(*args, **kwargs) for func, args, kwargs in self.items]
            ^^^^^^^^^^^^^^^^^^^^^
  File "/proj/bmfm/users/bckwon/projects/QBioCode/qbiocode/learning/compute_qensemble.py", line 444, in compute_qensemble
    raise ValueError(f"Circuit has {qc.num_qubits} qubits, exceeds simulation limit of 36")
ValueError: Circuit has 62 qubits, exceeds simulation limit of 36
"""

The above exception was the direct cause of the following exception:

Traceback (most recent call last):
  File "/proj/bmfm/users/bckwon/projects/QBioCode/qbiocode/apps/qprofiler/qprofiler.py", line 182, in main
    summary.update(model_run(X_train_emb, X_test_emb, y_train, y_test, data_key, args))
                   ^^^^^^^^^^^^^^^^^^^^^^^^^^^^^^^^^^^^^^^^^^^^^^^^^^^^^^^^^^^^^^^^^^^
  File "/proj/bmfm/users/bckwon/projects/QBioCode/qbiocode/evaluation/model_run.py", line 149, in model_run
    results = Parallel(n_jobs=n_jobs)(
              ^^^^^^^^^^^^^^^^^^^^^^^^
  File "/proj/bmfm/users/bckwon/projects/QBioCode/.venv/lib/python3.12/site-packages/joblib/parallel.py", line 2072, in __call__
    return output if self.return_generator else list(output)
                                                ^^^^^^^^^^^^
  File "/proj/bmfm/users/bckwon/projects/QBioCode/.venv/lib/python3.12/site-packages/joblib/parallel.py", line 1682, in _get_outputs
    yield from self._retrieve()
  File "/proj/bmfm/users/bckwon/projects/QBioCode/.venv/lib/python3.12/site-packages/joblib/parallel.py", line 1784, in _retrieve
    self._raise_error_fast()
  File "/proj/bmfm/users/bckwon/projects/QBioCode/.venv/lib/python3.12/site-packages/joblib/parallel.py", line 1859, in _raise_error_fast
    error_job.get_result(self.timeout)
  File "/proj/bmfm/users/bckwon/projects/QBioCode/.venv/lib/python3.12/site-packages/joblib/parallel.py", line 758, in get_result
    return self._return_or_raise()
           ^^^^^^^^^^^^^^^^^^^^^^^
  File "/proj/bmfm/users/bckwon/projects/QBioCode/.venv/lib/python3.12/site-packages/joblib/parallel.py", line 773, in _return_or_raise
    raise self._result
ValueError: Circuit has 62 qubits, exceeds simulation limit of 36

Set the environment variable HYDRA_FULL_ERROR=1 for a complete stack trace.
Error executing job with overrides: []
joblib.externals.loky.process_executor._RemoteTraceback: 
"""
Traceback (most recent call last):
  File "/proj/bmfm/users/bckwon/projects/QBioCode/.venv/lib/python3.12/site-packages/joblib/externals/loky/process_executor.py", line 490, in _process_worker
    r = call_item()
        ^^^^^^^^^^^
  File "/proj/bmfm/users/bckwon/projects/QBioCode/.venv/lib/python3.12/site-packages/joblib/externals/loky/process_executor.py", line 291, in __call__
    return self.fn(*self.args, **self.kwargs)
           ^^^^^^^^^^^^^^^^^^^^^^^^^^^^^^^^^^
  File "/proj/bmfm/users/bckwon/projects/QBioCode/.venv/lib/python3.12/site-packages/joblib/parallel.py", line 607, in __call__
    return [func(*args, **kwargs) for func, args, kwargs in self.items]
            ^^^^^^^^^^^^^^^^^^^^^
  File "/proj/bmfm/users/bckwon/projects/QBioCode/qbiocode/learning/compute_qensemble.py", line 444, in compute_qensemble
    raise ValueError(f"Circuit has {qc.num_qubits} qubits, exceeds simulation limit of 36")
ValueError: Circuit has 62 qubits, exceeds simulation limit of 36
"""

The above exception was the direct cause of the following exception:

Traceback (most recent call last):
  File "/proj/bmfm/users/bckwon/projects/QBioCode/qbiocode/apps/qprofiler/qprofiler.py", line 182, in main
    summary.update(model_run(X_train_emb, X_test_emb, y_train, y_test, data_key, args))
                   ^^^^^^^^^^^^^^^^^^^^^^^^^^^^^^^^^^^^^^^^^^^^^^^^^^^^^^^^^^^^^^^^^^^
  File "/proj/bmfm/users/bckwon/projects/QBioCode/qbiocode/evaluation/model_run.py", line 149, in model_run
    results = Parallel(n_jobs=n_jobs)(
              ^^^^^^^^^^^^^^^^^^^^^^^^
  File "/proj/bmfm/users/bckwon/projects/QBioCode/.venv/lib/python3.12/site-packages/joblib/parallel.py", line 2072, in __call__
    return output if self.return_generator else list(output)
                                                ^^^^^^^^^^^^
  File "/proj/bmfm/users/bckwon/projects/QBioCode/.venv/lib/python3.12/site-packages/joblib/parallel.py", line 1682, in _get_outputs
    yield from self._retrieve()
  File "/proj/bmfm/users/bckwon/projects/QBioCode/.venv/lib/python3.12/site-packages/joblib/parallel.py", line 1784, in _retrieve
    self._raise_error_fast()
  File "/proj/bmfm/users/bckwon/projects/QBioCode/.venv/lib/python3.12/site-packages/joblib/parallel.py", line 1859, in _raise_error_fast
    error_job.get_result(self.timeout)
  File "/proj/bmfm/users/bckwon/projects/QBioCode/.venv/lib/python3.12/site-packages/joblib/parallel.py", line 758, in get_result
    return self._return_or_raise()
           ^^^^^^^^^^^^^^^^^^^^^^^
  File "/proj/bmfm/users/bckwon/projects/QBioCode/.venv/lib/python3.12/site-packages/joblib/parallel.py", line 773, in _return_or_raise
    raise self._result
ValueError: Circuit has 62 qubits, exceeds simulation limit of 36

Set the environment variable HYDRA_FULL_ERROR=1 for a complete stack trace.

Collecting results...
Warning: Results not found for train.csv
Warning: Results not found for train_qml.csv
Warning: Results not found for valid.csv
Warning: Results not found for test.csv

============================================================
Batch processing complete!
Total run time: 0.02 hours
Results saved to: results/HIA_Hou_ecfp4_batch_2026-07-22_04_18_12_660477
============================================================

======================================================
End time : Wed Jul 22 06:19:29 AM CEST 2026
Exit code: 0
======================================================

------------------------------------------------------------
Sender: LSF System <lsfadmin@zu-a100-c05-03.zuvela.ibm.com>
Subject: Job 32958[4]: <admet_qprofiler[1-66]> in cluster <ZuVela_FP15> Done

Job <admet_qprofiler[1-66]> was submitted from host <zu-login-02> by user <bkwon> in cluster <ZuVela_FP15> at Wed Jul 22 06:14:19 2026
Job was executed on host(s) <6*zu-a100-c05-03>, in queue <normal>, as user <bkwon> in cluster <ZuVela_FP15> at Wed Jul 22 06:17:55 2026
</u/bkwon> was used as the home directory.
</proj/bmfm/users/bckwon/projects/QBioCode> was used as the working directory.
Started at Wed Jul 22 06:17:55 2026
Terminated at Wed Jul 22 06:19:29 2026
Results reported at Wed Jul 22 06:19:29 2026

Your job looked like:

------------------------------------------------------------
# LSBATCH: User input
#!/usr/bin/env bash
#==============================================================================
# LSF Job Array: Phase 4 — QProfiler Sweep (one job per endpoint × featurizer)
#
# Runs qprofiler-batch for each of the 22 ADMET endpoints × 3 featurizers
# as an LSF job array (66 independent jobs).  Each job processes one
# endpoint/featurizer directory.
#
# Submit from repo root:
#   bsub < experiments/admet_benchmark/lsf/job_02_qprofiler_array.sh
#
# Estimated wall time per job: ~2.5 h (QML on simulator, 10 models × 3 splits)
# Total compute: ~66 jobs × 2.5 h = 165 core-hours
#==============================================================================

#BSUB -J admet_qprofiler[1-66]
#BSUB -q normal
#BSUB -n 6
#BSUB -R "span[hosts=1]"
#BSUB -R "rusage[mem=16000]"
#BSUB -gpu "num=1:mode=exclusive_process:j_exclusive=yes"
#BSUB -W 04:00
#BSUB -o logs/admet/qprofiler_%I_%J.out
#BSUB -e logs/admet/qprofiler_%I_%J.err
#BSUB -cwd /proj/bmfm/users/bckwon/projects/QBioCode

set -euo pipefail

REPO_ROOT="/proj/bmfm/users/bckwon/projects/QBioCode"
PYTHON="${REPO_ROOT}/.venv/bin/python"
LOG_DIR="${REPO_ROOT}/logs/admet"
DATA_DIR="${REPO_ROOT}/data/admet"
CONFIG="${REPO_ROOT}/qbiocode/apps/qprofiler/configs/admet_config.yaml"

mkdir -p "${LOG_DIR}"

# Build ordered list of all (endpoint, featurizer) pairs — must match array size
ENDPOINTS=(
    Caco2_Wang HIA_Hou Pgp_Broccatelli Bioavailability_Ma
    Lipophilicity_AstraZeneca Solubility_AqSolDB BBB_Martins
    PPBR_AstraZeneca VDss_Lombardo
    CYP2C19_Veith CYP2D6_Veith CYP3A4_Veith CYP1A2_Veith CYP2C9_Veith
    CYP2C9_Substrate_CarbonMangels CYP2D6_Substrate_CarbonMangels
    CYP3A4_Substrate_CarbonMangels
    Half_Life_Obach Clearance_Hepatocyte_AZ
    hERG AMES DILI
)
FEATURIZERS=(ecfp4 maccs rdkit200)

# Build flat task list: task_index → (endpoint, featurizer)

(... more ...)
------------------------------------------------------------

Successfully completed.

Resource usage summary:

    CPU time :                                   1365.00 sec.
    Max Memory :                                 32486 MB
    Average Memory :                             8270.47 MB
    Total Requested Memory :                     16000.00 MB
    Delta Memory :                               -16486.00 MB
    Max Swap :                                   -
    Max Processes :                              69
    Max Threads :                                2958
    Run time :                                   94 sec.
    Turnaround time :                            310 sec.

The output (if any) is above this job summary.



PS:

Read file <logs/admet/qprofiler_4_32958.err> for stderr output of this job.

