======================================================
Job ID       : 39930[40]
Host         : zu-a100-b05-02
Start time   : Thu Jul 23 07:11:35 PM CEST 2026
Endpoint     : CYP2C9_Veith
Featurizer   : ecfp4
Input dir    : /proj/bmfm/users/bckwon/projects/QBioCode/data/admet/CYP2C9_Veith/ecfp4
======================================================
2026-07-23 19:12:31.190023: I tensorflow/core/platform/cpu_feature_guard.cc:210] This TensorFlow binary is optimized to use available CPU instructions in performance-critical operations.
To enable the following instructions: AVX2 FMA, in other operations, rebuild TensorFlow with the appropriate compiler flags.
2026-07-23 19:12:45.279002: I external/local_xla/xla/tsl/cuda/cudart_stub.cc:31] Could not find cuda drivers on your machine, GPU will not be used.
QProfiler Batch Mode
============================================================
Input directory: /proj/bmfm/users/bckwon/projects/QBioCode/data/admet/CYP2C9_Veith/ecfp4
Config file: /proj/bmfm/users/bckwon/projects/QBioCode/qbiocode/apps/qprofiler/configs/admet_config.yaml
Data type: CYP2C9_Veith_ecfp4
Parallel jobs: 10
Output timestamp: 2026-07-23_17_12_58_456865
============================================================
2026-07-23 19:13:22.405075: I tensorflow/core/platform/cpu_feature_guard.cc:210] This TensorFlow binary is optimized to use available CPU instructions in performance-critical operations.
To enable the following instructions: AVX2 FMA, in other operations, rebuild TensorFlow with the appropriate compiler flags.
2026-07-23 19:13:22.426621: I tensorflow/core/platform/cpu_feature_guard.cc:210] This TensorFlow binary is optimized to use available CPU instructions in performance-critical operations.
To enable the following instructions: AVX2 FMA, in other operations, rebuild TensorFlow with the appropriate compiler flags.
2026-07-23 19:13:22.431829: I tensorflow/core/platform/cpu_feature_guard.cc:210] This TensorFlow binary is optimized to use available CPU instructions in performance-critical operations.
To enable the following instructions: AVX2 FMA, in other operations, rebuild TensorFlow with the appropriate compiler flags.
2026-07-23 19:13:22.489840: I tensorflow/core/platform/cpu_feature_guard.cc:210] This TensorFlow binary is optimized to use available CPU instructions in performance-critical operations.
To enable the following instructions: AVX2 FMA, in other operations, rebuild TensorFlow with the appropriate compiler flags.
2026-07-23 19:13:24.672066: I external/local_xla/xla/tsl/cuda/cudart_stub.cc:31] Could not find cuda drivers on your machine, GPU will not be used.
2026-07-23 19:13:24.726346: I external/local_xla/xla/tsl/cuda/cudart_stub.cc:31] Could not find cuda drivers on your machine, GPU will not be used.
2026-07-23 19:13:24.860316: I external/local_xla/xla/tsl/cuda/cudart_stub.cc:31] Could not find cuda drivers on your machine, GPU will not be used.
2026-07-23 19:13:24.908728: I external/local_xla/xla/tsl/cuda/cudart_stub.cc:31] Could not find cuda drivers on your machine, GPU will not be used.
2026-07-23 19:13:47.113904: I tensorflow/core/platform/cpu_feature_guard.cc:210] This TensorFlow binary is optimized to use available CPU instructions in performance-critical operations.
To enable the following instructions: AVX2 FMA, in other operations, rebuild TensorFlow with the appropriate compiler flags.
2026-07-23 19:13:47.148356: I tensorflow/core/platform/cpu_feature_guard.cc:210] This TensorFlow binary is optimized to use available CPU instructions in performance-critical operations.
To enable the following instructions: AVX2 FMA, in other operations, rebuild TensorFlow with the appropriate compiler flags.
2026-07-23 19:13:47.211008: I tensorflow/core/platform/cpu_feature_guard.cc:210] This TensorFlow binary is optimized to use available CPU instructions in performance-critical operations.
To enable the following instructions: AVX2 FMA, in other operations, rebuild TensorFlow with the appropriate compiler flags.
2026-07-23 19:13:48.335305: I tensorflow/core/platform/cpu_feature_guard.cc:210] This TensorFlow binary is optimized to use available CPU instructions in performance-critical operations.
To enable the following instructions: AVX2 FMA, in other operations, rebuild TensorFlow with the appropriate compiler flags.
2026-07-23 19:13:49.165507: I external/local_xla/xla/tsl/cuda/cudart_stub.cc:31] Could not find cuda drivers on your machine, GPU will not be used.
2026-07-23 19:13:49.237838: I external/local_xla/xla/tsl/cuda/cudart_stub.cc:31] Could not find cuda drivers on your machine, GPU will not be used.
2026-07-23 19:13:49.329012: I external/local_xla/xla/tsl/cuda/cudart_stub.cc:31] Could not find cuda drivers on your machine, GPU will not be used.
2026-07-23 19:13:50.626682: I external/local_xla/xla/tsl/cuda/cudart_stub.cc:31] Could not find cuda drivers on your machine, GPU will not be used.
[2026-07-23 19:13:54,522][qbiocode.apps.qprofiler.qprofiler][INFO] - Main program initiated
[2026-07-23 19:13:54,522][qbiocode.apps.qprofiler.qprofiler][INFO] - The number of ML methods being parallelized is 10
[2026-07-23 19:13:54,522][qbiocode.apps.qprofiler.qprofiler][INFO] - Chosen backend for quantum algorithms is: simulator
[2026-07-23 19:13:54,677][qbiocode.apps.qprofiler.qprofiler][INFO] - Main program initiated
[2026-07-23 19:13:54,677][qbiocode.apps.qprofiler.qprofiler][INFO] - The number of ML methods being parallelized is 10
[2026-07-23 19:13:54,677][qbiocode.apps.qprofiler.qprofiler][INFO] - Chosen backend for quantum algorithms is: simulator
[2026-07-23 19:13:54,749][qbiocode.apps.qprofiler.qprofiler][INFO] - Main program initiated
[2026-07-23 19:13:54,749][qbiocode.apps.qprofiler.qprofiler][INFO] - The number of ML methods being parallelized is 10
[2026-07-23 19:13:54,750][qbiocode.apps.qprofiler.qprofiler][INFO] - Chosen backend for quantum algorithms is: simulator
[2026-07-23 19:13:56,292][qbiocode.apps.qprofiler.qprofiler][INFO] - Main program initiated
[2026-07-23 19:13:56,301][qbiocode.apps.qprofiler.qprofiler][INFO] - The number of ML methods being parallelized is 10
[2026-07-23 19:13:56,301][qbiocode.apps.qprofiler.qprofiler][INFO] - Chosen backend for quantum algorithms is: simulator
Processing file: train_qml.csv
[2026-07-23 19:15:27,520][qbiocode.apps.qprofiler.qprofiler][INFO] - Started processing data set train_qml.csv
[2026-07-23 19:15:27,520][qbiocode.apps.qprofiler.qprofiler][INFO] - Dataset has 2 classes: [0, 1]
[2026-07-23 19:15:27,533][qbiocode.apps.qprofiler.qprofiler][INFO] - Begin processing iteration (split) 1 of 3 with stratified sampling
[2026-07-23 19:15:27,537][qbiocode.apps.qprofiler.qprofiler][INFO] - No feature reduction (embedding) applied in this iteration
[2026-07-23 19:16:34,795][qbiocode.evaluation.model_run][WARNING] - QML qubit budget exceeded: n_features=2048 > max_qubits=26. Skipping quantum models for this embedding pass: ['qsvc', 'vqc', 'qnn', 'pqk', 'qensemble', 'mmelon']. Use embeddings: ['pca', 'svd', 'umap', ...] with n_components <= max_qubits to include QML.
2026-07-23 19:16:57.789285: I tensorflow/core/platform/cpu_feature_guard.cc:210] This TensorFlow binary is optimized to use available CPU instructions in performance-critical operations.
To enable the following instructions: AVX2 FMA, in other operations, rebuild TensorFlow with the appropriate compiler flags.
2026-07-23 19:17:04.694826: I external/local_xla/xla/tsl/cuda/cudart_stub.cc:31] Could not find cuda drivers on your machine, GPU will not be used.
2026-07-23 19:17:12.053038: I tensorflow/core/platform/cpu_feature_guard.cc:210] This TensorFlow binary is optimized to use available CPU instructions in performance-critical operations.
To enable the following instructions: AVX2 FMA, in other operations, rebuild TensorFlow with the appropriate compiler flags.
2026-07-23 19:17:18.117518: I tensorflow/core/platform/cpu_feature_guard.cc:210] This TensorFlow binary is optimized to use available CPU instructions in performance-critical operations.
To enable the following instructions: AVX2 FMA, in other operations, rebuild TensorFlow with the appropriate compiler flags.
2026-07-23 19:17:19.071132: I tensorflow/core/platform/cpu_feature_guard.cc:210] This TensorFlow binary is optimized to use available CPU instructions in performance-critical operations.
To enable the following instructions: AVX2 FMA, in other operations, rebuild TensorFlow with the appropriate compiler flags.
2026-07-23 19:17:20.543197: I external/local_xla/xla/tsl/cuda/cudart_stub.cc:31] Could not find cuda drivers on your machine, GPU will not be used.
2026-07-23 19:17:22.768106: I external/local_xla/xla/tsl/cuda/cudart_stub.cc:31] Could not find cuda drivers on your machine, GPU will not be used.
2026-07-23 19:17:22.935680: I external/local_xla/xla/tsl/cuda/cudart_stub.cc:31] Could not find cuda drivers on your machine, GPU will not be used.
2026-07-23 19:17:42.758369: I tensorflow/core/platform/cpu_feature_guard.cc:210] This TensorFlow binary is optimized to use available CPU instructions in performance-critical operations.
To enable the following instructions: AVX2 FMA, in other operations, rebuild TensorFlow with the appropriate compiler flags.
2026-07-23 19:17:53.992195: I external/local_xla/xla/tsl/cuda/cudart_stub.cc:31] Could not find cuda drivers on your machine, GPU will not be used.
Processing file: valid.csv
[2026-07-23 19:21:59,598][qbiocode.apps.qprofiler.qprofiler][INFO] - Started processing data set valid.csv
[2026-07-23 19:21:59,598][qbiocode.apps.qprofiler.qprofiler][INFO] - Dataset has 2 classes: [0, 1]
[2026-07-23 19:21:59,690][qbiocode.apps.qprofiler.qprofiler][INFO] - Begin processing iteration (split) 1 of 3 with stratified sampling
[2026-07-23 19:21:59,734][qbiocode.apps.qprofiler.qprofiler][INFO] - No feature reduction (embedding) applied in this iteration
[2026-07-23 19:25:55,360][qbiocode.apps.qprofiler.qprofiler][INFO] - Feature reduction (embedding) applied with pca

------------------------------------------------------------
Sender: LSF System <lsfadmin@zu-a100-b05-02.zuvela.ibm.com>
Subject: Job 39930[40]: <admet_qprofiler[1-66]> in cluster <ZuVela_FP15> Exited

Job <admet_qprofiler[1-66]> was submitted from host <zu-login-02> by user <bkwon> in cluster <ZuVela_FP15> at Thu Jul 23 19:04:22 2026
Job was executed on host(s) <6*zu-a100-b05-02>, in queue <normal>, as user <bkwon> in cluster <ZuVela_FP15> at Thu Jul 23 19:11:28 2026
</u/bkwon> was used as the home directory.
</proj/bmfm/users/bckwon/projects/QBioCode> was used as the working directory.
Started at Thu Jul 23 19:11:28 2026
Terminated at Thu Jul 23 19:26:18 2026
Results reported at Thu Jul 23 19:26:18 2026

Your job looked like:

------------------------------------------------------------
# LSBATCH: User input
#!/usr/bin/env bash
#==============================================================================
# LSF Job Array: Phase 4 — QProfiler Sweep (one job per endpoint × featurizer)
#
# Runs qprofiler-batch for each of the 22 ADMET endpoints × 3 featurizers
# as an LSF job array (66 independent jobs).  Each job processes one
# endpoint/featurizer directory.
#
# Submit from repo root:
#   bsub < experiments/admet_benchmark/lsf/job_02_qprofiler_array.sh
#
# Estimated wall time per job: ~2.5 h (QML on simulator, 10 models × 3 splits)
# Total compute: ~66 jobs × 2.5 h = 165 core-hours
#==============================================================================

#BSUB -J admet_qprofiler[1-66]
#BSUB -q normal
#BSUB -n 6
#BSUB -R "span[hosts=1]"
#BSUB -R "rusage[mem=16000]"
#BSUB -gpu "num=1:mode=shared:j_exclusive=no"
#BSUB -o logs/admet/qprofiler_%I_%J.out
#BSUB -e logs/admet/qprofiler_%I_%J.err
#BSUB -cwd /proj/bmfm/users/bckwon/projects/QBioCode
# Auto-requeue on job failure (covers node crashes, scratch errors, UNKWN).
# Up to 3 requeue attempts per array element before giving up.
#BSUB -r
#BSUB -nr 3
# Only exclude nodes that are currently unavail (prevents UNKWN from dead nodes).
# Do NOT exclude nodes for intermittent scratch failures — those are transient and
# banning them leaves most of the cluster unused.
#BSUB -R "hname!='zu-a100-c05-02' && hname!='zu-a100-c05-05' && hname!='zu-a100-c08-02' && hname!='zu-a100-c08-04'"

set -euo pipefail

REPO_ROOT="/proj/bmfm/users/bckwon/projects/QBioCode"
PYTHON="${REPO_ROOT}/.venv/bin/python"
LOG_DIR="${REPO_ROOT}/logs/admet"
DATA_DIR="${REPO_ROOT}/data/admet"
CONFIG="${REPO_ROOT}/qbiocode/apps/qprofiler/configs/admet_config.yaml"

mkdir -p "${LOG_DIR}"

# Build ordered list of all (endpoint, featurizer) pairs — must match array size
ENDPOINTS=(
    Caco2_Wang HIA_Hou Pgp_Broccatelli Bioavailability_Ma
    Lipophilicity_AstraZeneca Solubility_AqSolDB BBB_Martins
    PPBR_AstraZeneca VDss_Lombardo
    CYP2C19_Veith CYP2D6_Veith CYP3A4_Veith CYP1A2_Veith CYP2C9_Veith
    CYP2C9_Substrate_CarbonMangels CYP2D6_Substrate_CarbonMangels

(... more ...)
------------------------------------------------------------

TERM_OWNER: job killed by owner.
Exited with exit code 143.

Resource usage summary:

    CPU time :                                   12633.00 sec.
    Max Memory :                                 10171 MB
    Average Memory :                             4710.14 MB
    Total Requested Memory :                     16000.00 MB
    Delta Memory :                               5829.00 MB
    Max Swap :                                   -
    Max Processes :                              28
    Max Threads :                                1196
    Run time :                                   890 sec.
    Turnaround time :                            1316 sec.

The output (if any) is above this job summary.



PS:

Read file <logs/admet/qprofiler_40_39930.err> for stderr output of this job.

