2026-07-22 03:16:39.765262: I tensorflow/core/platform/cpu_feature_guard.cc:210] This TensorFlow binary is optimized to use available CPU instructions in performance-critical operations.
To enable the following instructions: AVX2 FMA, in other operations, rebuild TensorFlow with the appropriate compiler flags.
2026-07-22 03:16:41.486868: I external/local_xla/xla/tsl/cuda/cudart_stub.cc:31] Could not find cuda drivers on your machine, GPU will not be used.
QProfiler Batch Mode
============================================================
Input directory: /proj/bmfm/users/bckwon/projects/QBioCode/data/admet/CYP2D6_Substrate_CarbonMangels/ecfp4
Config file: /proj/bmfm/users/bckwon/projects/QBioCode/qbiocode/apps/qprofiler/configs/admet_config.yaml
Data type: CYP2D6_Substrate_CarbonMangels_ecfp4
Parallel jobs: 10
Output timestamp: 2026-07-22_01_16_43_902088
============================================================
2026-07-22 03:17:01.418019: I tensorflow/core/platform/cpu_feature_guard.cc:210] This TensorFlow binary is optimized to use available CPU instructions in performance-critical operations.
To enable the following instructions: AVX2 FMA, in other operations, rebuild TensorFlow with the appropriate compiler flags.
2026-07-22 03:17:01.463392: I tensorflow/core/platform/cpu_feature_guard.cc:210] This TensorFlow binary is optimized to use available CPU instructions in performance-critical operations.
To enable the following instructions: AVX2 FMA, in other operations, rebuild TensorFlow with the appropriate compiler flags.
2026-07-22 03:17:01.486746: I tensorflow/core/platform/cpu_feature_guard.cc:210] This TensorFlow binary is optimized to use available CPU instructions in performance-critical operations.
To enable the following instructions: AVX2 FMA, in other operations, rebuild TensorFlow with the appropriate compiler flags.
2026-07-22 03:17:01.565484: I tensorflow/core/platform/cpu_feature_guard.cc:210] This TensorFlow binary is optimized to use available CPU instructions in performance-critical operations.
To enable the following instructions: AVX2 FMA, in other operations, rebuild TensorFlow with the appropriate compiler flags.
2026-07-22 03:17:03.180133: I external/local_xla/xla/tsl/cuda/cudart_stub.cc:31] Could not find cuda drivers on your machine, GPU will not be used.
2026-07-22 03:17:03.223849: I external/local_xla/xla/tsl/cuda/cudart_stub.cc:31] Could not find cuda drivers on your machine, GPU will not be used.
2026-07-22 03:17:03.262589: I external/local_xla/xla/tsl/cuda/cudart_stub.cc:31] Could not find cuda drivers on your machine, GPU will not be used.
2026-07-22 03:17:03.349445: I external/local_xla/xla/tsl/cuda/cudart_stub.cc:31] Could not find cuda drivers on your machine, GPU will not be used.
2026-07-22 03:17:20.069877: I tensorflow/core/platform/cpu_feature_guard.cc:210] This TensorFlow binary is optimized to use available CPU instructions in performance-critical operations.
To enable the following instructions: AVX2 FMA, in other operations, rebuild TensorFlow with the appropriate compiler flags.
2026-07-22 03:17:20.355325: I tensorflow/core/platform/cpu_feature_guard.cc:210] This TensorFlow binary is optimized to use available CPU instructions in performance-critical operations.
To enable the following instructions: AVX2 FMA, in other operations, rebuild TensorFlow with the appropriate compiler flags.
2026-07-22 03:17:20.472862: I tensorflow/core/platform/cpu_feature_guard.cc:210] This TensorFlow binary is optimized to use available CPU instructions in performance-critical operations.
To enable the following instructions: AVX2 FMA, in other operations, rebuild TensorFlow with the appropriate compiler flags.
2026-07-22 03:17:20.513228: I tensorflow/core/platform/cpu_feature_guard.cc:210] This TensorFlow binary is optimized to use available CPU instructions in performance-critical operations.
To enable the following instructions: AVX2 FMA, in other operations, rebuild TensorFlow with the appropriate compiler flags.
2026-07-22 03:17:21.860229: I external/local_xla/xla/tsl/cuda/cudart_stub.cc:31] Could not find cuda drivers on your machine, GPU will not be used.
2026-07-22 03:17:22.083178: I external/local_xla/xla/tsl/cuda/cudart_stub.cc:31] Could not find cuda drivers on your machine, GPU will not be used.
2026-07-22 03:17:22.242152: I external/local_xla/xla/tsl/cuda/cudart_stub.cc:31] Could not find cuda drivers on your machine, GPU will not be used.
2026-07-22 03:17:22.294003: I external/local_xla/xla/tsl/cuda/cudart_stub.cc:31] Could not find cuda drivers on your machine, GPU will not be used.
[2026-07-22 03:17:24,828][qbiocode.apps.qprofiler.qprofiler][INFO] - Main program initiated
[2026-07-22 03:17:24,829][qbiocode.apps.qprofiler.qprofiler][INFO] - The number of ML methods being parallelized is 10
[2026-07-22 03:17:24,829][qbiocode.apps.qprofiler.qprofiler][INFO] - Chosen backend for quantum algorithms is: simulator
[2026-07-22 03:17:24,829][qbiocode.apps.qprofiler.qprofiler][INFO] - 
The total run time of program is: 
0.001241922378540039
[2026-07-22 03:17:25,016][qbiocode.apps.qprofiler.qprofiler][INFO] - Main program initiated
[2026-07-22 03:17:25,016][qbiocode.apps.qprofiler.qprofiler][INFO] - The number of ML methods being parallelized is 10
[2026-07-22 03:17:25,016][qbiocode.apps.qprofiler.qprofiler][INFO] - Chosen backend for quantum algorithms is: simulator
[2026-07-22 03:17:25,017][qbiocode.apps.qprofiler.qprofiler][INFO] - 
The total run time of program is: 
0.0008327960968017578
[2026-07-22 03:17:25,133][qbiocode.apps.qprofiler.qprofiler][INFO] - Main program initiated
[2026-07-22 03:17:25,134][qbiocode.apps.qprofiler.qprofiler][INFO] - The number of ML methods being parallelized is 10
[2026-07-22 03:17:25,134][qbiocode.apps.qprofiler.qprofiler][INFO] - Chosen backend for quantum algorithms is: simulator
[2026-07-22 03:17:25,134][qbiocode.apps.qprofiler.qprofiler][INFO] - 
The total run time of program is: 
0.0010447502136230469
[2026-07-22 03:17:25,217][qbiocode.apps.qprofiler.qprofiler][INFO] - Main program initiated
[2026-07-22 03:17:25,218][qbiocode.apps.qprofiler.qprofiler][INFO] - The number of ML methods being parallelized is 10
[2026-07-22 03:17:25,218][qbiocode.apps.qprofiler.qprofiler][INFO] - Chosen backend for quantum algorithms is: simulator
[2026-07-22 03:17:25,218][qbiocode.apps.qprofiler.qprofiler][INFO] - 
The total run time of program is: 
0.0008845329284667969

Collecting results...
Warning: Results not found for train.csv
Warning: Results not found for train_qml.csv
Warning: Results not found for valid.csv
Warning: Results not found for test.csv

============================================================
Batch processing complete!
Total run time: 0.01 hours
Results saved to: results/CYP2D6_Substrate_CarbonMangels_ecfp4_batch_2026-07-22_01_16_43_902088
============================================================
