2026-07-23 12:16:17.688925: I tensorflow/core/platform/cpu_feature_guard.cc:210] This TensorFlow binary is optimized to use available CPU instructions in performance-critical operations.
To enable the following instructions: AVX2 FMA, in other operations, rebuild TensorFlow with the appropriate compiler flags.
2026-07-23 12:16:26.277511: I external/local_xla/xla/tsl/cuda/cudart_stub.cc:31] Could not find cuda drivers on your machine, GPU will not be used.
QProfiler Batch Mode
============================================================
Input directory: /proj/bmfm/users/bckwon/projects/QBioCode/data/admet/CYP2D6_Substrate_CarbonMangels/rdkit200
Config file: /proj/bmfm/users/bckwon/projects/QBioCode/qbiocode/apps/qprofiler/configs/admet_config.yaml
Data type: CYP2D6_Substrate_CarbonMangels_rdkit200
Parallel jobs: 10
Output timestamp: 2026-07-23_10_16_40_702727
============================================================
2026-07-23 12:16:59.991574: I tensorflow/core/platform/cpu_feature_guard.cc:210] This TensorFlow binary is optimized to use available CPU instructions in performance-critical operations.
To enable the following instructions: AVX2 FMA, in other operations, rebuild TensorFlow with the appropriate compiler flags.
2026-07-23 12:17:00.935522: I tensorflow/core/platform/cpu_feature_guard.cc:210] This TensorFlow binary is optimized to use available CPU instructions in performance-critical operations.
To enable the following instructions: AVX2 FMA, in other operations, rebuild TensorFlow with the appropriate compiler flags.
2026-07-23 12:17:00.963329: I tensorflow/core/platform/cpu_feature_guard.cc:210] This TensorFlow binary is optimized to use available CPU instructions in performance-critical operations.
To enable the following instructions: AVX2 FMA, in other operations, rebuild TensorFlow with the appropriate compiler flags.
2026-07-23 12:17:01.411357: I tensorflow/core/platform/cpu_feature_guard.cc:210] This TensorFlow binary is optimized to use available CPU instructions in performance-critical operations.
To enable the following instructions: AVX2 FMA, in other operations, rebuild TensorFlow with the appropriate compiler flags.
2026-07-23 12:17:01.762823: I external/local_xla/xla/tsl/cuda/cudart_stub.cc:31] Could not find cuda drivers on your machine, GPU will not be used.
2026-07-23 12:17:02.901735: I external/local_xla/xla/tsl/cuda/cudart_stub.cc:31] Could not find cuda drivers on your machine, GPU will not be used.
2026-07-23 12:17:02.971593: I external/local_xla/xla/tsl/cuda/cudart_stub.cc:31] Could not find cuda drivers on your machine, GPU will not be used.
2026-07-23 12:17:03.529027: I external/local_xla/xla/tsl/cuda/cudart_stub.cc:31] Could not find cuda drivers on your machine, GPU will not be used.
2026-07-23 12:17:20.610259: I tensorflow/core/platform/cpu_feature_guard.cc:210] This TensorFlow binary is optimized to use available CPU instructions in performance-critical operations.
To enable the following instructions: AVX2 FMA, in other operations, rebuild TensorFlow with the appropriate compiler flags.
2026-07-23 12:17:22.383926: I external/local_xla/xla/tsl/cuda/cudart_stub.cc:31] Could not find cuda drivers on your machine, GPU will not be used.
2026-07-23 12:17:22.832562: I tensorflow/core/platform/cpu_feature_guard.cc:210] This TensorFlow binary is optimized to use available CPU instructions in performance-critical operations.
To enable the following instructions: AVX2 FMA, in other operations, rebuild TensorFlow with the appropriate compiler flags.
2026-07-23 12:17:22.955358: I tensorflow/core/platform/cpu_feature_guard.cc:210] This TensorFlow binary is optimized to use available CPU instructions in performance-critical operations.
To enable the following instructions: AVX2 FMA, in other operations, rebuild TensorFlow with the appropriate compiler flags.
2026-07-23 12:17:23.523638: I tensorflow/core/platform/cpu_feature_guard.cc:210] This TensorFlow binary is optimized to use available CPU instructions in performance-critical operations.
To enable the following instructions: AVX2 FMA, in other operations, rebuild TensorFlow with the appropriate compiler flags.
2026-07-23 12:17:24.967031: I external/local_xla/xla/tsl/cuda/cudart_stub.cc:31] Could not find cuda drivers on your machine, GPU will not be used.
2026-07-23 12:17:25.199174: I external/local_xla/xla/tsl/cuda/cudart_stub.cc:31] Could not find cuda drivers on your machine, GPU will not be used.
2026-07-23 12:17:25.888311: I external/local_xla/xla/tsl/cuda/cudart_stub.cc:31] Could not find cuda drivers on your machine, GPU will not be used.
[2026-07-23 12:17:26,232][qbiocode.apps.qprofiler.qprofiler][INFO] - Main program initiated
[2026-07-23 12:17:26,232][qbiocode.apps.qprofiler.qprofiler][INFO] - The number of ML methods being parallelized is 10
[2026-07-23 12:17:26,232][qbiocode.apps.qprofiler.qprofiler][INFO] - Chosen backend for quantum algorithms is: simulator
Processing file: train_qml.csv
[2026-07-23 12:17:27,560][qbiocode.apps.qprofiler.qprofiler][INFO] - Started processing data set train_qml.csv
[2026-07-23 12:17:27,560][qbiocode.apps.qprofiler.qprofiler][INFO] - Dataset has 2 classes: [0, 1]
[2026-07-23 12:17:27,561][qbiocode.apps.qprofiler.qprofiler][INFO] - Begin processing iteration (split) 1 of 3 with stratified sampling
[2026-07-23 12:17:27,563][qbiocode.apps.qprofiler.qprofiler][INFO] - No feature reduction (embedding) applied in this iteration
[2026-07-23 12:17:28,150][qbiocode.evaluation.model_run][WARNING] - QML qubit budget exceeded: n_features=200 > max_qubits=26. Skipping quantum models for this embedding pass: ['qsvc', 'vqc', 'qnn', 'pqk', 'qensemble', 'mmelon']. Use embeddings: ['pca', 'svd', 'umap', ...] with n_components <= max_qubits to include QML.
[2026-07-23 12:17:30,193][qbiocode.apps.qprofiler.qprofiler][INFO] - Main program initiated
[2026-07-23 12:17:30,194][qbiocode.apps.qprofiler.qprofiler][INFO] - The number of ML methods being parallelized is 10
[2026-07-23 12:17:30,194][qbiocode.apps.qprofiler.qprofiler][INFO] - Chosen backend for quantum algorithms is: simulator
[2026-07-23 12:17:30,629][qbiocode.apps.qprofiler.qprofiler][INFO] - Main program initiated
[2026-07-23 12:17:30,629][qbiocode.apps.qprofiler.qprofiler][INFO] - The number of ML methods being parallelized is 10
[2026-07-23 12:17:30,630][qbiocode.apps.qprofiler.qprofiler][INFO] - Chosen backend for quantum algorithms is: simulator
[2026-07-23 12:17:31,388][qbiocode.apps.qprofiler.qprofiler][INFO] - Main program initiated
[2026-07-23 12:17:31,388][qbiocode.apps.qprofiler.qprofiler][INFO] - The number of ML methods being parallelized is 10
[2026-07-23 12:17:31,388][qbiocode.apps.qprofiler.qprofiler][INFO] - Chosen backend for quantum algorithms is: simulator
Processing file: valid.csv
[2026-07-23 12:17:36,314][qbiocode.apps.qprofiler.qprofiler][INFO] - Started processing data set valid.csv
[2026-07-23 12:17:36,315][qbiocode.apps.qprofiler.qprofiler][INFO] - Dataset has 2 classes: [0, 1]
[2026-07-23 12:17:36,316][qbiocode.apps.qprofiler.qprofiler][INFO] - Begin processing iteration (split) 1 of 3 with stratified sampling
[2026-07-23 12:17:36,330][qbiocode.apps.qprofiler.qprofiler][INFO] - No feature reduction (embedding) applied in this iteration
Processing file: test.csv
[2026-07-23 12:17:40,182][qbiocode.apps.qprofiler.qprofiler][INFO] - Started processing data set test.csv
[2026-07-23 12:17:40,182][qbiocode.apps.qprofiler.qprofiler][INFO] - Dataset has 2 classes: [0, 1]
[2026-07-23 12:17:40,184][qbiocode.apps.qprofiler.qprofiler][INFO] - Begin processing iteration (split) 1 of 3 with stratified sampling
[2026-07-23 12:17:40,190][qbiocode.apps.qprofiler.qprofiler][INFO] - No feature reduction (embedding) applied in this iteration
[2026-07-23 12:17:40,712][qbiocode.evaluation.model_run][WARNING] - QML qubit budget exceeded: n_features=200 > max_qubits=26. Skipping quantum models for this embedding pass: ['qsvc', 'vqc', 'qnn', 'pqk', 'qensemble', 'mmelon']. Use embeddings: ['pca', 'svd', 'umap', ...] with n_components <= max_qubits to include QML.
Processing file: train.csv
No feature is strong enough to keep
[2026-07-23 12:17:51,826][qbiocode.apps.qprofiler.qprofiler][INFO] - Started processing data set train.csv
[2026-07-23 12:17:51,826][qbiocode.apps.qprofiler.qprofiler][INFO] - Dataset has 2 classes: [0, 1]
[2026-07-23 12:17:51,829][qbiocode.apps.qprofiler.qprofiler][INFO] - Begin processing iteration (split) 1 of 3 with stratified sampling
[2026-07-23 12:17:51,831][qbiocode.apps.qprofiler.qprofiler][INFO] - No feature reduction (embedding) applied in this iteration
2026-07-23 12:17:53.521155: I tensorflow/core/platform/cpu_feature_guard.cc:210] This TensorFlow binary is optimized to use available CPU instructions in performance-critical operations.
To enable the following instructions: AVX2 FMA, in other operations, rebuild TensorFlow with the appropriate compiler flags.
[2026-07-23 12:17:54,765][qbiocode.evaluation.model_run][WARNING] - QML qubit budget exceeded: n_features=200 > max_qubits=26. Skipping quantum models for this embedding pass: ['qsvc', 'vqc', 'qnn', 'pqk', 'qensemble', 'mmelon']. Use embeddings: ['pca', 'svd', 'umap', ...] with n_components <= max_qubits to include QML.
2026-07-23 12:17:57.986062: I external/local_xla/xla/tsl/cuda/cudart_stub.cc:31] Could not find cuda drivers on your machine, GPU will not be used.
2026-07-23 12:18:00.514957: I tensorflow/core/platform/cpu_feature_guard.cc:210] This TensorFlow binary is optimized to use available CPU instructions in performance-critical operations.
To enable the following instructions: AVX2 FMA, in other operations, rebuild TensorFlow with the appropriate compiler flags.
2026-07-23 12:18:00.676933: I tensorflow/core/platform/cpu_feature_guard.cc:210] This TensorFlow binary is optimized to use available CPU instructions in performance-critical operations.
To enable the following instructions: AVX2 FMA, in other operations, rebuild TensorFlow with the appropriate compiler flags.
2026-07-23 12:18:03.624918: I external/local_xla/xla/tsl/cuda/cudart_stub.cc:31] Could not find cuda drivers on your machine, GPU will not be used.
2026-07-23 12:18:05.094946: I tensorflow/core/platform/cpu_feature_guard.cc:210] This TensorFlow binary is optimized to use available CPU instructions in performance-critical operations.
To enable the following instructions: AVX2 FMA, in other operations, rebuild TensorFlow with the appropriate compiler flags.
2026-07-23 12:18:05.366271: I external/local_xla/xla/tsl/cuda/cudart_stub.cc:31] Could not find cuda drivers on your machine, GPU will not be used.
[2026-07-23 12:18:05,663][qbiocode.evaluation.model_run][WARNING] - QML qubit budget exceeded: n_features=200 > max_qubits=26. Skipping quantum models for this embedding pass: ['qsvc', 'vqc', 'qnn', 'pqk', 'qensemble', 'mmelon']. Use embeddings: ['pca', 'svd', 'umap', ...] with n_components <= max_qubits to include QML.
2026-07-23 12:18:09.659462: I external/local_xla/xla/tsl/cuda/cudart_stub.cc:31] Could not find cuda drivers on your machine, GPU will not be used.
2026-07-23 12:18:17.788213: I tensorflow/core/platform/cpu_feature_guard.cc:210] This TensorFlow binary is optimized to use available CPU instructions in performance-critical operations.
To enable the following instructions: AVX2 FMA, in other operations, rebuild TensorFlow with the appropriate compiler flags.
2026-07-23 12:18:21.382033: I tensorflow/core/platform/cpu_feature_guard.cc:210] This TensorFlow binary is optimized to use available CPU instructions in performance-critical operations.
To enable the following instructions: AVX2 FMA, in other operations, rebuild TensorFlow with the appropriate compiler flags.
