======================================================
Job ID       : 32687[14]
Host         : zu-a100-c08-01
Start time   : Wed Jul 22 05:11:09 AM CEST 2026
Endpoint     : hERG
Featurizer   : ecfp4
Input dir    : /proj/bmfm/users/bckwon/projects/QBioCode/data/admet/hERG/ecfp4
======================================================
2026-07-22 05:11:54.149226: I tensorflow/core/platform/cpu_feature_guard.cc:210] This TensorFlow binary is optimized to use available CPU instructions in performance-critical operations.
To enable the following instructions: AVX2 FMA, in other operations, rebuild TensorFlow with the appropriate compiler flags.
2026-07-22 05:12:04.113207: I external/local_xla/xla/tsl/cuda/cudart_stub.cc:31] Could not find cuda drivers on your machine, GPU will not be used.
QProfiler Batch Mode
============================================================
Input directory: /proj/bmfm/users/bckwon/projects/QBioCode/data/admet/hERG/ecfp4
Config file: /proj/bmfm/users/bckwon/projects/QBioCode/qbiocode/apps/qprofiler/configs/admet_config.yaml
Data type: hERG_ecfp4
Parallel jobs: 10
Output timestamp: 2026-07-22_03_12_16_478914
============================================================
2026-07-22 05:12:40.202776: I tensorflow/core/platform/cpu_feature_guard.cc:210] This TensorFlow binary is optimized to use available CPU instructions in performance-critical operations.
To enable the following instructions: AVX2 FMA, in other operations, rebuild TensorFlow with the appropriate compiler flags.
2026-07-22 05:12:40.335640: I tensorflow/core/platform/cpu_feature_guard.cc:210] This TensorFlow binary is optimized to use available CPU instructions in performance-critical operations.
To enable the following instructions: AVX2 FMA, in other operations, rebuild TensorFlow with the appropriate compiler flags.
2026-07-22 05:12:40.464610: I tensorflow/core/platform/cpu_feature_guard.cc:210] This TensorFlow binary is optimized to use available CPU instructions in performance-critical operations.
To enable the following instructions: AVX2 FMA, in other operations, rebuild TensorFlow with the appropriate compiler flags.
2026-07-22 05:12:40.646122: I tensorflow/core/platform/cpu_feature_guard.cc:210] This TensorFlow binary is optimized to use available CPU instructions in performance-critical operations.
To enable the following instructions: AVX2 FMA, in other operations, rebuild TensorFlow with the appropriate compiler flags.
2026-07-22 05:12:42.582133: I external/local_xla/xla/tsl/cuda/cudart_stub.cc:31] Could not find cuda drivers on your machine, GPU will not be used.
2026-07-22 05:12:42.687288: I external/local_xla/xla/tsl/cuda/cudart_stub.cc:31] Could not find cuda drivers on your machine, GPU will not be used.
2026-07-22 05:12:42.911174: I external/local_xla/xla/tsl/cuda/cudart_stub.cc:31] Could not find cuda drivers on your machine, GPU will not be used.
2026-07-22 05:12:42.969471: I external/local_xla/xla/tsl/cuda/cudart_stub.cc:31] Could not find cuda drivers on your machine, GPU will not be used.
2026-07-22 05:13:05.275917: I tensorflow/core/platform/cpu_feature_guard.cc:210] This TensorFlow binary is optimized to use available CPU instructions in performance-critical operations.
To enable the following instructions: AVX2 FMA, in other operations, rebuild TensorFlow with the appropriate compiler flags.
2026-07-22 05:13:05.909506: I tensorflow/core/platform/cpu_feature_guard.cc:210] This TensorFlow binary is optimized to use available CPU instructions in performance-critical operations.
To enable the following instructions: AVX2 FMA, in other operations, rebuild TensorFlow with the appropriate compiler flags.
2026-07-22 05:13:05.967479: I tensorflow/core/platform/cpu_feature_guard.cc:210] This TensorFlow binary is optimized to use available CPU instructions in performance-critical operations.
To enable the following instructions: AVX2 FMA, in other operations, rebuild TensorFlow with the appropriate compiler flags.
2026-07-22 05:13:06.028739: I tensorflow/core/platform/cpu_feature_guard.cc:210] This TensorFlow binary is optimized to use available CPU instructions in performance-critical operations.
To enable the following instructions: AVX2 FMA, in other operations, rebuild TensorFlow with the appropriate compiler flags.
2026-07-22 05:13:07.595693: I external/local_xla/xla/tsl/cuda/cudart_stub.cc:31] Could not find cuda drivers on your machine, GPU will not be used.
2026-07-22 05:13:08.261259: I external/local_xla/xla/tsl/cuda/cudart_stub.cc:31] Could not find cuda drivers on your machine, GPU will not be used.
2026-07-22 05:13:08.376088: I external/local_xla/xla/tsl/cuda/cudart_stub.cc:31] Could not find cuda drivers on your machine, GPU will not be used.
2026-07-22 05:13:08.382268: I external/local_xla/xla/tsl/cuda/cudart_stub.cc:31] Could not find cuda drivers on your machine, GPU will not be used.
[2026-07-22 05:13:12,432][qbiocode.apps.qprofiler.qprofiler][INFO] - Main program initiated
[2026-07-22 05:13:12,433][qbiocode.apps.qprofiler.qprofiler][INFO] - The number of ML methods being parallelized is 10
[2026-07-22 05:13:12,433][qbiocode.apps.qprofiler.qprofiler][INFO] - Chosen backend for quantum algorithms is: simulator
[2026-07-22 05:13:12,433][qbiocode.apps.qprofiler.qprofiler][INFO] - 
The total run time of program is: 
0.0010693073272705078
[2026-07-22 05:13:13,021][qbiocode.apps.qprofiler.qprofiler][INFO] - Main program initiated
[2026-07-22 05:13:13,022][qbiocode.apps.qprofiler.qprofiler][INFO] - The number of ML methods being parallelized is 10
[2026-07-22 05:13:13,022][qbiocode.apps.qprofiler.qprofiler][INFO] - Chosen backend for quantum algorithms is: simulator
[2026-07-22 05:13:13,022][qbiocode.apps.qprofiler.qprofiler][INFO] - 
The total run time of program is: 
0.0007002353668212891
[2026-07-22 05:13:13,052][qbiocode.apps.qprofiler.qprofiler][INFO] - Main program initiated
[2026-07-22 05:13:13,052][qbiocode.apps.qprofiler.qprofiler][INFO] - The number of ML methods being parallelized is 10
[2026-07-22 05:13:13,052][qbiocode.apps.qprofiler.qprofiler][INFO] - Chosen backend for quantum algorithms is: simulator
[2026-07-22 05:13:13,053][qbiocode.apps.qprofiler.qprofiler][INFO] - 
The total run time of program is: 
0.0007762908935546875
[2026-07-22 05:13:13,089][qbiocode.apps.qprofiler.qprofiler][INFO] - Main program initiated
[2026-07-22 05:13:13,090][qbiocode.apps.qprofiler.qprofiler][INFO] - The number of ML methods being parallelized is 10
[2026-07-22 05:13:13,090][qbiocode.apps.qprofiler.qprofiler][INFO] - Chosen backend for quantum algorithms is: simulator
[2026-07-22 05:13:13,090][qbiocode.apps.qprofiler.qprofiler][INFO] - 
The total run time of program is: 
0.0007791519165039062

Collecting results...
Warning: Results not found for train.csv
Warning: Results not found for train_qml.csv
Warning: Results not found for valid.csv
Warning: Results not found for test.csv

============================================================
Batch processing complete!
Total run time: 0.02 hours
Results saved to: results/hERG_ecfp4_batch_2026-07-22_03_12_16_478914
============================================================

======================================================
End time  : Wed Jul 22 05:13:21 AM CEST 2026
Exit code : 0
======================================================

------------------------------------------------------------
Sender: LSF System <lsfadmin@zu-a100-c08-01.zuvela.ibm.com>
Subject: Job 32687[14]: <admet_qprofiler_retry2[1-22]> in cluster <ZuVela_FP15> Done

Job <admet_qprofiler_retry2[1-22]> was submitted from host <zu-login-02> by user <bkwon> in cluster <ZuVela_FP15> at Wed Jul 22 04:42:57 2026
Job was executed on host(s) <6*zu-a100-c08-01>, in queue <normal>, as user <bkwon> in cluster <ZuVela_FP15> at Wed Jul 22 05:11:05 2026
</u/bkwon> was used as the home directory.
</proj/bmfm/users/bckwon/projects/QBioCode> was used as the working directory.
Started at Wed Jul 22 05:11:05 2026
Terminated at Wed Jul 22 05:13:21 2026
Results reported at Wed Jul 22 05:13:21 2026

Your job looked like:

------------------------------------------------------------
# LSBATCH: User input
#!/usr/bin/env bash
#==============================================================================
# LSF Job Array: QProfiler Retry 2 — 22 remaining tasks
#
# Covers tasks not completed by retry1 (32219).
# Excludes nodes zu-a100-c05-05, zu-a100-c06-01, zu-a100-c08-02 which
# repeatedly fail with "Cannot open your job file" (LSF scratch exhausted).
#
# Submit from repo root:
#   bsub < experiments/admet_benchmark/lsf/job_02_qprofiler_retry2.sh
#==============================================================================

#BSUB -J admet_qprofiler_retry2[1-22]
#BSUB -q normal
#BSUB -n 6
#BSUB -R "span[hosts=1]"
#BSUB -R "rusage[mem=16000]"
#BSUB -m "zu-a100-b05-01 zu-a100-b05-02 zu-a100-c05-01 zu-a100-c05-02 zu-a100-c05-03 zu-a100-c05-04 zu-a100-c08-01 zu-a100-c08-03 zu-a100-c08-04"
#BSUB -gpu "num=1:mode=shared:j_exclusive=no"
#BSUB -W 04:00
#BSUB -o logs/admet/qprofiler_%I_%J.out
#BSUB -e logs/admet/qprofiler_%I_%J.err
#BSUB -cwd /proj/bmfm/users/bckwon/projects/QBioCode

set -euo pipefail

REPO_ROOT="/proj/bmfm/users/bckwon/projects/QBioCode"
PYTHON="${REPO_ROOT}/.venv/bin/python"
LOG_DIR="${REPO_ROOT}/logs/admet"
DATA_DIR="${REPO_ROOT}/data/admet"
CONFIG="${REPO_ROOT}/qbiocode/apps/qprofiler/configs/admet_config.yaml"

mkdir -p "${LOG_DIR}"

# Explicit list of the 22 remaining (endpoint:::featurizer) pairs — 1-based index
TASKS=(
    ""                                          # index 0 unused (LSF is 1-based)
    "VDss_Lombardo:::ecfp4"                     #  1
    "VDss_Lombardo:::maccs"                     #  2
    "VDss_Lombardo:::rdkit200"                  #  3
    "CYP2C19_Veith:::ecfp4"                     #  4
    "CYP2C19_Veith:::maccs"                     #  5
    "CYP2C19_Veith:::rdkit200"                  #  6
    "CYP2D6_Veith:::ecfp4"                      #  7
    "CYP3A4_Veith:::maccs"                      #  8
    "CYP2C9_Veith:::maccs"                      #  9
    "CYP2C9_Veith:::rdkit200"                   # 10
    "Clearance_Hepatocyte_AZ:::ecfp4"           # 11
    "Clearance_Hepatocyte_AZ:::maccs"           # 12
    "Clearance_Hepatocyte_AZ:::rdkit200"        # 13

(... more ...)
------------------------------------------------------------

Successfully completed.

Resource usage summary:

    CPU time :                                   303.00 sec.
    Max Memory :                                 6931 MB
    Average Memory :                             2016.71 MB
    Total Requested Memory :                     16000.00 MB
    Delta Memory :                               9069.00 MB
    Max Swap :                                   -
    Max Processes :                              22
    Max Threads :                                750
    Run time :                                   136 sec.
    Turnaround time :                            1824 sec.

The output (if any) is above this job summary.



PS:

Read file <logs/admet/qprofiler_14_32687.err> for stderr output of this job.

