======================================================
Job ID       : 32033[12]
Host         : zu-a100-c08-02
Start time   : Wed Jul 22 03:13:18 AM CEST 2026
Endpoint     : Bioavailability_Ma
Featurizer   : rdkit200
Input dir    : /proj/bmfm/users/bckwon/projects/QBioCode/data/admet/Bioavailability_Ma/rdkit200
======================================================
2026-07-22 03:13:32.045280: I tensorflow/core/platform/cpu_feature_guard.cc:210] This TensorFlow binary is optimized to use available CPU instructions in performance-critical operations.
To enable the following instructions: AVX2 FMA, in other operations, rebuild TensorFlow with the appropriate compiler flags.
2026-07-22 03:13:33.747023: I external/local_xla/xla/tsl/cuda/cudart_stub.cc:31] Could not find cuda drivers on your machine, GPU will not be used.
QProfiler Batch Mode
============================================================
Input directory: /proj/bmfm/users/bckwon/projects/QBioCode/data/admet/Bioavailability_Ma/rdkit200
Config file: /proj/bmfm/users/bckwon/projects/QBioCode/qbiocode/apps/qprofiler/configs/admet_config.yaml
Data type: Bioavailability_Ma_rdkit200
Parallel jobs: 10
Output timestamp: 2026-07-22_01_13_36_085324
============================================================
2026-07-22 03:13:53.110661: I tensorflow/core/platform/cpu_feature_guard.cc:210] This TensorFlow binary is optimized to use available CPU instructions in performance-critical operations.
To enable the following instructions: AVX2 FMA, in other operations, rebuild TensorFlow with the appropriate compiler flags.
2026-07-22 03:13:53.153564: I tensorflow/core/platform/cpu_feature_guard.cc:210] This TensorFlow binary is optimized to use available CPU instructions in performance-critical operations.
To enable the following instructions: AVX2 FMA, in other operations, rebuild TensorFlow with the appropriate compiler flags.
2026-07-22 03:13:53.243528: I tensorflow/core/platform/cpu_feature_guard.cc:210] This TensorFlow binary is optimized to use available CPU instructions in performance-critical operations.
To enable the following instructions: AVX2 FMA, in other operations, rebuild TensorFlow with the appropriate compiler flags.
2026-07-22 03:13:53.477491: I tensorflow/core/platform/cpu_feature_guard.cc:210] This TensorFlow binary is optimized to use available CPU instructions in performance-critical operations.
To enable the following instructions: AVX2 FMA, in other operations, rebuild TensorFlow with the appropriate compiler flags.
2026-07-22 03:13:54.805188: I external/local_xla/xla/tsl/cuda/cudart_stub.cc:31] Could not find cuda drivers on your machine, GPU will not be used.
2026-07-22 03:13:54.875429: I external/local_xla/xla/tsl/cuda/cudart_stub.cc:31] Could not find cuda drivers on your machine, GPU will not be used.
2026-07-22 03:13:54.940101: I external/local_xla/xla/tsl/cuda/cudart_stub.cc:31] Could not find cuda drivers on your machine, GPU will not be used.
2026-07-22 03:13:55.219767: I external/local_xla/xla/tsl/cuda/cudart_stub.cc:31] Could not find cuda drivers on your machine, GPU will not be used.
2026-07-22 03:14:11.432162: I tensorflow/core/platform/cpu_feature_guard.cc:210] This TensorFlow binary is optimized to use available CPU instructions in performance-critical operations.
To enable the following instructions: AVX2 FMA, in other operations, rebuild TensorFlow with the appropriate compiler flags.
2026-07-22 03:14:11.650081: I tensorflow/core/platform/cpu_feature_guard.cc:210] This TensorFlow binary is optimized to use available CPU instructions in performance-critical operations.
To enable the following instructions: AVX2 FMA, in other operations, rebuild TensorFlow with the appropriate compiler flags.
2026-07-22 03:14:11.668454: I tensorflow/core/platform/cpu_feature_guard.cc:210] This TensorFlow binary is optimized to use available CPU instructions in performance-critical operations.
To enable the following instructions: AVX2 FMA, in other operations, rebuild TensorFlow with the appropriate compiler flags.
2026-07-22 03:14:11.961242: I tensorflow/core/platform/cpu_feature_guard.cc:210] This TensorFlow binary is optimized to use available CPU instructions in performance-critical operations.
To enable the following instructions: AVX2 FMA, in other operations, rebuild TensorFlow with the appropriate compiler flags.
2026-07-22 03:14:13.233935: I external/local_xla/xla/tsl/cuda/cudart_stub.cc:31] Could not find cuda drivers on your machine, GPU will not be used.
2026-07-22 03:14:13.427459: I external/local_xla/xla/tsl/cuda/cudart_stub.cc:31] Could not find cuda drivers on your machine, GPU will not be used.
2026-07-22 03:14:13.448564: I external/local_xla/xla/tsl/cuda/cudart_stub.cc:31] Could not find cuda drivers on your machine, GPU will not be used.
2026-07-22 03:14:13.748938: I external/local_xla/xla/tsl/cuda/cudart_stub.cc:31] Could not find cuda drivers on your machine, GPU will not be used.
[2026-07-22 03:14:16,405][qbiocode.apps.qprofiler.qprofiler][INFO] - Main program initiated
[2026-07-22 03:14:16,406][qbiocode.apps.qprofiler.qprofiler][INFO] - The number of ML methods being parallelized is 10
[2026-07-22 03:14:16,406][qbiocode.apps.qprofiler.qprofiler][INFO] - Chosen backend for quantum algorithms is: simulator
[2026-07-22 03:14:16,406][qbiocode.apps.qprofiler.qprofiler][INFO] - 
The total run time of program is: 
0.0006823539733886719
[2026-07-22 03:14:16,407][qbiocode.apps.qprofiler.qprofiler][INFO] - Main program initiated
[2026-07-22 03:14:16,408][qbiocode.apps.qprofiler.qprofiler][INFO] - The number of ML methods being parallelized is 10
[2026-07-22 03:14:16,408][qbiocode.apps.qprofiler.qprofiler][INFO] - Chosen backend for quantum algorithms is: simulator
[2026-07-22 03:14:16,408][qbiocode.apps.qprofiler.qprofiler][INFO] - 
The total run time of program is: 
0.0007181167602539062
[2026-07-22 03:14:16,409][qbiocode.apps.qprofiler.qprofiler][INFO] - Main program initiated
[2026-07-22 03:14:16,409][qbiocode.apps.qprofiler.qprofiler][INFO] - The number of ML methods being parallelized is 10
[2026-07-22 03:14:16,409][qbiocode.apps.qprofiler.qprofiler][INFO] - Chosen backend for quantum algorithms is: simulator
[2026-07-22 03:14:16,410][qbiocode.apps.qprofiler.qprofiler][INFO] - 
The total run time of program is: 
0.0007841587066650391
[2026-07-22 03:14:16,691][qbiocode.apps.qprofiler.qprofiler][INFO] - Main program initiated
[2026-07-22 03:14:16,691][qbiocode.apps.qprofiler.qprofiler][INFO] - The number of ML methods being parallelized is 10
[2026-07-22 03:14:16,691][qbiocode.apps.qprofiler.qprofiler][INFO] - Chosen backend for quantum algorithms is: simulator
[2026-07-22 03:14:16,692][qbiocode.apps.qprofiler.qprofiler][INFO] - 
The total run time of program is: 
0.0007727146148681641

Collecting results...
Warning: Results not found for train.csv
Warning: Results not found for train_qml.csv
Warning: Results not found for valid.csv
Warning: Results not found for test.csv

============================================================
Batch processing complete!
Total run time: 0.01 hours
Results saved to: results/Bioavailability_Ma_rdkit200_batch_2026-07-22_01_13_36_085324
============================================================

======================================================
End time : Wed Jul 22 03:14:21 AM CEST 2026
Exit code: 0
======================================================

------------------------------------------------------------
Sender: LSF System <lsfadmin@zu-a100-c08-02.zuvela.ibm.com>
Subject: Job 32033[12]: <admet_qprofiler[1-66]> in cluster <ZuVela_FP15> Done

Job <admet_qprofiler[1-66]> was submitted from host <zu-login-02> by user <bkwon> in cluster <ZuVela_FP15> at Wed Jul 22 02:43:25 2026
Job was executed on host(s) <6*zu-a100-c08-02>, in queue <normal>, as user <bkwon> in cluster <ZuVela_FP15> at Wed Jul 22 03:13:15 2026
</u/bkwon> was used as the home directory.
</proj/bmfm/users/bckwon/projects/QBioCode> was used as the working directory.
Started at Wed Jul 22 03:13:15 2026
Terminated at Wed Jul 22 03:14:22 2026
Results reported at Wed Jul 22 03:14:22 2026

Your job looked like:

------------------------------------------------------------
# LSBATCH: User input
#!/usr/bin/env bash
#==============================================================================
# LSF Job Array: Phase 4 — QProfiler Sweep (one job per endpoint × featurizer)
#
# Runs qprofiler-batch for each of the 22 ADMET endpoints × 3 featurizers
# as an LSF job array (66 independent jobs).  Each job processes one
# endpoint/featurizer directory.
#
# Submit from repo root:
#   bsub < experiments/admet_benchmark/lsf/job_02_qprofiler_array.sh
#
# Estimated wall time per job: ~2.5 h (QML on simulator, 10 models × 3 splits)
# Total compute: ~66 jobs × 2.5 h = 165 core-hours
#==============================================================================

#BSUB -J admet_qprofiler[1-66]
#BSUB -q normal
#BSUB -n 6
#BSUB -R "span[hosts=1]"
#BSUB -R "rusage[mem=16000]"
#BSUB -gpu "num=1:mode=exclusive_process:j_exclusive=yes"
#BSUB -W 04:00
#BSUB -o logs/admet/qprofiler_%I_%J.out
#BSUB -e logs/admet/qprofiler_%I_%J.err
#BSUB -cwd /proj/bmfm/users/bckwon/projects/QBioCode

set -euo pipefail

REPO_ROOT="/proj/bmfm/users/bckwon/projects/QBioCode"
PYTHON="${REPO_ROOT}/.venv/bin/python"
LOG_DIR="${REPO_ROOT}/logs/admet"
DATA_DIR="${REPO_ROOT}/data/admet"
CONFIG="${REPO_ROOT}/qbiocode/apps/qprofiler/configs/admet_config.yaml"

mkdir -p "${LOG_DIR}"

# Build ordered list of all (endpoint, featurizer) pairs — must match array size
ENDPOINTS=(
    Caco2_Wang HIA_Hou Pgp_Broccatelli Bioavailability_Ma
    Lipophilicity_AstraZeneca Solubility_AqSolDB BBB_Martins
    PPBR_AstraZeneca VDss_Lombardo
    CYP2C19_Veith CYP2D6_Veith CYP3A4_Veith CYP1A2_Veith CYP2C9_Veith
    CYP2C9_Substrate_CarbonMangels CYP2D6_Substrate_CarbonMangels
    CYP3A4_Substrate_CarbonMangels
    Half_Life_Obach Clearance_Hepatocyte_AZ
    hERG AMES DILI
)
FEATURIZERS=(ecfp4 maccs rdkit200)

# Build flat task list: task_index → (endpoint, featurizer)

(... more ...)
------------------------------------------------------------

Successfully completed.

Resource usage summary:

    CPU time :                                   243.00 sec.
    Max Memory :                                 6142 MB
    Average Memory :                             6111.67 MB
    Total Requested Memory :                     16000.00 MB
    Delta Memory :                               9858.00 MB
    Max Swap :                                   -
    Max Processes :                              21
    Max Threads :                                750
    Run time :                                   54 sec.
    Turnaround time :                            1857 sec.

The output (if any) is above this job summary.



PS:

Read file <logs/admet/qprofiler_12_32033.err> for stderr output of this job.

