2026-07-22 18:33:00.548827: I tensorflow/core/platform/cpu_feature_guard.cc:210] This TensorFlow binary is optimized to use available CPU instructions in performance-critical operations.
To enable the following instructions: AVX2 FMA, in other operations, rebuild TensorFlow with the appropriate compiler flags.
2026-07-22 18:33:12.826255: I external/local_xla/xla/tsl/cuda/cudart_stub.cc:31] Could not find cuda drivers on your machine, GPU will not be used.
QProfiler Batch Mode
============================================================
Input directory: /proj/bmfm/users/bckwon/projects/QBioCode/data/admet/Lipophilicity_AstraZeneca/ecfp4
Config file: /proj/bmfm/users/bckwon/projects/QBioCode/qbiocode/apps/qprofiler/configs/admet_config.yaml
Data type: Lipophilicity_AstraZeneca_ecfp4
Parallel jobs: 10
Output timestamp: 2026-07-22_16_33_21_850015
============================================================
Traceback (most recent call last):
  File "/proj/bmfm/users/bckwon/projects/QBioCode/.venv/bin/qprofiler-batch", line 10, in <module>
    sys.exit(main())
             ^^^^^^
  File "/proj/bmfm/users/bckwon/projects/QBioCode/qbiocode/apps/qprofiler/qprofiler_batchmode.py", line 211, in main
    results = Parallel(n_jobs=n_jobs)(
              ^^^^^^^^^^^^^^^^^^^^^^^^
  File "/proj/bmfm/users/bckwon/projects/QBioCode/.venv/lib/python3.12/site-packages/joblib/parallel.py", line 1977, in __call__
    n_jobs = self._initialize_backend()
             ^^^^^^^^^^^^^^^^^^^^^^^^^^
  File "/proj/bmfm/users/bckwon/projects/QBioCode/.venv/lib/python3.12/site-packages/joblib/parallel.py", line 1379, in _initialize_backend
    n_jobs = self._backend.configure(
             ^^^^^^^^^^^^^^^^^^^^^^^^
  File "/proj/bmfm/users/bckwon/projects/QBioCode/.venv/lib/python3.12/site-packages/joblib/_parallel_backends.py", line 639, in configure
    self._workers = get_memmapping_executor(
                    ^^^^^^^^^^^^^^^^^^^^^^^^
  File "/proj/bmfm/users/bckwon/projects/QBioCode/.venv/lib/python3.12/site-packages/joblib/executor.py", line 18, in get_memmapping_executor
    return MemmappingExecutor.get_memmapping_executor(n_jobs, **kwargs)
           ^^^^^^^^^^^^^^^^^^^^^^^^^^^^^^^^^^^^^^^^^^^^^^^^^^^^^^^^^^^^
  File "/proj/bmfm/users/bckwon/projects/QBioCode/.venv/lib/python3.12/site-packages/joblib/executor.py", line 59, in get_memmapping_executor
    _executor, executor_is_reused = super().get_reusable_executor(
                                    ^^^^^^^^^^^^^^^^^^^^^^^^^^^^^^
  File "/proj/bmfm/users/bckwon/projects/QBioCode/.venv/lib/python3.12/site-packages/joblib/externals/loky/reusable_executor.py", line 182, in get_reusable_executor
    _executor = executor = cls(
                           ^^^^
  File "/proj/bmfm/users/bckwon/projects/QBioCode/.venv/lib/python3.12/site-packages/joblib/externals/loky/reusable_executor.py", line 118, in __init__
    super().__init__(
  File "/proj/bmfm/users/bckwon/projects/QBioCode/.venv/lib/python3.12/site-packages/joblib/externals/loky/process_executor.py", line 1139, in __init__
    self._processes_management_lock = self._context.Lock()
                                      ^^^^^^^^^^^^^^^^^^^^
  File "/proj/bmfm/users/bckwon/projects/QBioCode/.venv/lib/python3.12/site-packages/joblib/externals/loky/backend/context.py", line 362, in Lock
/proj/bmfm/users/bckwon/projects/QBioCode/.venv/lib/python3.12/site-packages/joblib/_multiprocessing_helpers.py:44: UserWarning: [Errno 28] No space left on device.  joblib will operate in serial mode
  warnings.warn("%s.  joblib will operate in serial mode" % (e,))
    return Lock()
           ^^^^^^
  File "/proj/bmfm/users/bckwon/projects/QBioCode/.venv/lib/python3.12/site-packages/joblib/externals/loky/backend/synchronize.py", line 192, in __init__
    super().__init__(SEMAPHORE, 1, 1)
  File "/proj/bmfm/users/bckwon/projects/QBioCode/.venv/lib/python3.12/site-packages/joblib/externals/loky/backend/synchronize.py", line 72, in __init__
    self._semlock = _SemLock(
                    ^^^^^^^^^
OSError: [Errno 28] No space left on device
