/proj/bmfm/users/bckwon/projects/QBioCode/.venv/lib/python3.12/site-packages/joblib/_multiprocessing_helpers.py:44: UserWarning: [Errno 28] No space left on device.  joblib will operate in serial mode
  warnings.warn("%s.  joblib will operate in serial mode" % (e,))
2026-07-22 18:33:00.600422: I tensorflow/core/platform/cpu_feature_guard.cc:210] This TensorFlow binary is optimized to use available CPU instructions in performance-critical operations.
To enable the following instructions: AVX2 FMA, in other operations, rebuild TensorFlow with the appropriate compiler flags.
2026-07-22 18:33:12.826617: I external/local_xla/xla/tsl/cuda/cudart_stub.cc:31] Could not find cuda drivers on your machine, GPU will not be used.
/proj/bmfm/users/bckwon/projects/QBioCode/.venv/lib/python3.12/site-packages/joblib/_multiprocessing_helpers.py:44: UserWarning: [Errno 28] No space left on device.  joblib will operate in serial mode
  warnings.warn("%s.  joblib will operate in serial mode" % (e,))
2026-07-22 18:33:35.935492: I tensorflow/core/platform/cpu_feature_guard.cc:210] This TensorFlow binary is optimized to use available CPU instructions in performance-critical operations.
To enable the following instructions: AVX2 FMA, in other operations, rebuild TensorFlow with the appropriate compiler flags.
2026-07-22 18:33:37.671486: I external/local_xla/xla/tsl/cuda/cudart_stub.cc:31] Could not find cuda drivers on your machine, GPU will not be used.
[2026-07-22 18:33:41,311][qbiocode.apps.qprofiler.qprofiler][INFO] - Main program initiated
[2026-07-22 18:33:41,311][qbiocode.apps.qprofiler.qprofiler][INFO] - The number of ML methods being parallelized is 10
[2026-07-22 18:33:41,311][qbiocode.apps.qprofiler.qprofiler][INFO] - Chosen backend for quantum algorithms is: simulator
Processing file: train.csv
No feature is strong enough to keep
[2026-07-22 18:33:50,721][qbiocode.apps.qprofiler.qprofiler][INFO] - Started processing data set train.csv
[2026-07-22 18:33:50,721][qbiocode.apps.qprofiler.qprofiler][INFO] - Dataset has 2 classes: [0, 1]
[2026-07-22 18:33:50,724][qbiocode.apps.qprofiler.qprofiler][INFO] - Begin processing iteration (split) 1 of 3 with stratified sampling
[2026-07-22 18:33:50,730][qbiocode.apps.qprofiler.qprofiler][INFO] - No feature reduction (embedding) applied in this iteration
[2026-07-22 18:34:01,151][qbiocode.evaluation.model_run][WARNING] - QML qubit budget exceeded: n_features=200 > max_qubits=26. Skipping quantum models for this embedding pass: ['qsvc', 'vqc', 'qnn', 'pqk', 'qensemble', 'mmelon']. Use embeddings: ['pca', 'svd', 'umap', ...] with n_components <= max_qubits to include QML.
[2026-07-22 18:43:14,687][qbiocode.apps.qprofiler.qprofiler][INFO] - Feature reduction (embedding) applied with pca
Currently running a quantum support vector classifier (QSVC) on this dataset.
The number of qubits in your circuit is: 8
The number of parameters in your circuit is: 8
[2026-07-22 20:13:37,409][qiskit_machine_learning.neural_networks.sampler_qnn][WARNING] - No gradient function provided, creating a gradient function. If your Sampler requires transpilation, please provide a pass manager.
Currently running a variational quantum classifer (VQC) on this dataset.
The number of qubits in your circuit is: 8
The number of parameters in your circuit is: 8
Currently running a quantum neural network (QNN) on this dataset.
The number of qubits in your circuit is: 8
The number of parameters in your circuit is: 8
The number of ansatz parameters in your circuit is: 24
[2026-07-22 20:26:21,164][qiskit_machine_learning.neural_networks.estimator_qnn][WARNING] - No gradient function provided, creating a gradient function. If your Estimator requires transpilation, please provide a pass manager.
Error executing job with overrides: []
Traceback (most recent call last):
  File "/proj/bmfm/users/bckwon/projects/QBioCode/qbiocode/apps/qprofiler/qprofiler.py", line 190, in main
    summary.update(model_run(X_train_emb, X_test_emb, y_train, y_test, data_key, args))
                   ^^^^^^^^^^^^^^^^^^^^^^^^^^^^^^^^^^^^^^^^^^^^^^^^^^^^^^^^^^^^^^^^^^^
  File "/proj/bmfm/users/bckwon/projects/QBioCode/qbiocode/evaluation/model_run.py", line 201, in model_run
    results = Parallel(n_jobs=n_jobs)(
              ^^^^^^^^^^^^^^^^^^^^^^^^
  File "/proj/bmfm/users/bckwon/projects/QBioCode/.venv/lib/python3.12/site-packages/joblib/parallel.py", line 1986, in __call__
    return output if self.return_generator else list(output)
                                                ^^^^^^^^^^^^
  File "/proj/bmfm/users/bckwon/projects/QBioCode/.venv/lib/python3.12/site-packages/joblib/parallel.py", line 1914, in _get_sequential_output
    res = func(*args, **kwargs)
          ^^^^^^^^^^^^^^^^^^^^^
  File "/proj/bmfm/users/bckwon/projects/QBioCode/qbiocode/learning/compute_pqk.py", line 202, in compute_pqk
    _validate_projection_file(file_projection_train, len(X_train))
  File "/proj/bmfm/users/bckwon/projects/QBioCode/qbiocode/learning/compute_pqk.py", line 131, in _validate_projection_file
    raise ValueError(
ValueError: Projection file pqk_projections/pqk_projection_train_pca_8_1_train.npy has 322 rows, but the current dataset expects 680 rows. Remove this projection file or use a different pqk_projection_dir.

Set the environment variable HYDRA_FULL_ERROR=1 for a complete stack trace.
/proj/bmfm/users/bckwon/projects/QBioCode/.venv/lib/python3.12/site-packages/joblib/_multiprocessing_helpers.py:44: UserWarning: [Errno 28] No space left on device.  joblib will operate in serial mode
  warnings.warn("%s.  joblib will operate in serial mode" % (e,))
2026-07-22 20:32:34.465394: I tensorflow/core/platform/cpu_feature_guard.cc:210] This TensorFlow binary is optimized to use available CPU instructions in performance-critical operations.
To enable the following instructions: AVX2 FMA, in other operations, rebuild TensorFlow with the appropriate compiler flags.
2026-07-22 20:32:36.073667: I external/local_xla/xla/tsl/cuda/cudart_stub.cc:31] Could not find cuda drivers on your machine, GPU will not be used.
[2026-07-22 20:32:38,578][qbiocode.apps.qprofiler.qprofiler][INFO] - Main program initiated
[2026-07-22 20:32:38,582][qbiocode.apps.qprofiler.qprofiler][INFO] - The number of ML methods being parallelized is 10
[2026-07-22 20:32:38,582][qbiocode.apps.qprofiler.qprofiler][INFO] - Chosen backend for quantum algorithms is: simulator
Processing file: train_qml.csv
[2026-07-22 20:32:39,373][qbiocode.apps.qprofiler.qprofiler][INFO] - Started processing data set train_qml.csv
[2026-07-22 20:32:39,373][qbiocode.apps.qprofiler.qprofiler][INFO] - Dataset has 2 classes: [0, 1]
[2026-07-22 20:32:39,374][qbiocode.apps.qprofiler.qprofiler][INFO] - Begin processing iteration (split) 1 of 3 with stratified sampling
[2026-07-22 20:32:39,375][qbiocode.apps.qprofiler.qprofiler][INFO] - No feature reduction (embedding) applied in this iteration
[2026-07-22 20:32:39,935][qbiocode.evaluation.model_run][WARNING] - QML qubit budget exceeded: n_features=200 > max_qubits=26. Skipping quantum models for this embedding pass: ['qsvc', 'vqc', 'qnn', 'pqk', 'qensemble', 'mmelon']. Use embeddings: ['pca', 'svd', 'umap', ...] with n_components <= max_qubits to include QML.
[2026-07-22 20:32:42,430][qbiocode.apps.qprofiler.qprofiler][INFO] - Feature reduction (embedding) applied with pca
Currently running a quantum support vector classifier (QSVC) on this dataset.
The number of qubits in your circuit is: 8
The number of parameters in your circuit is: 8
[2026-07-22 20:42:09,420][qiskit_machine_learning.neural_networks.sampler_qnn][WARNING] - No gradient function provided, creating a gradient function. If your Sampler requires transpilation, please provide a pass manager.
