======================================================
Job ID       : 32216[39]
Host         : zu-a100-c05-05
Start time   : Wed Jul 22 03:53:11 AM CEST 2026
Endpoint     : CYP1A2_Veith
Featurizer   : rdkit200
Input dir    : /proj/bmfm/users/bckwon/projects/QBioCode/data/admet/CYP1A2_Veith/rdkit200
======================================================
/u/bkwon/.lsbatch/1784685128.32216.39.shell: line 92: qprofiler-batch: command not found

------------------------------------------------------------
Sender: LSF System <lsfadmin@zu-a100-c05-05.zuvela.ibm.com>
Subject: Job 32216[39]: <admet_qprofiler[39]> in cluster <ZuVela_FP15> Exited

Job <admet_qprofiler[39]> was submitted from host <zu-login-02> by user <bkwon> in cluster <ZuVela_FP15> at Wed Jul 22 03:52:08 2026
Job was executed on host(s) <6*zu-a100-c05-05>, in queue <normal>, as user <bkwon> in cluster <ZuVela_FP15> at Wed Jul 22 03:53:09 2026
</u/bkwon> was used as the home directory.
</proj/bmfm/users/bckwon/projects/QBioCode> was used as the working directory.
Started at Wed Jul 22 03:53:09 2026
Terminated at Wed Jul 22 03:53:11 2026
Results reported at Wed Jul 22 03:53:11 2026

Your job looked like:

------------------------------------------------------------
# LSBATCH: User input
#!/usr/bin/env bash
#==============================================================================
# LSF Job Array: Phase 4 — QProfiler Sweep (one job per endpoint × featurizer)
#
# Runs qprofiler-batch for each of the 22 ADMET endpoints × 3 featurizers
# as an LSF job array (66 independent jobs).  Each job processes one
# endpoint/featurizer directory.
#
# Submit from repo root:
#   bsub < experiments/admet_benchmark/lsf/job_02_qprofiler_array.sh
#
# Estimated wall time per job: ~2.5 h (QML on simulator, 10 models × 3 splits)
# Total compute: ~66 jobs × 2.5 h = 165 core-hours
#==============================================================================

#BSUB -J admet_qprofiler[1-66]
#BSUB -q normal
#BSUB -n 6
#BSUB -R "span[hosts=1]"
#BSUB -R "rusage[mem=16000]"
#BSUB -gpu "num=1:mode=exclusive_process:j_exclusive=yes"
#BSUB -W 04:00
#BSUB -o logs/admet/qprofiler_%I_%J.out
#BSUB -e logs/admet/qprofiler_%I_%J.err
#BSUB -cwd /proj/bmfm/users/bckwon/projects/QBioCode

set -euo pipefail

REPO_ROOT="/proj/bmfm/users/bckwon/projects/QBioCode"
PYTHON="${REPO_ROOT}/.venv/bin/python"
LOG_DIR="${REPO_ROOT}/logs/admet"
DATA_DIR="${REPO_ROOT}/data/admet"
CONFIG="${REPO_ROOT}/qbiocode/apps/qprofiler/configs/admet_config.yaml"

mkdir -p "${LOG_DIR}"

# Build ordered list of all (endpoint, featurizer) pairs — must match array size
ENDPOINTS=(
    Caco2_Wang HIA_Hou Pgp_Broccatelli Bioavailability_Ma
    Lipophilicity_AstraZeneca Solubility_AqSolDB BBB_Martins
    PPBR_AstraZeneca VDss_Lombardo
    CYP2C19_Veith CYP2D6_Veith CYP3A4_Veith CYP1A2_Veith CYP2C9_Veith
    CYP2C9_Substrate_CarbonMangels CYP2D6_Substrate_CarbonMangels
    CYP3A4_Substrate_CarbonMangels
    Half_Life_Obach Clearance_Hepatocyte_AZ
    hERG AMES DILI
)
FEATURIZERS=(ecfp4 maccs rdkit200)

# Build flat task list: task_index → (endpoint, featurizer)

(... more ...)
------------------------------------------------------------

Exited with exit code 127.

Resource usage summary:

    CPU time :                                   0.23 sec.
    Max Memory :                                 15 MB
    Average Memory :                             7.67 MB
    Total Requested Memory :                     16000.00 MB
    Delta Memory :                               15985.00 MB
    Max Swap :                                   -
    Max Processes :                              1
    Max Threads :                                2
    Run time :                                   2 sec.
    Turnaround time :                            63 sec.

The output (if any) is above this job summary.



PS:

Read file <logs/admet/qprofiler_39_32216.err> for stderr output of this job.

