/proj/bmfm/users/bckwon/projects/QBioCode/.venv/lib/python3.12/site-packages/joblib/_multiprocessing_helpers.py:44: UserWarning: [Errno 28] No space left on device.  joblib will operate in serial mode
  warnings.warn("%s.  joblib will operate in serial mode" % (e,))
2026-07-22 18:33:00.598655: I tensorflow/core/platform/cpu_feature_guard.cc:210] This TensorFlow binary is optimized to use available CPU instructions in performance-critical operations.
To enable the following instructions: AVX2 FMA, in other operations, rebuild TensorFlow with the appropriate compiler flags.
2026-07-22 18:33:12.826701: I external/local_xla/xla/tsl/cuda/cudart_stub.cc:31] Could not find cuda drivers on your machine, GPU will not be used.
/proj/bmfm/users/bckwon/projects/QBioCode/.venv/lib/python3.12/site-packages/joblib/_multiprocessing_helpers.py:44: UserWarning: [Errno 28] No space left on device.  joblib will operate in serial mode
  warnings.warn("%s.  joblib will operate in serial mode" % (e,))
2026-07-22 18:33:35.646023: I tensorflow/core/platform/cpu_feature_guard.cc:210] This TensorFlow binary is optimized to use available CPU instructions in performance-critical operations.
To enable the following instructions: AVX2 FMA, in other operations, rebuild TensorFlow with the appropriate compiler flags.
2026-07-22 18:33:37.366202: I external/local_xla/xla/tsl/cuda/cudart_stub.cc:31] Could not find cuda drivers on your machine, GPU will not be used.
[2026-07-22 18:33:41,309][qbiocode.apps.qprofiler.qprofiler][INFO] - Main program initiated
[2026-07-22 18:33:41,310][qbiocode.apps.qprofiler.qprofiler][INFO] - The number of ML methods being parallelized is 10
[2026-07-22 18:33:41,310][qbiocode.apps.qprofiler.qprofiler][INFO] - Chosen backend for quantum algorithms is: simulator
Processing file: train.csv
No feature is strong enough to keep
[2026-07-22 18:34:15,324][qbiocode.apps.qprofiler.qprofiler][INFO] - Started processing data set train.csv
[2026-07-22 18:34:15,325][qbiocode.apps.qprofiler.qprofiler][INFO] - Dataset has 2 classes: [0, 1]
[2026-07-22 18:34:15,335][qbiocode.apps.qprofiler.qprofiler][INFO] - Begin processing iteration (split) 1 of 3 with stratified sampling
[2026-07-22 18:34:15,342][qbiocode.apps.qprofiler.qprofiler][INFO] - No feature reduction (embedding) applied in this iteration
[2026-07-22 18:34:51,598][qbiocode.evaluation.model_run][WARNING] - QML qubit budget exceeded: n_features=200 > max_qubits=26. Skipping quantum models for this embedding pass: ['qsvc', 'vqc', 'qnn', 'pqk', 'qensemble', 'mmelon']. Use embeddings: ['pca', 'svd', 'umap', ...] with n_components <= max_qubits to include QML.
[2026-07-22 18:55:41,439][qbiocode.apps.qprofiler.qprofiler][INFO] - Feature reduction (embedding) applied with pca
