2026-07-23 12:16:17.688971: I tensorflow/core/platform/cpu_feature_guard.cc:210] This TensorFlow binary is optimized to use available CPU instructions in performance-critical operations.
To enable the following instructions: AVX2 FMA, in other operations, rebuild TensorFlow with the appropriate compiler flags.
2026-07-23 12:16:26.277379: I external/local_xla/xla/tsl/cuda/cudart_stub.cc:31] Could not find cuda drivers on your machine, GPU will not be used.
QProfiler Batch Mode
============================================================
Input directory: /proj/bmfm/users/bckwon/projects/QBioCode/data/admet/Half_Life_Obach/rdkit200
Config file: /proj/bmfm/users/bckwon/projects/QBioCode/qbiocode/apps/qprofiler/configs/admet_config.yaml
Data type: Half_Life_Obach_rdkit200
Parallel jobs: 10
Output timestamp: 2026-07-23_10_16_40_702747
============================================================
2026-07-23 12:17:00.315134: I tensorflow/core/platform/cpu_feature_guard.cc:210] This TensorFlow binary is optimized to use available CPU instructions in performance-critical operations.
To enable the following instructions: AVX2 FMA, in other operations, rebuild TensorFlow with the appropriate compiler flags.
2026-07-23 12:17:00.981262: I tensorflow/core/platform/cpu_feature_guard.cc:210] This TensorFlow binary is optimized to use available CPU instructions in performance-critical operations.
To enable the following instructions: AVX2 FMA, in other operations, rebuild TensorFlow with the appropriate compiler flags.
2026-07-23 12:17:01.382243: I tensorflow/core/platform/cpu_feature_guard.cc:210] This TensorFlow binary is optimized to use available CPU instructions in performance-critical operations.
To enable the following instructions: AVX2 FMA, in other operations, rebuild TensorFlow with the appropriate compiler flags.
2026-07-23 12:17:01.543526: I tensorflow/core/platform/cpu_feature_guard.cc:210] This TensorFlow binary is optimized to use available CPU instructions in performance-critical operations.
To enable the following instructions: AVX2 FMA, in other operations, rebuild TensorFlow with the appropriate compiler flags.
2026-07-23 12:17:02.134629: I external/local_xla/xla/tsl/cuda/cudart_stub.cc:31] Could not find cuda drivers on your machine, GPU will not be used.
2026-07-23 12:17:02.973134: I external/local_xla/xla/tsl/cuda/cudart_stub.cc:31] Could not find cuda drivers on your machine, GPU will not be used.
2026-07-23 12:17:03.538735: I external/local_xla/xla/tsl/cuda/cudart_stub.cc:31] Could not find cuda drivers on your machine, GPU will not be used.
2026-07-23 12:17:03.639274: I external/local_xla/xla/tsl/cuda/cudart_stub.cc:31] Could not find cuda drivers on your machine, GPU will not be used.
2026-07-23 12:17:21.197404: I tensorflow/core/platform/cpu_feature_guard.cc:210] This TensorFlow binary is optimized to use available CPU instructions in performance-critical operations.
To enable the following instructions: AVX2 FMA, in other operations, rebuild TensorFlow with the appropriate compiler flags.
2026-07-23 12:17:22.919679: I tensorflow/core/platform/cpu_feature_guard.cc:210] This TensorFlow binary is optimized to use available CPU instructions in performance-critical operations.
To enable the following instructions: AVX2 FMA, in other operations, rebuild TensorFlow with the appropriate compiler flags.
2026-07-23 12:17:22.952178: I external/local_xla/xla/tsl/cuda/cudart_stub.cc:31] Could not find cuda drivers on your machine, GPU will not be used.
2026-07-23 12:17:23.459892: I tensorflow/core/platform/cpu_feature_guard.cc:210] This TensorFlow binary is optimized to use available CPU instructions in performance-critical operations.
To enable the following instructions: AVX2 FMA, in other operations, rebuild TensorFlow with the appropriate compiler flags.
2026-07-23 12:17:23.532805: I tensorflow/core/platform/cpu_feature_guard.cc:210] This TensorFlow binary is optimized to use available CPU instructions in performance-critical operations.
To enable the following instructions: AVX2 FMA, in other operations, rebuild TensorFlow with the appropriate compiler flags.
2026-07-23 12:17:25.141135: I external/local_xla/xla/tsl/cuda/cudart_stub.cc:31] Could not find cuda drivers on your machine, GPU will not be used.
2026-07-23 12:17:25.784032: I external/local_xla/xla/tsl/cuda/cudart_stub.cc:31] Could not find cuda drivers on your machine, GPU will not be used.
2026-07-23 12:17:25.946707: I external/local_xla/xla/tsl/cuda/cudart_stub.cc:31] Could not find cuda drivers on your machine, GPU will not be used.
[2026-07-23 12:17:26,962][qbiocode.apps.qprofiler.qprofiler][INFO] - Main program initiated
[2026-07-23 12:17:26,962][qbiocode.apps.qprofiler.qprofiler][INFO] - The number of ML methods being parallelized is 10
[2026-07-23 12:17:26,962][qbiocode.apps.qprofiler.qprofiler][INFO] - Chosen backend for quantum algorithms is: simulator
Processing file: train.csv
No feature is strong enough to keep
[2026-07-23 12:17:28,307][qbiocode.apps.qprofiler.qprofiler][INFO] - Started processing data set train.csv
[2026-07-23 12:17:28,308][qbiocode.apps.qprofiler.qprofiler][INFO] - Dataset has 2 classes: [0, 1]
[2026-07-23 12:17:28,310][qbiocode.apps.qprofiler.qprofiler][INFO] - Begin processing iteration (split) 1 of 3 with stratified sampling
[2026-07-23 12:17:28,313][qbiocode.apps.qprofiler.qprofiler][INFO] - No feature reduction (embedding) applied in this iteration
[2026-07-23 12:17:29,153][qbiocode.evaluation.model_run][WARNING] - QML qubit budget exceeded: n_features=200 > max_qubits=26. Skipping quantum models for this embedding pass: ['qsvc', 'vqc', 'qnn', 'pqk', 'qensemble', 'mmelon']. Use embeddings: ['pca', 'svd', 'umap', ...] with n_components <= max_qubits to include QML.
[2026-07-23 12:17:30,521][qbiocode.apps.qprofiler.qprofiler][INFO] - Main program initiated
[2026-07-23 12:17:30,522][qbiocode.apps.qprofiler.qprofiler][INFO] - The number of ML methods being parallelized is 10
[2026-07-23 12:17:30,522][qbiocode.apps.qprofiler.qprofiler][INFO] - Chosen backend for quantum algorithms is: simulator
[2026-07-23 12:17:31,088][qbiocode.apps.qprofiler.qprofiler][INFO] - Main program initiated
[2026-07-23 12:17:31,088][qbiocode.apps.qprofiler.qprofiler][INFO] - The number of ML methods being parallelized is 10
[2026-07-23 12:17:31,088][qbiocode.apps.qprofiler.qprofiler][INFO] - Chosen backend for quantum algorithms is: simulator
[2026-07-23 12:17:32,097][qbiocode.apps.qprofiler.qprofiler][INFO] - Main program initiated
[2026-07-23 12:17:32,097][qbiocode.apps.qprofiler.qprofiler][INFO] - The number of ML methods being parallelized is 10
[2026-07-23 12:17:32,098][qbiocode.apps.qprofiler.qprofiler][INFO] - Chosen backend for quantum algorithms is: simulator
Processing file: test.csv
[2026-07-23 12:17:38,257][qbiocode.apps.qprofiler.qprofiler][INFO] - Started processing data set test.csv
[2026-07-23 12:17:38,258][qbiocode.apps.qprofiler.qprofiler][INFO] - Dataset has 2 classes: [0, 1]
[2026-07-23 12:17:38,259][qbiocode.apps.qprofiler.qprofiler][INFO] - Begin processing iteration (split) 1 of 3 with stratified sampling
[2026-07-23 12:17:38,261][qbiocode.apps.qprofiler.qprofiler][INFO] - No feature reduction (embedding) applied in this iteration
Processing file: valid.csv
[2026-07-23 12:17:38,387][qbiocode.apps.qprofiler.qprofiler][INFO] - Started processing data set valid.csv
[2026-07-23 12:17:38,399][qbiocode.apps.qprofiler.qprofiler][INFO] - Dataset has 2 classes: [0, 1]
[2026-07-23 12:17:38,401][qbiocode.apps.qprofiler.qprofiler][INFO] - Begin processing iteration (split) 1 of 3 with stratified sampling
[2026-07-23 12:17:38,403][qbiocode.apps.qprofiler.qprofiler][INFO] - No feature reduction (embedding) applied in this iteration
[2026-07-23 12:17:42,139][qbiocode.evaluation.model_run][WARNING] - QML qubit budget exceeded: n_features=200 > max_qubits=26. Skipping quantum models for this embedding pass: ['qsvc', 'vqc', 'qnn', 'pqk', 'qensemble', 'mmelon']. Use embeddings: ['pca', 'svd', 'umap', ...] with n_components <= max_qubits to include QML.
Processing file: train_qml.csv
[2026-07-23 12:17:43,554][qbiocode.apps.qprofiler.qprofiler][INFO] - Started processing data set train_qml.csv
[2026-07-23 12:17:43,555][qbiocode.apps.qprofiler.qprofiler][INFO] - Dataset has 2 classes: [0, 1]
[2026-07-23 12:17:43,560][qbiocode.apps.qprofiler.qprofiler][INFO] - Begin processing iteration (split) 1 of 3 with stratified sampling
[2026-07-23 12:17:43,562][qbiocode.apps.qprofiler.qprofiler][INFO] - No feature reduction (embedding) applied in this iteration
[2026-07-23 12:17:47,369][qbiocode.evaluation.model_run][WARNING] - QML qubit budget exceeded: n_features=200 > max_qubits=26. Skipping quantum models for this embedding pass: ['qsvc', 'vqc', 'qnn', 'pqk', 'qensemble', 'mmelon']. Use embeddings: ['pca', 'svd', 'umap', ...] with n_components <= max_qubits to include QML.
[2026-07-23 12:17:53,801][qbiocode.evaluation.model_run][WARNING] - QML qubit budget exceeded: n_features=200 > max_qubits=26. Skipping quantum models for this embedding pass: ['qsvc', 'vqc', 'qnn', 'pqk', 'qensemble', 'mmelon']. Use embeddings: ['pca', 'svd', 'umap', ...] with n_components <= max_qubits to include QML.
2026-07-23 12:17:55.898020: I tensorflow/core/platform/cpu_feature_guard.cc:210] This TensorFlow binary is optimized to use available CPU instructions in performance-critical operations.
To enable the following instructions: AVX2 FMA, in other operations, rebuild TensorFlow with the appropriate compiler flags.
2026-07-23 12:17:58.599166: I external/local_xla/xla/tsl/cuda/cudart_stub.cc:31] Could not find cuda drivers on your machine, GPU will not be used.
2026-07-23 12:18:04.660795: I tensorflow/core/platform/cpu_feature_guard.cc:210] This TensorFlow binary is optimized to use available CPU instructions in performance-critical operations.
To enable the following instructions: AVX2 FMA, in other operations, rebuild TensorFlow with the appropriate compiler flags.
2026-07-23 12:18:08.300887: I external/local_xla/xla/tsl/cuda/cudart_stub.cc:31] Could not find cuda drivers on your machine, GPU will not be used.
2026-07-23 12:18:08.618172: I tensorflow/core/platform/cpu_feature_guard.cc:210] This TensorFlow binary is optimized to use available CPU instructions in performance-critical operations.
To enable the following instructions: AVX2 FMA, in other operations, rebuild TensorFlow with the appropriate compiler flags.
2026-07-23 12:18:09.032824: I tensorflow/core/platform/cpu_feature_guard.cc:210] This TensorFlow binary is optimized to use available CPU instructions in performance-critical operations.
To enable the following instructions: AVX2 FMA, in other operations, rebuild TensorFlow with the appropriate compiler flags.
2026-07-23 12:18:09.742921: I tensorflow/core/platform/cpu_feature_guard.cc:210] This TensorFlow binary is optimized to use available CPU instructions in performance-critical operations.
To enable the following instructions: AVX2 FMA, in other operations, rebuild TensorFlow with the appropriate compiler flags.
2026-07-23 12:18:11.108720: I tensorflow/core/platform/cpu_feature_guard.cc:210] This TensorFlow binary is optimized to use available CPU instructions in performance-critical operations.
To enable the following instructions: AVX2 FMA, in other operations, rebuild TensorFlow with the appropriate compiler flags.
2026-07-23 12:18:11.980727: I tensorflow/core/platform/cpu_feature_guard.cc:210] This TensorFlow binary is optimized to use available CPU instructions in performance-critical operations.
To enable the following instructions: AVX2 FMA, in other operations, rebuild TensorFlow with the appropriate compiler flags.
2026-07-23 12:18:12.001678: I external/local_xla/xla/tsl/cuda/cudart_stub.cc:31] Could not find cuda drivers on your machine, GPU will not be used.
2026-07-23 12:18:12.036265: I tensorflow/core/platform/cpu_feature_guard.cc:210] This TensorFlow binary is optimized to use available CPU instructions in performance-critical operations.
To enable the following instructions: AVX2 FMA, in other operations, rebuild TensorFlow with the appropriate compiler flags.
2026-07-23 12:18:12.152283: I external/local_xla/xla/tsl/cuda/cudart_stub.cc:31] Could not find cuda drivers on your machine, GPU will not be used.
2026-07-23 12:18:12.531036: I tensorflow/core/platform/cpu_feature_guard.cc:210] This TensorFlow binary is optimized to use available CPU instructions in performance-critical operations.
To enable the following instructions: AVX2 FMA, in other operations, rebuild TensorFlow with the appropriate compiler flags.
2026-07-23 12:18:12.714165: I tensorflow/core/platform/cpu_feature_guard.cc:210] This TensorFlow binary is optimized to use available CPU instructions in performance-critical operations.
To enable the following instructions: AVX2 FMA, in other operations, rebuild TensorFlow with the appropriate compiler flags.
2026-07-23 12:18:13.127195: I external/local_xla/xla/tsl/cuda/cudart_stub.cc:31] Could not find cuda drivers on your machine, GPU will not be used.
2026-07-23 12:18:14.353554: I external/local_xla/xla/tsl/cuda/cudart_stub.cc:31] Could not find cuda drivers on your machine, GPU will not be used.
2026-07-23 12:18:15.257400: I external/local_xla/xla/tsl/cuda/cudart_stub.cc:31] Could not find cuda drivers on your machine, GPU will not be used.
2026-07-23 12:18:15.380798: I external/local_xla/xla/tsl/cuda/cudart_stub.cc:31] Could not find cuda drivers on your machine, GPU will not be used.
2026-07-23 12:18:15.797907: I external/local_xla/xla/tsl/cuda/cudart_stub.cc:31] Could not find cuda drivers on your machine, GPU will not be used.
2026-07-23 12:18:16.179402: I external/local_xla/xla/tsl/cuda/cudart_stub.cc:31] Could not find cuda drivers on your machine, GPU will not be used.
2026-07-23 12:18:18.349796: I tensorflow/core/platform/cpu_feature_guard.cc:210] This TensorFlow binary is optimized to use available CPU instructions in performance-critical operations.
To enable the following instructions: AVX2 FMA, in other operations, rebuild TensorFlow with the appropriate compiler flags.
2026-07-23 12:18:18.906074: I tensorflow/core/platform/cpu_feature_guard.cc:210] This TensorFlow binary is optimized to use available CPU instructions in performance-critical operations.
To enable the following instructions: AVX2 FMA, in other operations, rebuild TensorFlow with the appropriate compiler flags.
2026-07-23 12:18:20.289959: I tensorflow/core/platform/cpu_feature_guard.cc:210] This TensorFlow binary is optimized to use available CPU instructions in performance-critical operations.
To enable the following instructions: AVX2 FMA, in other operations, rebuild TensorFlow with the appropriate compiler flags.
2026-07-23 12:18:22.350571: I external/local_xla/xla/tsl/cuda/cudart_stub.cc:31] Could not find cuda drivers on your machine, GPU will not be used.
