2026-07-22 06:16:51.622116: I tensorflow/core/platform/cpu_feature_guard.cc:210] This TensorFlow binary is optimized to use available CPU instructions in performance-critical operations.
To enable the following instructions: AVX2 FMA, in other operations, rebuild TensorFlow with the appropriate compiler flags.
2026-07-22 06:16:53.208192: I external/local_xla/xla/tsl/cuda/cudart_stub.cc:31] Could not find cuda drivers on your machine, GPU will not be used.
QProfiler Batch Mode
============================================================
Input directory: /proj/bmfm/users/bckwon/projects/QBioCode/data/admet/Caco2_Wang/maccs
Config file: /proj/bmfm/users/bckwon/projects/QBioCode/qbiocode/apps/qprofiler/configs/admet_config.yaml
Data type: Caco2_Wang_maccs
Parallel jobs: 10
Output timestamp: 2026-07-22_04_16_55_393031
============================================================
2026-07-22 06:17:10.759237: I tensorflow/core/platform/cpu_feature_guard.cc:210] This TensorFlow binary is optimized to use available CPU instructions in performance-critical operations.
To enable the following instructions: AVX2 FMA, in other operations, rebuild TensorFlow with the appropriate compiler flags.
2026-07-22 06:17:10.929133: I tensorflow/core/platform/cpu_feature_guard.cc:210] This TensorFlow binary is optimized to use available CPU instructions in performance-critical operations.
To enable the following instructions: AVX2 FMA, in other operations, rebuild TensorFlow with the appropriate compiler flags.
2026-07-22 06:17:10.935299: I tensorflow/core/platform/cpu_feature_guard.cc:210] This TensorFlow binary is optimized to use available CPU instructions in performance-critical operations.
To enable the following instructions: AVX2 FMA, in other operations, rebuild TensorFlow with the appropriate compiler flags.
2026-07-22 06:17:11.422097: I tensorflow/core/platform/cpu_feature_guard.cc:210] This TensorFlow binary is optimized to use available CPU instructions in performance-critical operations.
To enable the following instructions: AVX2 FMA, in other operations, rebuild TensorFlow with the appropriate compiler flags.
2026-07-22 06:17:12.323079: I external/local_xla/xla/tsl/cuda/cudart_stub.cc:31] Could not find cuda drivers on your machine, GPU will not be used.
2026-07-22 06:17:12.472761: I external/local_xla/xla/tsl/cuda/cudart_stub.cc:31] Could not find cuda drivers on your machine, GPU will not be used.
2026-07-22 06:17:12.531850: I external/local_xla/xla/tsl/cuda/cudart_stub.cc:31] Could not find cuda drivers on your machine, GPU will not be used.
2026-07-22 06:17:12.992956: I external/local_xla/xla/tsl/cuda/cudart_stub.cc:31] Could not find cuda drivers on your machine, GPU will not be used.
2026-07-22 06:17:27.594993: I tensorflow/core/platform/cpu_feature_guard.cc:210] This TensorFlow binary is optimized to use available CPU instructions in performance-critical operations.
To enable the following instructions: AVX2 FMA, in other operations, rebuild TensorFlow with the appropriate compiler flags.
2026-07-22 06:17:27.875674: I tensorflow/core/platform/cpu_feature_guard.cc:210] This TensorFlow binary is optimized to use available CPU instructions in performance-critical operations.
To enable the following instructions: AVX2 FMA, in other operations, rebuild TensorFlow with the appropriate compiler flags.
2026-07-22 06:17:28.128404: I tensorflow/core/platform/cpu_feature_guard.cc:210] This TensorFlow binary is optimized to use available CPU instructions in performance-critical operations.
To enable the following instructions: AVX2 FMA, in other operations, rebuild TensorFlow with the appropriate compiler flags.
2026-07-22 06:17:28.425981: I tensorflow/core/platform/cpu_feature_guard.cc:210] This TensorFlow binary is optimized to use available CPU instructions in performance-critical operations.
To enable the following instructions: AVX2 FMA, in other operations, rebuild TensorFlow with the appropriate compiler flags.
2026-07-22 06:17:29.144723: I external/local_xla/xla/tsl/cuda/cudart_stub.cc:31] Could not find cuda drivers on your machine, GPU will not be used.
2026-07-22 06:17:29.464963: I external/local_xla/xla/tsl/cuda/cudart_stub.cc:31] Could not find cuda drivers on your machine, GPU will not be used.
2026-07-22 06:17:29.693142: I external/local_xla/xla/tsl/cuda/cudart_stub.cc:31] Could not find cuda drivers on your machine, GPU will not be used.
2026-07-22 06:17:30.117127: I external/local_xla/xla/tsl/cuda/cudart_stub.cc:31] Could not find cuda drivers on your machine, GPU will not be used.
[2026-07-22 06:17:32,008][qbiocode.apps.qprofiler.qprofiler][INFO] - Main program initiated
[2026-07-22 06:17:32,009][qbiocode.apps.qprofiler.qprofiler][INFO] - The number of ML methods being parallelized is 10
[2026-07-22 06:17:32,009][qbiocode.apps.qprofiler.qprofiler][INFO] - Chosen backend for quantum algorithms is: simulator
[2026-07-22 06:17:32,353][qbiocode.apps.qprofiler.qprofiler][INFO] - Main program initiated
[2026-07-22 06:17:32,353][qbiocode.apps.qprofiler.qprofiler][INFO] - The number of ML methods being parallelized is 10
[2026-07-22 06:17:32,353][qbiocode.apps.qprofiler.qprofiler][INFO] - Chosen backend for quantum algorithms is: simulator
[2026-07-22 06:17:32,620][qbiocode.apps.qprofiler.qprofiler][INFO] - Main program initiated
[2026-07-22 06:17:32,620][qbiocode.apps.qprofiler.qprofiler][INFO] - The number of ML methods being parallelized is 10
[2026-07-22 06:17:32,620][qbiocode.apps.qprofiler.qprofiler][INFO] - Chosen backend for quantum algorithms is: simulator
Processing file: valid.csv
[2026-07-22 06:17:32,679][qbiocode.apps.qprofiler.qprofiler][INFO] - Started processing data set valid.csv
[2026-07-22 06:17:32,680][qbiocode.apps.qprofiler.qprofiler][INFO] - Dataset has 2 classes: [0, 1]
[2026-07-22 06:17:32,681][qbiocode.apps.qprofiler.qprofiler][INFO] - Begin processing iteration (split) 1 of 3 with stratified sampling
[2026-07-22 06:17:32,683][qbiocode.apps.qprofiler.qprofiler][INFO] - No feature reduction (embedding) applied in this iteration
Processing file: test.csv
[2026-07-22 06:17:32,871][qbiocode.apps.qprofiler.qprofiler][INFO] - Started processing data set test.csv
[2026-07-22 06:17:32,871][qbiocode.apps.qprofiler.qprofiler][INFO] - Dataset has 2 classes: [0, 1]
[2026-07-22 06:17:32,873][qbiocode.apps.qprofiler.qprofiler][INFO] - Begin processing iteration (split) 1 of 3 with stratified sampling
[2026-07-22 06:17:32,874][qbiocode.apps.qprofiler.qprofiler][INFO] - No feature reduction (embedding) applied in this iteration
[2026-07-22 06:17:33,004][qbiocode.apps.qprofiler.qprofiler][INFO] - Main program initiated
[2026-07-22 06:17:33,004][qbiocode.apps.qprofiler.qprofiler][INFO] - The number of ML methods being parallelized is 10
[2026-07-22 06:17:33,004][qbiocode.apps.qprofiler.qprofiler][INFO] - Chosen backend for quantum algorithms is: simulator
Processing file: train.csv
[2026-07-22 06:17:33,671][qbiocode.apps.qprofiler.qprofiler][INFO] - Started processing data set train.csv
[2026-07-22 06:17:33,671][qbiocode.apps.qprofiler.qprofiler][INFO] - Dataset has 2 classes: [0, 1]
[2026-07-22 06:17:33,673][qbiocode.apps.qprofiler.qprofiler][INFO] - Begin processing iteration (split) 1 of 3 with stratified sampling
[2026-07-22 06:17:33,675][qbiocode.apps.qprofiler.qprofiler][INFO] - No feature reduction (embedding) applied in this iteration
Processing file: train_qml.csv
[2026-07-22 06:17:33,687][qbiocode.apps.qprofiler.qprofiler][INFO] - Started processing data set train_qml.csv
[2026-07-22 06:17:33,687][qbiocode.apps.qprofiler.qprofiler][INFO] - Dataset has 2 classes: [0, 1]
[2026-07-22 06:17:33,688][qbiocode.apps.qprofiler.qprofiler][INFO] - Begin processing iteration (split) 1 of 3 with stratified sampling
[2026-07-22 06:17:33,690][qbiocode.apps.qprofiler.qprofiler][INFO] - No feature reduction (embedding) applied in this iteration
2026-07-22 06:17:48.247088: I tensorflow/core/platform/cpu_feature_guard.cc:210] This TensorFlow binary is optimized to use available CPU instructions in performance-critical operations.
To enable the following instructions: AVX2 FMA, in other operations, rebuild TensorFlow with the appropriate compiler flags.
2026-07-22 06:17:48.279856: I tensorflow/core/platform/cpu_feature_guard.cc:210] This TensorFlow binary is optimized to use available CPU instructions in performance-critical operations.
To enable the following instructions: AVX2 FMA, in other operations, rebuild TensorFlow with the appropriate compiler flags.
2026-07-22 06:17:48.306954: I tensorflow/core/platform/cpu_feature_guard.cc:210] This TensorFlow binary is optimized to use available CPU instructions in performance-critical operations.
To enable the following instructions: AVX2 FMA, in other operations, rebuild TensorFlow with the appropriate compiler flags.
2026-07-22 06:17:48.382386: I tensorflow/core/platform/cpu_feature_guard.cc:210] This TensorFlow binary is optimized to use available CPU instructions in performance-critical operations.
To enable the following instructions: AVX2 FMA, in other operations, rebuild TensorFlow with the appropriate compiler flags.
2026-07-22 06:17:48.437596: I tensorflow/core/platform/cpu_feature_guard.cc:210] This TensorFlow binary is optimized to use available CPU instructions in performance-critical operations.
To enable the following instructions: AVX2 FMA, in other operations, rebuild TensorFlow with the appropriate compiler flags.
2026-07-22 06:17:48.464685: I tensorflow/core/platform/cpu_feature_guard.cc:210] This TensorFlow binary is optimized to use available CPU instructions in performance-critical operations.
To enable the following instructions: AVX2 FMA, in other operations, rebuild TensorFlow with the appropriate compiler flags.
2026-07-22 06:17:48.535749: I tensorflow/core/platform/cpu_feature_guard.cc:210] This TensorFlow binary is optimized to use available CPU instructions in performance-critical operations.
To enable the following instructions: AVX2 FMA, in other operations, rebuild TensorFlow with the appropriate compiler flags.
2026-07-22 06:17:48.539465: I tensorflow/core/platform/cpu_feature_guard.cc:210] This TensorFlow binary is optimized to use available CPU instructions in performance-critical operations.
To enable the following instructions: AVX2 FMA, in other operations, rebuild TensorFlow with the appropriate compiler flags.
2026-07-22 06:17:48.539467: I tensorflow/core/platform/cpu_feature_guard.cc:210] This TensorFlow binary is optimized to use available CPU instructions in performance-critical operations.
To enable the following instructions: AVX2 FMA, in other operations, rebuild TensorFlow with the appropriate compiler flags.
2026-07-22 06:17:48.621552: I tensorflow/core/platform/cpu_feature_guard.cc:210] This TensorFlow binary is optimized to use available CPU instructions in performance-critical operations.
To enable the following instructions: AVX2 FMA, in other operations, rebuild TensorFlow with the appropriate compiler flags.
2026-07-22 06:17:48.704188: I tensorflow/core/platform/cpu_feature_guard.cc:210] This TensorFlow binary is optimized to use available CPU instructions in performance-critical operations.
To enable the following instructions: AVX2 FMA, in other operations, rebuild TensorFlow with the appropriate compiler flags.
2026-07-22 06:17:48.716733: I tensorflow/core/platform/cpu_feature_guard.cc:210] This TensorFlow binary is optimized to use available CPU instructions in performance-critical operations.
To enable the following instructions: AVX2 FMA, in other operations, rebuild TensorFlow with the appropriate compiler flags.
2026-07-22 06:17:48.720119: I tensorflow/core/platform/cpu_feature_guard.cc:210] This TensorFlow binary is optimized to use available CPU instructions in performance-critical operations.
To enable the following instructions: AVX2 FMA, in other operations, rebuild TensorFlow with the appropriate compiler flags.
2026-07-22 06:17:48.746829: I tensorflow/core/platform/cpu_feature_guard.cc:210] This TensorFlow binary is optimized to use available CPU instructions in performance-critical operations.
To enable the following instructions: AVX2 FMA, in other operations, rebuild TensorFlow with the appropriate compiler flags.
2026-07-22 06:17:48.764891: I tensorflow/core/platform/cpu_feature_guard.cc:210] This TensorFlow binary is optimized to use available CPU instructions in performance-critical operations.
To enable the following instructions: AVX2 FMA, in other operations, rebuild TensorFlow with the appropriate compiler flags.
2026-07-22 06:17:48.835086: I tensorflow/core/platform/cpu_feature_guard.cc:210] This TensorFlow binary is optimized to use available CPU instructions in performance-critical operations.
To enable the following instructions: AVX2 FMA, in other operations, rebuild TensorFlow with the appropriate compiler flags.
2026-07-22 06:17:48.874235: I tensorflow/core/platform/cpu_feature_guard.cc:210] This TensorFlow binary is optimized to use available CPU instructions in performance-critical operations.
To enable the following instructions: AVX2 FMA, in other operations, rebuild TensorFlow with the appropriate compiler flags.
2026-07-22 06:17:48.886310: I tensorflow/core/platform/cpu_feature_guard.cc:210] This TensorFlow binary is optimized to use available CPU instructions in performance-critical operations.
To enable the following instructions: AVX2 FMA, in other operations, rebuild TensorFlow with the appropriate compiler flags.
2026-07-22 06:17:48.891495: I tensorflow/core/platform/cpu_feature_guard.cc:210] This TensorFlow binary is optimized to use available CPU instructions in performance-critical operations.
To enable the following instructions: AVX2 FMA, in other operations, rebuild TensorFlow with the appropriate compiler flags.
2026-07-22 06:17:48.892967: I tensorflow/core/platform/cpu_feature_guard.cc:210] This TensorFlow binary is optimized to use available CPU instructions in performance-critical operations.
To enable the following instructions: AVX2 FMA, in other operations, rebuild TensorFlow with the appropriate compiler flags.
2026-07-22 06:17:48.931530: I tensorflow/core/platform/cpu_feature_guard.cc:210] This TensorFlow binary is optimized to use available CPU instructions in performance-critical operations.
To enable the following instructions: AVX2 FMA, in other operations, rebuild TensorFlow with the appropriate compiler flags.
2026-07-22 06:17:48.963208: I tensorflow/core/platform/cpu_feature_guard.cc:210] This TensorFlow binary is optimized to use available CPU instructions in performance-critical operations.
To enable the following instructions: AVX2 FMA, in other operations, rebuild TensorFlow with the appropriate compiler flags.
2026-07-22 06:17:49.003601: I tensorflow/core/platform/cpu_feature_guard.cc:210] This TensorFlow binary is optimized to use available CPU instructions in performance-critical operations.
To enable the following instructions: AVX2 FMA, in other operations, rebuild TensorFlow with the appropriate compiler flags.
2026-07-22 06:17:49.005250: I tensorflow/core/platform/cpu_feature_guard.cc:210] This TensorFlow binary is optimized to use available CPU instructions in performance-critical operations.
To enable the following instructions: AVX2 FMA, in other operations, rebuild TensorFlow with the appropriate compiler flags.
2026-07-22 06:17:49.035503: I tensorflow/core/platform/cpu_feature_guard.cc:210] This TensorFlow binary is optimized to use available CPU instructions in performance-critical operations.
To enable the following instructions: AVX2 FMA, in other operations, rebuild TensorFlow with the appropriate compiler flags.
2026-07-22 06:17:49.162364: I tensorflow/core/platform/cpu_feature_guard.cc:210] This TensorFlow binary is optimized to use available CPU instructions in performance-critical operations.
To enable the following instructions: AVX2 FMA, in other operations, rebuild TensorFlow with the appropriate compiler flags.
2026-07-22 06:17:49.191859: I tensorflow/core/platform/cpu_feature_guard.cc:210] This TensorFlow binary is optimized to use available CPU instructions in performance-critical operations.
To enable the following instructions: AVX2 FMA, in other operations, rebuild TensorFlow with the appropriate compiler flags.
2026-07-22 06:17:49.193984: I tensorflow/core/platform/cpu_feature_guard.cc:210] This TensorFlow binary is optimized to use available CPU instructions in performance-critical operations.
To enable the following instructions: AVX2 FMA, in other operations, rebuild TensorFlow with the appropriate compiler flags.
2026-07-22 06:17:49.199176: I tensorflow/core/platform/cpu_feature_guard.cc:210] This TensorFlow binary is optimized to use available CPU instructions in performance-critical operations.
To enable the following instructions: AVX2 FMA, in other operations, rebuild TensorFlow with the appropriate compiler flags.
2026-07-22 06:17:49.316599: I tensorflow/core/platform/cpu_feature_guard.cc:210] This TensorFlow binary is optimized to use available CPU instructions in performance-critical operations.
To enable the following instructions: AVX2 FMA, in other operations, rebuild TensorFlow with the appropriate compiler flags.
2026-07-22 06:17:49.646100: I tensorflow/core/platform/cpu_feature_guard.cc:210] This TensorFlow binary is optimized to use available CPU instructions in performance-critical operations.
To enable the following instructions: AVX2 FMA, in other operations, rebuild TensorFlow with the appropriate compiler flags.
2026-07-22 06:17:49.691043: I tensorflow/core/platform/cpu_feature_guard.cc:210] This TensorFlow binary is optimized to use available CPU instructions in performance-critical operations.
To enable the following instructions: AVX2 FMA, in other operations, rebuild TensorFlow with the appropriate compiler flags.
2026-07-22 06:17:49.776182: I tensorflow/core/platform/cpu_feature_guard.cc:210] This TensorFlow binary is optimized to use available CPU instructions in performance-critical operations.
To enable the following instructions: AVX2 FMA, in other operations, rebuild TensorFlow with the appropriate compiler flags.
2026-07-22 06:17:49.811289: I tensorflow/core/platform/cpu_feature_guard.cc:210] This TensorFlow binary is optimized to use available CPU instructions in performance-critical operations.
To enable the following instructions: AVX2 FMA, in other operations, rebuild TensorFlow with the appropriate compiler flags.
2026-07-22 06:17:49.838751: I tensorflow/core/platform/cpu_feature_guard.cc:210] This TensorFlow binary is optimized to use available CPU instructions in performance-critical operations.
To enable the following instructions: AVX2 FMA, in other operations, rebuild TensorFlow with the appropriate compiler flags.
2026-07-22 06:17:49.838751: I tensorflow/core/platform/cpu_feature_guard.cc:210] This TensorFlow binary is optimized to use available CPU instructions in performance-critical operations.
To enable the following instructions: AVX2 FMA, in other operations, rebuild TensorFlow with the appropriate compiler flags.
2026-07-22 06:17:49.847560: I tensorflow/core/platform/cpu_feature_guard.cc:210] This TensorFlow binary is optimized to use available CPU instructions in performance-critical operations.
To enable the following instructions: AVX2 FMA, in other operations, rebuild TensorFlow with the appropriate compiler flags.
2026-07-22 06:17:49.860023: I tensorflow/core/platform/cpu_feature_guard.cc:210] This TensorFlow binary is optimized to use available CPU instructions in performance-critical operations.
To enable the following instructions: AVX2 FMA, in other operations, rebuild TensorFlow with the appropriate compiler flags.
2026-07-22 06:17:49.866249: I tensorflow/core/platform/cpu_feature_guard.cc:210] This TensorFlow binary is optimized to use available CPU instructions in performance-critical operations.
To enable the following instructions: AVX2 FMA, in other operations, rebuild TensorFlow with the appropriate compiler flags.
2026-07-22 06:17:49.931694: I tensorflow/core/platform/cpu_feature_guard.cc:210] This TensorFlow binary is optimized to use available CPU instructions in performance-critical operations.
To enable the following instructions: AVX2 FMA, in other operations, rebuild TensorFlow with the appropriate compiler flags.
2026-07-22 06:17:50.061541: I external/local_xla/xla/tsl/cuda/cudart_stub.cc:31] Could not find cuda drivers on your machine, GPU will not be used.
2026-07-22 06:17:50.147944: I external/local_xla/xla/tsl/cuda/cudart_stub.cc:31] Could not find cuda drivers on your machine, GPU will not be used.
2026-07-22 06:17:50.174085: I external/local_xla/xla/tsl/cuda/cudart_stub.cc:31] Could not find cuda drivers on your machine, GPU will not be used.
2026-07-22 06:17:50.253194: I external/local_xla/xla/tsl/cuda/cudart_stub.cc:31] Could not find cuda drivers on your machine, GPU will not be used.
2026-07-22 06:17:50.326117: I external/local_xla/xla/tsl/cuda/cudart_stub.cc:31] Could not find cuda drivers on your machine, GPU will not be used.
2026-07-22 06:17:50.363227: I external/local_xla/xla/tsl/cuda/cudart_stub.cc:31] Could not find cuda drivers on your machine, GPU will not be used.
2026-07-22 06:17:50.409661: I external/local_xla/xla/tsl/cuda/cudart_stub.cc:31] Could not find cuda drivers on your machine, GPU will not be used.
2026-07-22 06:17:50.446107: I external/local_xla/xla/tsl/cuda/cudart_stub.cc:31] Could not find cuda drivers on your machine, GPU will not be used.
2026-07-22 06:17:50.457407: I external/local_xla/xla/tsl/cuda/cudart_stub.cc:31] Could not find cuda drivers on your machine, GPU will not be used.
2026-07-22 06:17:50.488905: I external/local_xla/xla/tsl/cuda/cudart_stub.cc:31] Could not find cuda drivers on your machine, GPU will not be used.
2026-07-22 06:17:50.607288: I external/local_xla/xla/tsl/cuda/cudart_stub.cc:31] Could not find cuda drivers on your machine, GPU will not be used.
2026-07-22 06:17:50.631007: I external/local_xla/xla/tsl/cuda/cudart_stub.cc:31] Could not find cuda drivers on your machine, GPU will not be used.
2026-07-22 06:17:50.648204: I external/local_xla/xla/tsl/cuda/cudart_stub.cc:31] Could not find cuda drivers on your machine, GPU will not be used.
2026-07-22 06:17:50.660392: I external/local_xla/xla/tsl/cuda/cudart_stub.cc:31] Could not find cuda drivers on your machine, GPU will not be used.
2026-07-22 06:17:50.696493: I external/local_xla/xla/tsl/cuda/cudart_stub.cc:31] Could not find cuda drivers on your machine, GPU will not be used.
2026-07-22 06:17:50.717655: I external/local_xla/xla/tsl/cuda/cudart_stub.cc:31] Could not find cuda drivers on your machine, GPU will not be used.
2026-07-22 06:17:50.850936: I external/local_xla/xla/tsl/cuda/cudart_stub.cc:31] Could not find cuda drivers on your machine, GPU will not be used.
2026-07-22 06:17:50.852085: I external/local_xla/xla/tsl/cuda/cudart_stub.cc:31] Could not find cuda drivers on your machine, GPU will not be used.
2026-07-22 06:17:50.853153: I external/local_xla/xla/tsl/cuda/cudart_stub.cc:31] Could not find cuda drivers on your machine, GPU will not be used.
2026-07-22 06:17:50.881952: I external/local_xla/xla/tsl/cuda/cudart_stub.cc:31] Could not find cuda drivers on your machine, GPU will not be used.
2026-07-22 06:17:50.885610: I external/local_xla/xla/tsl/cuda/cudart_stub.cc:31] Could not find cuda drivers on your machine, GPU will not be used.
2026-07-22 06:17:50.911861: I external/local_xla/xla/tsl/cuda/cudart_stub.cc:31] Could not find cuda drivers on your machine, GPU will not be used.
2026-07-22 06:17:50.927919: I external/local_xla/xla/tsl/cuda/cudart_stub.cc:31] Could not find cuda drivers on your machine, GPU will not be used.
2026-07-22 06:17:50.936262: I external/local_xla/xla/tsl/cuda/cudart_stub.cc:31] Could not find cuda drivers on your machine, GPU will not be used.
2026-07-22 06:17:50.942641: I external/local_xla/xla/tsl/cuda/cudart_stub.cc:31] Could not find cuda drivers on your machine, GPU will not be used.
2026-07-22 06:17:51.079387: I external/local_xla/xla/tsl/cuda/cudart_stub.cc:31] Could not find cuda drivers on your machine, GPU will not be used.
2026-07-22 06:17:51.125524: I external/local_xla/xla/tsl/cuda/cudart_stub.cc:31] Could not find cuda drivers on your machine, GPU will not be used.
2026-07-22 06:17:51.142434: I external/local_xla/xla/tsl/cuda/cudart_stub.cc:31] Could not find cuda drivers on your machine, GPU will not be used.
2026-07-22 06:17:51.185297: I external/local_xla/xla/tsl/cuda/cudart_stub.cc:31] Could not find cuda drivers on your machine, GPU will not be used.
2026-07-22 06:17:51.267451: I external/local_xla/xla/tsl/cuda/cudart_stub.cc:31] Could not find cuda drivers on your machine, GPU will not be used.
2026-07-22 06:17:51.702469: I external/local_xla/xla/tsl/cuda/cudart_stub.cc:31] Could not find cuda drivers on your machine, GPU will not be used.
2026-07-22 06:17:51.827550: I external/local_xla/xla/tsl/cuda/cudart_stub.cc:31] Could not find cuda drivers on your machine, GPU will not be used.
2026-07-22 06:17:51.846394: I external/local_xla/xla/tsl/cuda/cudart_stub.cc:31] Could not find cuda drivers on your machine, GPU will not be used.
2026-07-22 06:17:51.941251: I external/local_xla/xla/tsl/cuda/cudart_stub.cc:31] Could not find cuda drivers on your machine, GPU will not be used.
2026-07-22 06:17:51.962048: I external/local_xla/xla/tsl/cuda/cudart_stub.cc:31] Could not find cuda drivers on your machine, GPU will not be used.
2026-07-22 06:17:51.968417: I external/local_xla/xla/tsl/cuda/cudart_stub.cc:31] Could not find cuda drivers on your machine, GPU will not be used.
2026-07-22 06:17:51.969716: I external/local_xla/xla/tsl/cuda/cudart_stub.cc:31] Could not find cuda drivers on your machine, GPU will not be used.
2026-07-22 06:17:51.979155: I external/local_xla/xla/tsl/cuda/cudart_stub.cc:31] Could not find cuda drivers on your machine, GPU will not be used.
2026-07-22 06:17:51.990831: I external/local_xla/xla/tsl/cuda/cudart_stub.cc:31] Could not find cuda drivers on your machine, GPU will not be used.
2026-07-22 06:17:52.094665: I external/local_xla/xla/tsl/cuda/cudart_stub.cc:31] Could not find cuda drivers on your machine, GPU will not be used.
WARNING:qiskit_machine_learning.neural_networks.sampler_qnn:No gradient function provided, creating a gradient function. If your Sampler requires transpilation, please provide a pass manager.
WARNING:qiskit_machine_learning.neural_networks.estimator_qnn:No gradient function provided, creating a gradient function. If your Estimator requires transpilation, please provide a pass manager.
WARNING:qiskit_machine_learning.neural_networks.estimator_qnn:No gradient function provided, creating a gradient function. If your Estimator requires transpilation, please provide a pass manager.
WARNING:qiskit_machine_learning.neural_networks.sampler_qnn:No gradient function provided, creating a gradient function. If your Sampler requires transpilation, please provide a pass manager.
WARNING:qiskit_machine_learning.neural_networks.sampler_qnn:No gradient function provided, creating a gradient function. If your Sampler requires transpilation, please provide a pass manager.
WARNING:qiskit_machine_learning.neural_networks.estimator_qnn:No gradient function provided, creating a gradient function. If your Estimator requires transpilation, please provide a pass manager.
WARNING:qiskit_machine_learning.neural_networks.sampler_qnn:No gradient function provided, creating a gradient function. If your Sampler requires transpilation, please provide a pass manager.
WARNING:qiskit_machine_learning.neural_networks.estimator_qnn:No gradient function provided, creating a gradient function. If your Estimator requires transpilation, please provide a pass manager.
Error executing job with overrides: []
joblib.externals.loky.process_executor._RemoteTraceback: 
"""
Traceback (most recent call last):
  File "/proj/bmfm/users/bckwon/projects/QBioCode/.venv/lib/python3.12/site-packages/joblib/externals/loky/process_executor.py", line 490, in _process_worker
    r = call_item()
        ^^^^^^^^^^^
  File "/proj/bmfm/users/bckwon/projects/QBioCode/.venv/lib/python3.12/site-packages/joblib/externals/loky/process_executor.py", line 291, in __call__
    return self.fn(*self.args, **self.kwargs)
           ^^^^^^^^^^^^^^^^^^^^^^^^^^^^^^^^^^
  File "/proj/bmfm/users/bckwon/projects/QBioCode/.venv/lib/python3.12/site-packages/joblib/parallel.py", line 607, in __call__
    return [func(*args, **kwargs) for func, args, kwargs in self.items]
            ^^^^^^^^^^^^^^^^^^^^^
  File "/proj/bmfm/users/bckwon/projects/QBioCode/qbiocode/learning/compute_qensemble.py", line 439, in compute_qensemble
    qc = build_ensemble_circuit(X_data, Y_data, x_test_norm,
        ^^^^^^^^^^^^^^^^^^^^^^^^^^^^^^^^^^^^^^^^^^^^^^^^^^^
  File "/proj/bmfm/users/bckwon/projects/QBioCode/qbiocode/learning/compute_qensemble.py", line 179, in build_ensemble_circuit
    qc.initialize(x_test, data_test)
  File "/proj/bmfm/users/bckwon/projects/QBioCode/.venv/lib/python3.12/site-packages/qiskit/circuit/quantumcircuit.py", line 6710, in initialize
    return self.append(Initialize(params, num_qubits, normalize), qubits, copy=False)
                       ^^^^^^^^^^^^^^^^^^^^^^^^^^^^^^^^^^^^^^^^^
  File "/proj/bmfm/users/bckwon/projects/QBioCode/.venv/lib/python3.12/site-packages/qiskit/circuit/library/data_preparation/initializer.py", line 76, in __init__
    self._stateprep = StatePreparation(params, num_qubits, normalize=normalize)
                      ^^^^^^^^^^^^^^^^^^^^^^^^^^^^^^^^^^^^^^^^^^^^^^^^^^^^^^^^^
  File "/proj/bmfm/users/bckwon/projects/QBioCode/.venv/lib/python3.12/site-packages/qiskit/circuit/library/data_preparation/state_preparation.py", line 112, in __init__
    num_qubits = self._get_num_qubits(num_qubits, params)
                 ^^^^^^^^^^^^^^^^^^^^^^^^^^^^^^^^^^^^^^^^
  File "/proj/bmfm/users/bckwon/projects/QBioCode/.venv/lib/python3.12/site-packages/qiskit/circuit/library/data_preparation/state_preparation.py", line 199, in _get_num_qubits
    raise QiskitError("Desired statevector length not a positive power of 2.")
qiskit.exceptions.QiskitError: 'Desired statevector length not a positive power of 2.'
"""

The above exception was the direct cause of the following exception:

Traceback (most recent call last):
  File "/proj/bmfm/users/bckwon/projects/QBioCode/qbiocode/apps/qprofiler/qprofiler.py", line 182, in main
    summary.update(model_run(X_train_emb, X_test_emb, y_train, y_test, data_key, args))
                   ^^^^^^^^^^^^^^^^^^^^^^^^^^^^^^^^^^^^^^^^^^^^^^^^^^^^^^^^^^^^^^^^^^^
  File "/proj/bmfm/users/bckwon/projects/QBioCode/qbiocode/evaluation/model_run.py", line 149, in model_run
    results = Parallel(n_jobs=n_jobs)(
              ^^^^^^^^^^^^^^^^^^^^^^^^
  File "/proj/bmfm/users/bckwon/projects/QBioCode/.venv/lib/python3.12/site-packages/joblib/parallel.py", line 2072, in __call__
    return output if self.return_generator else list(output)
                                                ^^^^^^^^^^^^
  File "/proj/bmfm/users/bckwon/projects/QBioCode/.venv/lib/python3.12/site-packages/joblib/parallel.py", line 1682, in _get_outputs
    yield from self._retrieve()
  File "/proj/bmfm/users/bckwon/projects/QBioCode/.venv/lib/python3.12/site-packages/joblib/parallel.py", line 1784, in _retrieve
    self._raise_error_fast()
  File "/proj/bmfm/users/bckwon/projects/QBioCode/.venv/lib/python3.12/site-packages/joblib/parallel.py", line 1859, in _raise_error_fast
    error_job.get_result(self.timeout)
  File "/proj/bmfm/users/bckwon/projects/QBioCode/.venv/lib/python3.12/site-packages/joblib/parallel.py", line 758, in get_result
    return self._return_or_raise()
           ^^^^^^^^^^^^^^^^^^^^^^^
  File "/proj/bmfm/users/bckwon/projects/QBioCode/.venv/lib/python3.12/site-packages/joblib/parallel.py", line 773, in _return_or_raise
    raise self._result
qiskit.exceptions.QiskitError: 'Desired statevector length not a positive power of 2.'

Set the environment variable HYDRA_FULL_ERROR=1 for a complete stack trace.
Error executing job with overrides: []
Error executing job with overrides: []
joblib.externals.loky.process_executor._RemoteTraceback: 
"""
Traceback (most recent call last):
  File "/proj/bmfm/users/bckwon/projects/QBioCode/.venv/lib/python3.12/site-packages/joblib/externals/loky/process_executor.py", line 490, in _process_worker
    r = call_item()
        ^^^^^^^^^^^
  File "/proj/bmfm/users/bckwon/projects/QBioCode/.venv/lib/python3.12/site-packages/joblib/externals/loky/process_executor.py", line 291, in __call__
    return self.fn(*self.args, **self.kwargs)
           ^^^^^^^^^^^^^^^^^^^^^^^^^^^^^^^^^^
  File "/proj/bmfm/users/bckwon/projects/QBioCode/.venv/lib/python3.12/site-packages/joblib/parallel.py", line 607, in __call__
    return [func(*args, **kwargs) for func, args, kwargs in self.items]
            ^^^^^^^^^^^^^^^^^^^^^
  File "/proj/bmfm/users/bckwon/projects/QBioCode/qbiocode/learning/compute_qensemble.py", line 439, in compute_qensemble
    qc = build_ensemble_circuit(X_data, Y_data, x_test_norm,
        ^^^^^^^^^^^^^^^^^^^^^^^^^^^^^^^^^^^^^^^^^^^^^^^^^^^
  File "/proj/bmfm/users/bckwon/projects/QBioCode/qbiocode/learning/compute_qensemble.py", line 179, in build_ensemble_circuit
    qc.initialize(x_test, data_test)
  File "/proj/bmfm/users/bckwon/projects/QBioCode/.venv/lib/python3.12/site-packages/qiskit/circuit/quantumcircuit.py", line 6710, in initialize
    return self.append(Initialize(params, num_qubits, normalize), qubits, copy=False)
                       ^^^^^^^^^^^^^^^^^^^^^^^^^^^^^^^^^^^^^^^^^
  File "/proj/bmfm/users/bckwon/projects/QBioCode/.venv/lib/python3.12/site-packages/qiskit/circuit/library/data_preparation/initializer.py", line 76, in __init__
    self._stateprep = StatePreparation(params, num_qubits, normalize=normalize)
                      ^^^^^^^^^^^^^^^^^^^^^^^^^^^^^^^^^^^^^^^^^^^^^^^^^^^^^^^^^
  File "/proj/bmfm/users/bckwon/projects/QBioCode/.venv/lib/python3.12/site-packages/qiskit/circuit/library/data_preparation/state_preparation.py", line 112, in __init__
    num_qubits = self._get_num_qubits(num_qubits, params)
                 ^^^^^^^^^^^^^^^^^^^^^^^^^^^^^^^^^^^^^^^^
  File "/proj/bmfm/users/bckwon/projects/QBioCode/.venv/lib/python3.12/site-packages/qiskit/circuit/library/data_preparation/state_preparation.py", line 199, in _get_num_qubits
    raise QiskitError("Desired statevector length not a positive power of 2.")
qiskit.exceptions.QiskitError: 'Desired statevector length not a positive power of 2.'
"""

The above exception was the direct cause of the following exception:

Traceback (most recent call last):
  File "/proj/bmfm/users/bckwon/projects/QBioCode/qbiocode/apps/qprofiler/qprofiler.py", line 182, in main
    summary.update(model_run(X_train_emb, X_test_emb, y_train, y_test, data_key, args))
                   ^^^^^^^^^^^^^^^^^^^^^^^^^^^^^^^^^^^^^^^^^^^^^^^^^^^^^^^^^^^^^^^^^^^
  File "/proj/bmfm/users/bckwon/projects/QBioCode/qbiocode/evaluation/model_run.py", line 149, in model_run
    results = Parallel(n_jobs=n_jobs)(
              ^^^^^^^^^^^^^^^^^^^^^^^^
  File "/proj/bmfm/users/bckwon/projects/QBioCode/.venv/lib/python3.12/site-packages/joblib/parallel.py", line 2072, in __call__
    return output if self.return_generator else list(output)
                                                ^^^^^^^^^^^^
  File "/proj/bmfm/users/bckwon/projects/QBioCode/.venv/lib/python3.12/site-packages/joblib/parallel.py", line 1682, in _get_outputs
    yield from self._retrieve()
  File "/proj/bmfm/users/bckwon/projects/QBioCode/.venv/lib/python3.12/site-packages/joblib/parallel.py", line 1784, in _retrieve
    self._raise_error_fast()
  File "/proj/bmfm/users/bckwon/projects/QBioCode/.venv/lib/python3.12/site-packages/joblib/parallel.py", line 1859, in _raise_error_fast
    error_job.get_result(self.timeout)
  File "/proj/bmfm/users/bckwon/projects/QBioCode/.venv/lib/python3.12/site-packages/joblib/parallel.py", line 758, in get_result
    return self._return_or_raise()
           ^^^^^^^^^^^^^^^^^^^^^^^
  File "/proj/bmfm/users/bckwon/projects/QBioCode/.venv/lib/python3.12/site-packages/joblib/parallel.py", line 773, in _return_or_raise
    raise self._result
qiskit.exceptions.QiskitError: 'Desired statevector length not a positive power of 2.'

Set the environment variable HYDRA_FULL_ERROR=1 for a complete stack trace.
joblib.externals.loky.process_executor._RemoteTraceback: 
"""
Traceback (most recent call last):
  File "/proj/bmfm/users/bckwon/projects/QBioCode/.venv/lib/python3.12/site-packages/joblib/externals/loky/process_executor.py", line 490, in _process_worker
    r = call_item()
        ^^^^^^^^^^^
  File "/proj/bmfm/users/bckwon/projects/QBioCode/.venv/lib/python3.12/site-packages/joblib/externals/loky/process_executor.py", line 291, in __call__
    return self.fn(*self.args, **self.kwargs)
           ^^^^^^^^^^^^^^^^^^^^^^^^^^^^^^^^^^
  File "/proj/bmfm/users/bckwon/projects/QBioCode/.venv/lib/python3.12/site-packages/joblib/parallel.py", line 607, in __call__
    return [func(*args, **kwargs) for func, args, kwargs in self.items]
            ^^^^^^^^^^^^^^^^^^^^^
  File "/proj/bmfm/users/bckwon/projects/QBioCode/qbiocode/learning/compute_qensemble.py", line 439, in compute_qensemble
    qc = build_ensemble_circuit(X_data, Y_data, x_test_norm,
        ^^^^^^^^^^^^^^^^^^^^^^^^^^^^^^^^^^^^^^^^^^^^^^^^^^^
  File "/proj/bmfm/users/bckwon/projects/QBioCode/qbiocode/learning/compute_qensemble.py", line 179, in build_ensemble_circuit
    qc.initialize(x_test, data_test)
  File "/proj/bmfm/users/bckwon/projects/QBioCode/.venv/lib/python3.12/site-packages/qiskit/circuit/quantumcircuit.py", line 6710, in initialize
    return self.append(Initialize(params, num_qubits, normalize), qubits, copy=False)
                       ^^^^^^^^^^^^^^^^^^^^^^^^^^^^^^^^^^^^^^^^^
  File "/proj/bmfm/users/bckwon/projects/QBioCode/.venv/lib/python3.12/site-packages/qiskit/circuit/library/data_preparation/initializer.py", line 76, in __init__
    self._stateprep = StatePreparation(params, num_qubits, normalize=normalize)
                      ^^^^^^^^^^^^^^^^^^^^^^^^^^^^^^^^^^^^^^^^^^^^^^^^^^^^^^^^^
  File "/proj/bmfm/users/bckwon/projects/QBioCode/.venv/lib/python3.12/site-packages/qiskit/circuit/library/data_preparation/state_preparation.py", line 112, in __init__
    num_qubits = self._get_num_qubits(num_qubits, params)
                 ^^^^^^^^^^^^^^^^^^^^^^^^^^^^^^^^^^^^^^^^
  File "/proj/bmfm/users/bckwon/projects/QBioCode/.venv/lib/python3.12/site-packages/qiskit/circuit/library/data_preparation/state_preparation.py", line 199, in _get_num_qubits
    raise QiskitError("Desired statevector length not a positive power of 2.")
qiskit.exceptions.QiskitError: 'Desired statevector length not a positive power of 2.'
"""

The above exception was the direct cause of the following exception:

Traceback (most recent call last):
  File "/proj/bmfm/users/bckwon/projects/QBioCode/qbiocode/apps/qprofiler/qprofiler.py", line 182, in main
    summary.update(model_run(X_train_emb, X_test_emb, y_train, y_test, data_key, args))
                   ^^^^^^^^^^^^^^^^^^^^^^^^^^^^^^^^^^^^^^^^^^^^^^^^^^^^^^^^^^^^^^^^^^^
  File "/proj/bmfm/users/bckwon/projects/QBioCode/qbiocode/evaluation/model_run.py", line 149, in model_run
    results = Parallel(n_jobs=n_jobs)(
              ^^^^^^^^^^^^^^^^^^^^^^^^
  File "/proj/bmfm/users/bckwon/projects/QBioCode/.venv/lib/python3.12/site-packages/joblib/parallel.py", line 2072, in __call__
    return output if self.return_generator else list(output)
                                                ^^^^^^^^^^^^
  File "/proj/bmfm/users/bckwon/projects/QBioCode/.venv/lib/python3.12/site-packages/joblib/parallel.py", line 1682, in _get_outputs
    yield from self._retrieve()
  File "/proj/bmfm/users/bckwon/projects/QBioCode/.venv/lib/python3.12/site-packages/joblib/parallel.py", line 1784, in _retrieve
    self._raise_error_fast()
  File "/proj/bmfm/users/bckwon/projects/QBioCode/.venv/lib/python3.12/site-packages/joblib/parallel.py", line 1859, in _raise_error_fast
    error_job.get_result(self.timeout)
  File "/proj/bmfm/users/bckwon/projects/QBioCode/.venv/lib/python3.12/site-packages/joblib/parallel.py", line 758, in get_result
    return self._return_or_raise()
           ^^^^^^^^^^^^^^^^^^^^^^^
  File "/proj/bmfm/users/bckwon/projects/QBioCode/.venv/lib/python3.12/site-packages/joblib/parallel.py", line 773, in _return_or_raise
    raise self._result
qiskit.exceptions.QiskitError: 'Desired statevector length not a positive power of 2.'

Set the environment variable HYDRA_FULL_ERROR=1 for a complete stack trace.
Error executing job with overrides: []
joblib.externals.loky.process_executor._RemoteTraceback: 
"""
Traceback (most recent call last):
  File "/proj/bmfm/users/bckwon/projects/QBioCode/.venv/lib/python3.12/site-packages/joblib/externals/loky/process_executor.py", line 490, in _process_worker
    r = call_item()
        ^^^^^^^^^^^
  File "/proj/bmfm/users/bckwon/projects/QBioCode/.venv/lib/python3.12/site-packages/joblib/externals/loky/process_executor.py", line 291, in __call__
    return self.fn(*self.args, **self.kwargs)
           ^^^^^^^^^^^^^^^^^^^^^^^^^^^^^^^^^^
  File "/proj/bmfm/users/bckwon/projects/QBioCode/.venv/lib/python3.12/site-packages/joblib/parallel.py", line 607, in __call__
    return [func(*args, **kwargs) for func, args, kwargs in self.items]
            ^^^^^^^^^^^^^^^^^^^^^
  File "/proj/bmfm/users/bckwon/projects/QBioCode/qbiocode/learning/compute_pqk.py", line 288, in compute_pqk
    job_result = job.result()
                 ^^^^^^^^^^^^
  File "/proj/bmfm/users/bckwon/projects/QBioCode/.venv/lib/python3.12/site-packages/qiskit/primitives/primitive_job.py", line 65, in result
    self._result = self._future.result()
                   ^^^^^^^^^^^^^^^^^^^^^
  File "/u/bkwon/miniforge/lib/python3.12/concurrent/futures/_base.py", line 456, in result
    return self.__get_result()
           ^^^^^^^^^^^^^^^^^^^
  File "/u/bkwon/miniforge/lib/python3.12/concurrent/futures/_base.py", line 401, in __get_result
    raise self._exception
  File "/u/bkwon/miniforge/lib/python3.12/concurrent/futures/thread.py", line 59, in run
    result = self.fn(*self.args, **self.kwargs)
             ^^^^^^^^^^^^^^^^^^^^^^^^^^^^^^^^^^
  File "/proj/bmfm/users/bckwon/projects/QBioCode/.venv/lib/python3.12/site-packages/qiskit/primitives/statevector_estimator.py", line 147, in _run
    return PrimitiveResult([self._run_pub(pub) for pub in pubs], metadata={"version": 2})
                            ^^^^^^^^^^^^^^^^^^
  File "/proj/bmfm/users/bckwon/projects/QBioCode/.venv/lib/python3.12/site-packages/qiskit/primitives/statevector_estimator.py", line 162, in _run_pub
    final_state = _statevector_from_circuit(bound_circuit, rng)
                  ^^^^^^^^^^^^^^^^^^^^^^^^^^^^^^^^^^^^^^^^^^^^^
  File "/proj/bmfm/users/bckwon/projects/QBioCode/.venv/lib/python3.12/site-packages/qiskit/primitives/utils.py", line 38, in _statevector_from_circuit
    sv = Statevector.from_int(0, 2**circuit.num_qubits)
         ^^^^^^^^^^^^^^^^^^^^^^^^^^^^^^^^^^^^^^^^^^^^^^
  File "/proj/bmfm/users/bckwon/projects/QBioCode/.venv/lib/python3.12/site-packages/qiskit/quantum_info/states/statevector.py", line 751, in from_int
    state = np.zeros(size, dtype=complex)
            ^^^^^^^^^^^^^^^^^^^^^^^^^^^^^
ValueError: Maximum allowed dimension exceeded
"""

The above exception was the direct cause of the following exception:

Traceback (most recent call last):
  File "/proj/bmfm/users/bckwon/projects/QBioCode/qbiocode/apps/qprofiler/qprofiler.py", line 182, in main
    summary.update(model_run(X_train_emb, X_test_emb, y_train, y_test, data_key, args))
                   ^^^^^^^^^^^^^^^^^^^^^^^^^^^^^^^^^^^^^^^^^^^^^^^^^^^^^^^^^^^^^^^^^^^
  File "/proj/bmfm/users/bckwon/projects/QBioCode/qbiocode/evaluation/model_run.py", line 149, in model_run
    results = Parallel(n_jobs=n_jobs)(
              ^^^^^^^^^^^^^^^^^^^^^^^^
  File "/proj/bmfm/users/bckwon/projects/QBioCode/.venv/lib/python3.12/site-packages/joblib/parallel.py", line 2072, in __call__
    return output if self.return_generator else list(output)
                                                ^^^^^^^^^^^^
  File "/proj/bmfm/users/bckwon/projects/QBioCode/.venv/lib/python3.12/site-packages/joblib/parallel.py", line 1682, in _get_outputs
    yield from self._retrieve()
  File "/proj/bmfm/users/bckwon/projects/QBioCode/.venv/lib/python3.12/site-packages/joblib/parallel.py", line 1784, in _retrieve
    self._raise_error_fast()
  File "/proj/bmfm/users/bckwon/projects/QBioCode/.venv/lib/python3.12/site-packages/joblib/parallel.py", line 1859, in _raise_error_fast
    error_job.get_result(self.timeout)
  File "/proj/bmfm/users/bckwon/projects/QBioCode/.venv/lib/python3.12/site-packages/joblib/parallel.py", line 758, in get_result
    return self._return_or_raise()
           ^^^^^^^^^^^^^^^^^^^^^^^
  File "/proj/bmfm/users/bckwon/projects/QBioCode/.venv/lib/python3.12/site-packages/joblib/parallel.py", line 773, in _return_or_raise
    raise self._result
ValueError: Maximum allowed dimension exceeded

Set the environment variable HYDRA_FULL_ERROR=1 for a complete stack trace.

Collecting results...
Warning: Results not found for train.csv
Warning: Results not found for train_qml.csv
Warning: Results not found for valid.csv
Warning: Results not found for test.csv

============================================================
Batch processing complete!
Total run time: 0.02 hours
Results saved to: results/Caco2_Wang_maccs_batch_2026-07-22_04_16_55_393031
============================================================
