======================================================
Job ID       : 32219[3]
Host         : zu-a100-c05-05
Start time   : Wed Jul 22 04:12:55 AM CEST 2026
Endpoint     : Solubility_AqSolDB
Featurizer   : ecfp4
Input dir    : /proj/bmfm/users/bckwon/projects/QBioCode/data/admet/Solubility_AqSolDB/ecfp4
======================================================
2026-07-22 04:13:07.977692: I tensorflow/core/platform/cpu_feature_guard.cc:210] This TensorFlow binary is optimized to use available CPU instructions in performance-critical operations.
To enable the following instructions: AVX2 FMA, in other operations, rebuild TensorFlow with the appropriate compiler flags.
2026-07-22 04:13:09.498672: I external/local_xla/xla/tsl/cuda/cudart_stub.cc:31] Could not find cuda drivers on your machine, GPU will not be used.
QProfiler Batch Mode
============================================================
Input directory: /proj/bmfm/users/bckwon/projects/QBioCode/data/admet/Solubility_AqSolDB/ecfp4
Config file: /proj/bmfm/users/bckwon/projects/QBioCode/qbiocode/apps/qprofiler/configs/admet_config.yaml
Data type: Solubility_AqSolDB_ecfp4
Parallel jobs: 10
Output timestamp: 2026-07-22_02_13_11_677007
============================================================
2026-07-22 04:13:26.603797: I tensorflow/core/platform/cpu_feature_guard.cc:210] This TensorFlow binary is optimized to use available CPU instructions in performance-critical operations.
To enable the following instructions: AVX2 FMA, in other operations, rebuild TensorFlow with the appropriate compiler flags.
2026-07-22 04:13:26.622391: I tensorflow/core/platform/cpu_feature_guard.cc:210] This TensorFlow binary is optimized to use available CPU instructions in performance-critical operations.
To enable the following instructions: AVX2 FMA, in other operations, rebuild TensorFlow with the appropriate compiler flags.
2026-07-22 04:13:26.703761: I tensorflow/core/platform/cpu_feature_guard.cc:210] This TensorFlow binary is optimized to use available CPU instructions in performance-critical operations.
To enable the following instructions: AVX2 FMA, in other operations, rebuild TensorFlow with the appropriate compiler flags.
2026-07-22 04:13:27.117853: I tensorflow/core/platform/cpu_feature_guard.cc:210] This TensorFlow binary is optimized to use available CPU instructions in performance-critical operations.
To enable the following instructions: AVX2 FMA, in other operations, rebuild TensorFlow with the appropriate compiler flags.
2026-07-22 04:13:28.101787: I external/local_xla/xla/tsl/cuda/cudart_stub.cc:31] Could not find cuda drivers on your machine, GPU will not be used.
2026-07-22 04:13:28.104981: I external/local_xla/xla/tsl/cuda/cudart_stub.cc:31] Could not find cuda drivers on your machine, GPU will not be used.
2026-07-22 04:13:28.252105: I external/local_xla/xla/tsl/cuda/cudart_stub.cc:31] Could not find cuda drivers on your machine, GPU will not be used.
2026-07-22 04:13:28.789292: I external/local_xla/xla/tsl/cuda/cudart_stub.cc:31] Could not find cuda drivers on your machine, GPU will not be used.
2026-07-22 04:13:43.034824: I tensorflow/core/platform/cpu_feature_guard.cc:210] This TensorFlow binary is optimized to use available CPU instructions in performance-critical operations.
To enable the following instructions: AVX2 FMA, in other operations, rebuild TensorFlow with the appropriate compiler flags.
2026-07-22 04:13:43.034913: I tensorflow/core/platform/cpu_feature_guard.cc:210] This TensorFlow binary is optimized to use available CPU instructions in performance-critical operations.
To enable the following instructions: AVX2 FMA, in other operations, rebuild TensorFlow with the appropriate compiler flags.
2026-07-22 04:13:43.042994: I tensorflow/core/platform/cpu_feature_guard.cc:210] This TensorFlow binary is optimized to use available CPU instructions in performance-critical operations.
To enable the following instructions: AVX2 FMA, in other operations, rebuild TensorFlow with the appropriate compiler flags.
2026-07-22 04:13:43.367354: I tensorflow/core/platform/cpu_feature_guard.cc:210] This TensorFlow binary is optimized to use available CPU instructions in performance-critical operations.
To enable the following instructions: AVX2 FMA, in other operations, rebuild TensorFlow with the appropriate compiler flags.
2026-07-22 04:13:44.533193: I external/local_xla/xla/tsl/cuda/cudart_stub.cc:31] Could not find cuda drivers on your machine, GPU will not be used.
2026-07-22 04:13:44.582680: I external/local_xla/xla/tsl/cuda/cudart_stub.cc:31] Could not find cuda drivers on your machine, GPU will not be used.
2026-07-22 04:13:44.609562: I external/local_xla/xla/tsl/cuda/cudart_stub.cc:31] Could not find cuda drivers on your machine, GPU will not be used.
2026-07-22 04:13:44.856885: I external/local_xla/xla/tsl/cuda/cudart_stub.cc:31] Could not find cuda drivers on your machine, GPU will not be used.
[2026-07-22 04:13:47,465][qbiocode.apps.qprofiler.qprofiler][INFO] - Main program initiated
[2026-07-22 04:13:47,466][qbiocode.apps.qprofiler.qprofiler][INFO] - The number of ML methods being parallelized is 10
[2026-07-22 04:13:47,466][qbiocode.apps.qprofiler.qprofiler][INFO] - Chosen backend for quantum algorithms is: simulator
[2026-07-22 04:13:47,466][qbiocode.apps.qprofiler.qprofiler][INFO] - 
The total run time of program is: 
0.0011696815490722656
[2026-07-22 04:13:47,490][qbiocode.apps.qprofiler.qprofiler][INFO] - Main program initiated
[2026-07-22 04:13:47,490][qbiocode.apps.qprofiler.qprofiler][INFO] - The number of ML methods being parallelized is 10
[2026-07-22 04:13:47,490][qbiocode.apps.qprofiler.qprofiler][INFO] - Chosen backend for quantum algorithms is: simulator
[2026-07-22 04:13:47,491][qbiocode.apps.qprofiler.qprofiler][INFO] - 
The total run time of program is: 
0.0007042884826660156
[2026-07-22 04:13:47,534][qbiocode.apps.qprofiler.qprofiler][INFO] - Main program initiated
[2026-07-22 04:13:47,534][qbiocode.apps.qprofiler.qprofiler][INFO] - The number of ML methods being parallelized is 10
[2026-07-22 04:13:47,535][qbiocode.apps.qprofiler.qprofiler][INFO] - Chosen backend for quantum algorithms is: simulator
[2026-07-22 04:13:47,535][qbiocode.apps.qprofiler.qprofiler][INFO] - 
The total run time of program is: 
0.0007498264312744141
[2026-07-22 04:13:47,631][qbiocode.apps.qprofiler.qprofiler][INFO] - Main program initiated
[2026-07-22 04:13:47,632][qbiocode.apps.qprofiler.qprofiler][INFO] - The number of ML methods being parallelized is 10
[2026-07-22 04:13:47,632][qbiocode.apps.qprofiler.qprofiler][INFO] - Chosen backend for quantum algorithms is: simulator
[2026-07-22 04:13:47,632][qbiocode.apps.qprofiler.qprofiler][INFO] - 
The total run time of program is: 
0.0007009506225585938

Collecting results...
Warning: Results not found for train.csv
Warning: Results not found for train_qml.csv
Warning: Results not found for valid.csv
Warning: Results not found for test.csv

============================================================
Batch processing complete!
Total run time: 0.01 hours
Results saved to: results/Solubility_AqSolDB_ecfp4_batch_2026-07-22_02_13_11_677007
============================================================

======================================================
End time  : Wed Jul 22 04:13:51 AM CEST 2026
Exit code : 0
======================================================

------------------------------------------------------------
Sender: LSF System <lsfadmin@zu-a100-c05-05.zuvela.ibm.com>
Subject: Job 32219[3]: <admet_qprofiler_retry[1-40]> in cluster <ZuVela_FP15> Done

Job <admet_qprofiler_retry[1-40]> was submitted from host <zu-login-02> by user <bkwon> in cluster <ZuVela_FP15> at Wed Jul 22 04:11:18 2026
Job was executed on host(s) <6*zu-a100-c05-05>, in queue <normal>, as user <bkwon> in cluster <ZuVela_FP15> at Wed Jul 22 04:12:54 2026
</u/bkwon> was used as the home directory.
</proj/bmfm/users/bckwon/projects/QBioCode> was used as the working directory.
Started at Wed Jul 22 04:12:54 2026
Terminated at Wed Jul 22 04:13:51 2026
Results reported at Wed Jul 22 04:13:51 2026

Your job looked like:

------------------------------------------------------------
# LSBATCH: User input
#!/usr/bin/env bash
#==============================================================================
# LSF Job Array: QProfiler Retry — 40 missing endpoint × featurizer tasks
#
# Auto-generated to cover tasks not completed by the original array (32033).
# The TASKS array below maps LSF index [1-40] directly to the missing pairs.
#
# Submit from repo root:
#   bsub < experiments/admet_benchmark/lsf/job_02_qprofiler_retry.sh
#==============================================================================

#BSUB -J admet_qprofiler_retry[1-40]
#BSUB -q normal
#BSUB -n 6
#BSUB -R "span[hosts=1]"
#BSUB -R "rusage[mem=16000]"
#BSUB -gpu "num=1:mode=exclusive_process:j_exclusive=yes"
#BSUB -W 04:00
#BSUB -o logs/admet/qprofiler_%I_%J.out
#BSUB -e logs/admet/qprofiler_%I_%J.err
#BSUB -cwd /proj/bmfm/users/bckwon/projects/QBioCode

set -euo pipefail

REPO_ROOT="/proj/bmfm/users/bckwon/projects/QBioCode"
PYTHON="${REPO_ROOT}/.venv/bin/python"
LOG_DIR="${REPO_ROOT}/logs/admet"
DATA_DIR="${REPO_ROOT}/data/admet"
CONFIG="${REPO_ROOT}/qbiocode/apps/qprofiler/configs/admet_config.yaml"

mkdir -p "${LOG_DIR}"

# Explicit list of the 40 missing (endpoint:::featurizer) pairs — 1-based index
TASKS=(
    ""                                                    # index 0 unused (LSF is 1-based)
    "HIA_Hou:::maccs"                                     #  1
    "Lipophilicity_AstraZeneca:::rdkit200"                #  2
    "Solubility_AqSolDB:::ecfp4"                          #  3
    "Solubility_AqSolDB:::maccs"                          #  4
    "Solubility_AqSolDB:::rdkit200"                       #  5
    "BBB_Martins:::ecfp4"                                 #  6
    "BBB_Martins:::rdkit200"                              #  7
    "PPBR_AstraZeneca:::ecfp4"                            #  8
    "PPBR_AstraZeneca:::maccs"                            #  9
    "PPBR_AstraZeneca:::rdkit200"                         # 10
    "VDss_Lombardo:::ecfp4"                               # 11
    "VDss_Lombardo:::maccs"                               # 12
    "VDss_Lombardo:::rdkit200"                            # 13
    "CYP2C19_Veith:::ecfp4"                               # 14
    "CYP2C19_Veith:::maccs"                               # 15

(... more ...)
------------------------------------------------------------

Successfully completed.

Resource usage summary:

    CPU time :                                   238.00 sec.
    Max Memory :                                 6894 MB
    Average Memory :                             3826.10 MB
    Total Requested Memory :                     16000.00 MB
    Delta Memory :                               9106.00 MB
    Max Swap :                                   -
    Max Processes :                              21
    Max Threads :                                750
    Run time :                                   57 sec.
    Turnaround time :                            153 sec.

The output (if any) is above this job summary.



PS:

Read file <logs/admet/qprofiler_3_32219.err> for stderr output of this job.

