======================================================
Job ID       : 32219[6]
Host         : zu-a100-c05-05
Start time   : Wed Jul 22 04:13:53 AM CEST 2026
Endpoint     : BBB_Martins
Featurizer   : ecfp4
Input dir    : /proj/bmfm/users/bckwon/projects/QBioCode/data/admet/BBB_Martins/ecfp4
======================================================
2026-07-22 04:14:05.575633: I tensorflow/core/platform/cpu_feature_guard.cc:210] This TensorFlow binary is optimized to use available CPU instructions in performance-critical operations.
To enable the following instructions: AVX2 FMA, in other operations, rebuild TensorFlow with the appropriate compiler flags.
2026-07-22 04:14:07.033583: I external/local_xla/xla/tsl/cuda/cudart_stub.cc:31] Could not find cuda drivers on your machine, GPU will not be used.
QProfiler Batch Mode
============================================================
Input directory: /proj/bmfm/users/bckwon/projects/QBioCode/data/admet/BBB_Martins/ecfp4
Config file: /proj/bmfm/users/bckwon/projects/QBioCode/qbiocode/apps/qprofiler/configs/admet_config.yaml
Data type: BBB_Martins_ecfp4
Parallel jobs: 10
Output timestamp: 2026-07-22_02_14_09_167072
============================================================
2026-07-22 04:14:24.055193: I tensorflow/core/platform/cpu_feature_guard.cc:210] This TensorFlow binary is optimized to use available CPU instructions in performance-critical operations.
To enable the following instructions: AVX2 FMA, in other operations, rebuild TensorFlow with the appropriate compiler flags.
2026-07-22 04:14:24.163691: I tensorflow/core/platform/cpu_feature_guard.cc:210] This TensorFlow binary is optimized to use available CPU instructions in performance-critical operations.
To enable the following instructions: AVX2 FMA, in other operations, rebuild TensorFlow with the appropriate compiler flags.
2026-07-22 04:14:24.186671: I tensorflow/core/platform/cpu_feature_guard.cc:210] This TensorFlow binary is optimized to use available CPU instructions in performance-critical operations.
To enable the following instructions: AVX2 FMA, in other operations, rebuild TensorFlow with the appropriate compiler flags.
2026-07-22 04:14:24.226557: I tensorflow/core/platform/cpu_feature_guard.cc:210] This TensorFlow binary is optimized to use available CPU instructions in performance-critical operations.
To enable the following instructions: AVX2 FMA, in other operations, rebuild TensorFlow with the appropriate compiler flags.
2026-07-22 04:14:25.528642: I external/local_xla/xla/tsl/cuda/cudart_stub.cc:31] Could not find cuda drivers on your machine, GPU will not be used.
2026-07-22 04:14:25.690931: I external/local_xla/xla/tsl/cuda/cudart_stub.cc:31] Could not find cuda drivers on your machine, GPU will not be used.
2026-07-22 04:14:25.743977: I external/local_xla/xla/tsl/cuda/cudart_stub.cc:31] Could not find cuda drivers on your machine, GPU will not be used.
2026-07-22 04:14:25.757552: I external/local_xla/xla/tsl/cuda/cudart_stub.cc:31] Could not find cuda drivers on your machine, GPU will not be used.
2026-07-22 04:14:40.059983: I tensorflow/core/platform/cpu_feature_guard.cc:210] This TensorFlow binary is optimized to use available CPU instructions in performance-critical operations.
To enable the following instructions: AVX2 FMA, in other operations, rebuild TensorFlow with the appropriate compiler flags.
2026-07-22 04:14:40.369868: I tensorflow/core/platform/cpu_feature_guard.cc:210] This TensorFlow binary is optimized to use available CPU instructions in performance-critical operations.
To enable the following instructions: AVX2 FMA, in other operations, rebuild TensorFlow with the appropriate compiler flags.
2026-07-22 04:14:40.439719: I tensorflow/core/platform/cpu_feature_guard.cc:210] This TensorFlow binary is optimized to use available CPU instructions in performance-critical operations.
To enable the following instructions: AVX2 FMA, in other operations, rebuild TensorFlow with the appropriate compiler flags.
2026-07-22 04:14:40.445479: I tensorflow/core/platform/cpu_feature_guard.cc:210] This TensorFlow binary is optimized to use available CPU instructions in performance-critical operations.
To enable the following instructions: AVX2 FMA, in other operations, rebuild TensorFlow with the appropriate compiler flags.
2026-07-22 04:14:41.523878: I external/local_xla/xla/tsl/cuda/cudart_stub.cc:31] Could not find cuda drivers on your machine, GPU will not be used.
2026-07-22 04:14:41.848390: I external/local_xla/xla/tsl/cuda/cudart_stub.cc:31] Could not find cuda drivers on your machine, GPU will not be used.
2026-07-22 04:14:41.961572: I external/local_xla/xla/tsl/cuda/cudart_stub.cc:31] Could not find cuda drivers on your machine, GPU will not be used.
2026-07-22 04:14:41.973333: I external/local_xla/xla/tsl/cuda/cudart_stub.cc:31] Could not find cuda drivers on your machine, GPU will not be used.
[2026-07-22 04:14:44,260][qbiocode.apps.qprofiler.qprofiler][INFO] - Main program initiated
[2026-07-22 04:14:44,260][qbiocode.apps.qprofiler.qprofiler][INFO] - The number of ML methods being parallelized is 10
[2026-07-22 04:14:44,260][qbiocode.apps.qprofiler.qprofiler][INFO] - Chosen backend for quantum algorithms is: simulator
[2026-07-22 04:14:44,261][qbiocode.apps.qprofiler.qprofiler][INFO] - 
The total run time of program is: 
0.0007107257843017578
[2026-07-22 04:14:44,809][qbiocode.apps.qprofiler.qprofiler][INFO] - Main program initiated
[2026-07-22 04:14:44,812][qbiocode.apps.qprofiler.qprofiler][INFO] - The number of ML methods being parallelized is 10
[2026-07-22 04:14:44,812][qbiocode.apps.qprofiler.qprofiler][INFO] - Chosen backend for quantum algorithms is: simulator
[2026-07-22 04:14:44,812][qbiocode.apps.qprofiler.qprofiler][INFO] - 
The total run time of program is: 
0.0027799606323242188
[2026-07-22 04:14:44,866][qbiocode.apps.qprofiler.qprofiler][INFO] - Main program initiated
[2026-07-22 04:14:44,868][qbiocode.apps.qprofiler.qprofiler][INFO] - The number of ML methods being parallelized is 10
[2026-07-22 04:14:44,869][qbiocode.apps.qprofiler.qprofiler][INFO] - Chosen backend for quantum algorithms is: simulator
[2026-07-22 04:14:44,869][qbiocode.apps.qprofiler.qprofiler][INFO] - Main program initiated
[2026-07-22 04:14:44,869][qbiocode.apps.qprofiler.qprofiler][INFO] - 
The total run time of program is: 
0.0027060508728027344
[2026-07-22 04:14:44,871][qbiocode.apps.qprofiler.qprofiler][INFO] - The number of ML methods being parallelized is 10
[2026-07-22 04:14:44,871][qbiocode.apps.qprofiler.qprofiler][INFO] - Chosen backend for quantum algorithms is: simulator
[2026-07-22 04:14:44,871][qbiocode.apps.qprofiler.qprofiler][INFO] - 
The total run time of program is: 
0.0024967193603515625

Collecting results...
Warning: Results not found for train.csv
Warning: Results not found for train_qml.csv
Warning: Results not found for valid.csv
Warning: Results not found for test.csv

============================================================
Batch processing complete!
Total run time: 0.01 hours
Results saved to: results/BBB_Martins_ecfp4_batch_2026-07-22_02_14_09_167072
============================================================

======================================================
End time  : Wed Jul 22 04:14:48 AM CEST 2026
Exit code : 0
======================================================

------------------------------------------------------------
Sender: LSF System <lsfadmin@zu-a100-c05-05.zuvela.ibm.com>
Subject: Job 32219[6]: <admet_qprofiler_retry[1-40]> in cluster <ZuVela_FP15> Done

Job <admet_qprofiler_retry[1-40]> was submitted from host <zu-login-02> by user <bkwon> in cluster <ZuVela_FP15> at Wed Jul 22 04:11:18 2026
Job was executed on host(s) <6*zu-a100-c05-05>, in queue <normal>, as user <bkwon> in cluster <ZuVela_FP15> at Wed Jul 22 04:13:51 2026
</u/bkwon> was used as the home directory.
</proj/bmfm/users/bckwon/projects/QBioCode> was used as the working directory.
Started at Wed Jul 22 04:13:51 2026
Terminated at Wed Jul 22 04:14:49 2026
Results reported at Wed Jul 22 04:14:49 2026

Your job looked like:

------------------------------------------------------------
# LSBATCH: User input
#!/usr/bin/env bash
#==============================================================================
# LSF Job Array: QProfiler Retry — 40 missing endpoint × featurizer tasks
#
# Auto-generated to cover tasks not completed by the original array (32033).
# The TASKS array below maps LSF index [1-40] directly to the missing pairs.
#
# Submit from repo root:
#   bsub < experiments/admet_benchmark/lsf/job_02_qprofiler_retry.sh
#==============================================================================

#BSUB -J admet_qprofiler_retry[1-40]
#BSUB -q normal
#BSUB -n 6
#BSUB -R "span[hosts=1]"
#BSUB -R "rusage[mem=16000]"
#BSUB -gpu "num=1:mode=exclusive_process:j_exclusive=yes"
#BSUB -W 04:00
#BSUB -o logs/admet/qprofiler_%I_%J.out
#BSUB -e logs/admet/qprofiler_%I_%J.err
#BSUB -cwd /proj/bmfm/users/bckwon/projects/QBioCode

set -euo pipefail

REPO_ROOT="/proj/bmfm/users/bckwon/projects/QBioCode"
PYTHON="${REPO_ROOT}/.venv/bin/python"
LOG_DIR="${REPO_ROOT}/logs/admet"
DATA_DIR="${REPO_ROOT}/data/admet"
CONFIG="${REPO_ROOT}/qbiocode/apps/qprofiler/configs/admet_config.yaml"

mkdir -p "${LOG_DIR}"

# Explicit list of the 40 missing (endpoint:::featurizer) pairs — 1-based index
TASKS=(
    ""                                                    # index 0 unused (LSF is 1-based)
    "HIA_Hou:::maccs"                                     #  1
    "Lipophilicity_AstraZeneca:::rdkit200"                #  2
    "Solubility_AqSolDB:::ecfp4"                          #  3
    "Solubility_AqSolDB:::maccs"                          #  4
    "Solubility_AqSolDB:::rdkit200"                       #  5
    "BBB_Martins:::ecfp4"                                 #  6
    "BBB_Martins:::rdkit200"                              #  7
    "PPBR_AstraZeneca:::ecfp4"                            #  8
    "PPBR_AstraZeneca:::maccs"                            #  9
    "PPBR_AstraZeneca:::rdkit200"                         # 10
    "VDss_Lombardo:::ecfp4"                               # 11
    "VDss_Lombardo:::maccs"                               # 12
    "VDss_Lombardo:::rdkit200"                            # 13
    "CYP2C19_Veith:::ecfp4"                               # 14
    "CYP2C19_Veith:::maccs"                               # 15

(... more ...)
------------------------------------------------------------

Successfully completed.

Resource usage summary:

    CPU time :                                   241.00 sec.
    Max Memory :                                 6946 MB
    Average Memory :                             3522.44 MB
    Total Requested Memory :                     16000.00 MB
    Delta Memory :                               9054.00 MB
    Max Swap :                                   -
    Max Processes :                              21
    Max Threads :                                750
    Run time :                                   52 sec.
    Turnaround time :                            211 sec.

The output (if any) is above this job summary.



PS:

Read file <logs/admet/qprofiler_6_32219.err> for stderr output of this job.

