======================================================
Job ID     : 32220
Host       : zu-a100-c05-02
Start time : Wed Jul 22 05:14:27 AM CEST 2026
======================================================
05:14:27 [INFO] __main__ — ============================================================
05:14:27 [INFO] __main__ — QBioCode-ADMET: QSage Training
05:14:27 [INFO] __main__ — ============================================================
Traceback (most recent call last):
  File "/proj/bmfm/users/bckwon/projects/QBioCode/experiments/admet_benchmark/03_train_qsage_admet.py", line 218, in <module>
    main()
  File "/proj/bmfm/users/bckwon/projects/QBioCode/experiments/admet_benchmark/03_train_qsage_admet.py", line 142, in main
    model_df, eval_df = collect_results(args.results_dir)
                        ^^^^^^^^^^^^^^^^^^^^^^^^^^^^^^^^^
  File "/proj/bmfm/users/bckwon/projects/QBioCode/experiments/admet_benchmark/03_train_qsage_admet.py", line 83, in collect_results
    raise FileNotFoundError(
FileNotFoundError: No ModelResults.csv files found under results/admet_benchmark. Run 02_run_qprofiler_admet.sh first.

------------------------------------------------------------
Sender: LSF System <lsfadmin@zu-a100-c05-02.zuvela.ibm.com>
Subject: Job 32220: <admet_qsage> in cluster <ZuVela_FP15> Exited

Job <admet_qsage> was submitted from host <zu-login-02> by user <bkwon> in cluster <ZuVela_FP15> at Wed Jul 22 04:11:32 2026
Job was executed on host(s) <4*zu-a100-c05-02>, in queue <normal>, as user <bkwon> in cluster <ZuVela_FP15> at Wed Jul 22 05:14:25 2026
</u/bkwon> was used as the home directory.
</proj/bmfm/users/bckwon/projects/QBioCode> was used as the working directory.
Started at Wed Jul 22 05:14:25 2026
Terminated at Wed Jul 22 05:14:27 2026
Results reported at Wed Jul 22 05:14:27 2026

Your job looked like:

------------------------------------------------------------
# LSBATCH: User input
#!/usr/bin/env bash
#==============================================================================
# LSF Job: Phase 5a — QSage Training
#
# Compiles all QProfiler results from the sweep and trains a QSage
# meta-model (XGBoost-Optuna) with SHAP analysis.
#
# Run AFTER job_02_qprofiler_array.sh completes.
#
# Submit from repo root:
#   bsub < experiments/admet_benchmark/lsf/job_03_qsage.sh
#
# Estimated wall time: ~2 h (Optuna 200 trials × all model combinations)
#==============================================================================

#BSUB -J admet_qsage
#BSUB -q normal
#BSUB -n 4
#BSUB -R "span[hosts=1]"
#BSUB -R "rusage[mem=8000]"
#BSUB -W 04:00
#BSUB -o logs/admet/qsage_%J.out
#BSUB -e logs/admet/qsage_%J.err
#BSUB -cwd /proj/bmfm/users/bckwon/projects/QBioCode

set -euo pipefail

REPO_ROOT="/proj/bmfm/users/bckwon/projects/QBioCode"
PYTHON="${REPO_ROOT}/.venv/bin/python"
LOG_DIR="${REPO_ROOT}/logs/admet"

mkdir -p "${LOG_DIR}"

echo "======================================================"
echo "Job ID     : ${LSB_JOBID:-local}"
echo "Host       : $(hostname)"
echo "Start time : $(date)"
echo "======================================================"

cd "${REPO_ROOT}"

${PYTHON} experiments/admet_benchmark/03_train_qsage_admet.py \
    --results-dir   results/admet_benchmark \
    --output-dir    results/admet_benchmark/sage \
    --sage-type     xgboost_optuna \
    --n-iter        200 \
    --cv            10 \
    --test-size     0.2 \
    --seed          42 \
    2>&1 | tee "${LOG_DIR}/qsage_${LSB_JOBID:-local}.log"

(... more ...)
------------------------------------------------------------

Exited with exit code 1.

Resource usage summary:

    CPU time :                                   8.21 sec.
    Max Memory :                                 2 MB
    Average Memory :                             1.67 MB
    Total Requested Memory :                     8000.00 MB
    Delta Memory :                               7998.00 MB
    Max Swap :                                   -
    Max Processes :                              1
    Max Threads :                                2
    Run time :                                   2 sec.
    Turnaround time :                            3775 sec.

The output (if any) is above this job summary.



PS:

Read file <logs/admet/qsage_32220.err> for stderr output of this job.

